Archive member included to satisfy reference by file (symbol)

d:/nxp/mcuxpressoide_10.1.1_606/ide/tools/bin/../lib/gcc/arm-none-eabi/6.3.1/../../../../arm-none-eabi/lib/thumb/v7e-m/fpv4-sp/hard\libcr_semihost_nf.a(_cr__main.o)
                              ./startup/startup_mk64f12.o (__main)
d:/nxp/mcuxpressoide_10.1.1_606/ide/tools/bin/../lib/gcc/arm-none-eabi/6.3.1/../../../../arm-none-eabi/lib/thumb/v7e-m/fpv4-sp/hard\libcr_semihost_nf.a(_cr_assert.o)
                              ./utilities/fsl_debug_console.o (__assertion_failed)
d:/nxp/mcuxpressoide_10.1.1_606/ide/tools/bin/../lib/gcc/arm-none-eabi/6.3.1/../../../../arm-none-eabi/lib/thumb/v7e-m/fpv4-sp/hard\libcr_semihost_nf.a(__ciob.o)
                              d:/nxp/mcuxpressoide_10.1.1_606/ide/tools/bin/../lib/gcc/arm-none-eabi/6.3.1/../../../../arm-none-eabi/lib/thumb/v7e-m/fpv4-sp/hard\libcr_semihost_nf.a(_cr_assert.o) (__Ciob)
d:/nxp/mcuxpressoide_10.1.1_606/ide/tools/bin/../lib/gcc/arm-none-eabi/6.3.1/../../../../arm-none-eabi/lib/thumb/v7e-m/fpv4-sp/hard\libcr_semihost_nf.a(__sys_appexit.o)
                              d:/nxp/mcuxpressoide_10.1.1_606/ide/tools/bin/../lib/gcc/arm-none-eabi/6.3.1/../../../../arm-none-eabi/lib/thumb/v7e-m/fpv4-sp/hard\libcr_semihost_nf.a(_cr_assert.o) (__sys_appexit)
d:/nxp/mcuxpressoide_10.1.1_606/ide/tools/bin/../lib/gcc/arm-none-eabi/6.3.1/../../../../arm-none-eabi/lib/thumb/v7e-m/fpv4-sp/hard\libcr_c.a(memcpy.o)
                              ./freertos/source/queue.o (memcpy)
d:/nxp/mcuxpressoide_10.1.1_606/ide/tools/bin/../lib/gcc/arm-none-eabi/6.3.1/../../../../arm-none-eabi/lib/thumb/v7e-m/fpv4-sp/hard\libcr_c.a(memset.o)
                              ./freertos/source/tasks.o (memset)
d:/nxp/mcuxpressoide_10.1.1_606/ide/tools/bin/../lib/gcc/arm-none-eabi/6.3.1/../../../../arm-none-eabi/lib/thumb/v7e-m/fpv4-sp/hard\libcr_c.a(_deferredlazyseek.o)
                              d:/nxp/mcuxpressoide_10.1.1_606/ide/tools/bin/../lib/gcc/arm-none-eabi/6.3.1/../../../../arm-none-eabi/lib/thumb/v7e-m/fpv4-sp/hard\libcr_semihost_nf.a(_cr_assert.o) (__flsbuf)
d:/nxp/mcuxpressoide_10.1.1_606/ide/tools/bin/../lib/gcc/arm-none-eabi/6.3.1/../../../../arm-none-eabi/lib/thumb/v7e-m/fpv4-sp/hard\libcr_c.a(_fflush.o)
                              d:/nxp/mcuxpressoide_10.1.1_606/ide/tools/bin/../lib/gcc/arm-none-eabi/6.3.1/../../../../arm-none-eabi/lib/thumb/v7e-m/fpv4-sp/hard\libcr_c.a(_deferredlazyseek.o) (_fflush)
d:/nxp/mcuxpressoide_10.1.1_606/ide/tools/bin/../lib/gcc/arm-none-eabi/6.3.1/../../../../arm-none-eabi/lib/thumb/v7e-m/fpv4-sp/hard\libcr_c.a(_writebuf.o)
                              d:/nxp/mcuxpressoide_10.1.1_606/ide/tools/bin/../lib/gcc/arm-none-eabi/6.3.1/../../../../arm-none-eabi/lib/thumb/v7e-m/fpv4-sp/hard\libcr_c.a(_deferredlazyseek.o) (_Cwritebuf)
d:/nxp/mcuxpressoide_10.1.1_606/ide/tools/bin/../lib/gcc/arm-none-eabi/6.3.1/../../../../arm-none-eabi/lib/thumb/v7e-m/fpv4-sp/hard\libcr_c.a(alloc.o)
                              d:/nxp/mcuxpressoide_10.1.1_606/ide/tools/bin/../lib/gcc/arm-none-eabi/6.3.1/../../../../arm-none-eabi/lib/thumb/v7e-m/fpv4-sp/hard\libcr_c.a(_deferredlazyseek.o) (_Csys_alloc)
d:/nxp/mcuxpressoide_10.1.1_606/ide/tools/bin/../lib/gcc/arm-none-eabi/6.3.1/../../../../arm-none-eabi/lib/thumb/v7e-m/fpv4-sp/hard\libcr_c.a(fputs.o)
                              d:/nxp/mcuxpressoide_10.1.1_606/ide/tools/bin/../lib/gcc/arm-none-eabi/6.3.1/../../../../arm-none-eabi/lib/thumb/v7e-m/fpv4-sp/hard\libcr_semihost_nf.a(_cr_assert.o) (fputs)
d:/nxp/mcuxpressoide_10.1.1_606/ide/tools/bin/../lib/gcc/arm-none-eabi/6.3.1/../../../../arm-none-eabi/lib/thumb/v7e-m/fpv4-sp/hard\libcr_c.a(fseek.o)
                              d:/nxp/mcuxpressoide_10.1.1_606/ide/tools/bin/../lib/gcc/arm-none-eabi/6.3.1/../../../../arm-none-eabi/lib/thumb/v7e-m/fpv4-sp/hard\libcr_c.a(_deferredlazyseek.o) (fseek)
d:/nxp/mcuxpressoide_10.1.1_606/ide/tools/bin/../lib/gcc/arm-none-eabi/6.3.1/../../../../arm-none-eabi/lib/thumb/v7e-m/fpv4-sp/hard\libcr_c.a(ftell.o)
                              d:/nxp/mcuxpressoide_10.1.1_606/ide/tools/bin/../lib/gcc/arm-none-eabi/6.3.1/../../../../arm-none-eabi/lib/thumb/v7e-m/fpv4-sp/hard\libcr_c.a(fseek.o) (ftell)
d:/nxp/mcuxpressoide_10.1.1_606/ide/tools/bin/../lib/gcc/arm-none-eabi/6.3.1/../../../../arm-none-eabi/lib/thumb/v7e-m/fpv4-sp/hard\libcr_c.a(initio.o)
                              d:/nxp/mcuxpressoide_10.1.1_606/ide/tools/bin/../lib/gcc/arm-none-eabi/6.3.1/../../../../arm-none-eabi/lib/thumb/v7e-m/fpv4-sp/hard\libcr_semihost_nf.a(_cr__main.o) (_initio)
d:/nxp/mcuxpressoide_10.1.1_606/ide/tools/bin/../lib/gcc/arm-none-eabi/6.3.1/../../../../arm-none-eabi/lib/thumb/v7e-m/fpv4-sp/hard\libcr_c.a(printf.o)
                              ./source/canrx_task.o (_printf)
d:/nxp/mcuxpressoide_10.1.1_606/ide/tools/bin/../lib/gcc/arm-none-eabi/6.3.1/../../../../arm-none-eabi/lib/thumb/v7e-m/fpv4-sp/hard\libcr_c.a(setvbuf.o)
[...]
Memory Configuration

Name             Origin             Length             Attributes
PROGRAM_FLASH    0x00000000         0x00100000         xr
SRAM_UPPER       0x20000000         0x00030000         xrw
SRAM_LOWER       0x1fff0000         0x00010000         xrw
FLEX_RAM         0x14000000         0x00001000         xrw
*default*        0x00000000         0xffffffff

Linker script and memory map

LOAD ./utilities/fsl_debug_console.o
LOAD ./utilities/fsl_io.o
LOAD ./utilities/fsl_log.o
LOAD ./utilities/fsl_str.o
LOAD ./startup/startup_mk64f12.o
LOAD ./source/can_api.o
LOAD ./source/can_driver.o
LOAD ./source/canrx_task.o
LOAD ./source/dac_driver.o
LOAD ./source/dac_task.o
LOAD ./source/main.o
LOAD ./source/semihost_hardfault.o
LOAD ./source/sensors.o
LOAD ./freertos/source/croutine.o
LOAD ./freertos/source/event_groups.o
LOAD ./freertos/source/list.o
LOAD ./freertos/source/queue.o
LOAD ./freertos/source/tasks.o
LOAD ./freertos/source/timers.o
LOAD ./freertos/portable/fsl_tickless_systick.o
LOAD ./freertos/portable/heap_4.o
LOAD ./freertos/portable/port.o
LOAD ./drivers/fsl_clock.o
LOAD ./drivers/fsl_common.o
LOAD ./drivers/fsl_dac.o
LOAD ./drivers/fsl_flash.o
LOAD ./drivers/fsl_flexcan.o
LOAD ./drivers/fsl_gpio.o
LOAD ./drivers/fsl_smc.o
LOAD ./drivers/fsl_uart.o
LOAD ./board/board.o
LOAD ./board/clock_config.o
LOAD ./board/peripherals.o
LOAD ./board/pin_mux.o
LOAD ./CMSIS/system_MK64F12.o
START GROUP
LOAD d:/nxp/mcuxpressoide_10.1.1_606/ide/tools/bin/../lib/gcc/arm-none-eabi/6.3.1/../../../../arm-none-eabi/lib/thumb/v7e-m/fpv4-sp/hard\libcr_semihost_nf.a
LOAD d:/nxp/mcuxpressoide_10.1.1_606/ide/tools/bin/../lib/gcc/arm-none-eabi/6.3.1/../../../../arm-none-eabi/lib/thumb/v7e-m/fpv4-sp/hard\libcr_c.a
LOAD d:/nxp/mcuxpressoide_10.1.1_606/ide/tools/bin/../lib/gcc/arm-none-eabi/6.3.1/thumb/v7e-m/fpv4-sp/hard\libcr_eabihelpers.a
END GROUP
                0x00000000                __base_PROGRAM_FLASH = 0x0
                0x00000000                __base_Flash = 0x0
                0x00100000                __top_PROGRAM_FLASH = 0x100000
                0x00100000                __top_Flash = 0x100000
                0x20000000                __base_SRAM_UPPER = 0x20000000
                0x20000000                __base_RAM = 0x20000000
                0x20030000                __top_SRAM_UPPER = 0x20030000
                0x20030000                __top_RAM = 0x20030000
                0x1fff0000                __base_SRAM_LOWER = 0x1fff0000
                0x1fff0000                __base_RAM2 = 0x1fff0000
                0x20000000                __top_SRAM_LOWER = 0x20000000
                0x20000000                __top_RAM2 = 0x20000000
                0x14000000                __base_FLEX_RAM = 0x14000000
                0x14000000                __base_RAM3 = 0x14000000
                0x14001000                __top_FLEX_RAM = 0x14001000
                0x14001000                __top_RAM3 = 0x14001000

.text           0x00000000     0xe794
 FILL mask 0xff
                0x00000000                __vectors_start__ = ABSOLUTE (.)
 *(.isr_vector)
 .isr_vector    0x00000000      0x198 ./startup/startup_mk64f12.o
                0x00000000                g_pfnVectors
                0x00000000                __Vectors
                0x00000198                . = ALIGN (0x4)
                0x00000198                __section_table_start = .
                0x00000198                __data_section_table = .
                0x00000198        0x4 LONG 0xe794 LOADADDR (.data)
                0x0000019c        0x4 LONG 0x20000000 ADDR (.data)
                0x000001a0        0x4 LONG 0x10 SIZEOF (.data)
                0x000001a4        0x4 LONG 0xe794 LOADADDR (.data_RAM2)
                0x000001a8        0x4 LONG 0x1fff0000 ADDR (.data_RAM2)
                0x000001ac        0x4 LONG 0x0 SIZEOF (.data_RAM2)
                0x000001b0        0x4 LONG 0xe794 LOADADDR (.data_RAM3)
                0x000001b4        0x4 LONG 0x14000000 ADDR (.data_RAM3)
                0x000001b8        0x4 LONG 0x0 SIZEOF (.data_RAM3)
                0x000001bc                __data_section_table_end = .
                0x000001bc                __bss_section_table = .
                0x000001bc        0x4 LONG 0x20000010 ADDR (.bss)
                0x000001c0        0x4 LONG 0x2b7c SIZEOF (.bss)
                0x000001c4        0x4 LONG 0x1fff0000 ADDR (.bss_RAM2)
                0x000001c8        0x4 LONG 0x0 SIZEOF (.bss_RAM2)
                0x000001cc        0x4 LONG 0x14000000 ADDR (.bss_RAM3)
                0x000001d0        0x4 LONG 0x0 SIZEOF (.bss_RAM3)
                0x000001d4                __bss_section_table_end = .
                0x000001d4                __section_table_end = .
 *(.after_vectors*)
 .after_vectors.init_data
                0x000001d4       0x1e ./startup/startup_mk64f12.o
                0x000001d4                data_init
 .after_vectors.init_bss
                0x000001f2       0x12 ./startup/startup_mk64f12.o
                0x000001f2                bss_init
 .after_vectors.reset
                0x00000204       0x4c ./startup/startup_mk64f12.o
                0x00000204                ResetISR
 .after_vectors
                0x00000250       0x14 ./startup/startup_mk64f12.o
                0x00000250                NMI_Handler
                0x00000254                MemManage_Handler
                0x00000256                BusFault_Handler
                0x00000258                UsageFault_Handler
                0x0000025c                DebugMon_Handler
                0x00000262                LPTMR0_DriverIRQHandler
                0x00000262                DMA_Error_DriverIRQHandler
                0x00000262                SPI1_DriverIRQHandler
                0x00000262                FTM1_DriverIRQHandler
                0x00000262                FTM2_DriverIRQHandler
                0x00000262                PIT2_DriverIRQHandler
                0x00000262                SDHC_DriverIRQHandler
                0x00000262                I2S0_Tx_DriverIRQHandler
                0x00000262                RTC_Seconds_DriverIRQHandler
                0x00000262                DMA6_DriverIRQHandler
                0x00000262                LLWU_DriverIRQHandler
                0x00000262                MCM_DriverIRQHandler
                0x00000262                MCG_DriverIRQHandler
                0x00000262                ENET_1588_Timer_DriverIRQHandler
                0x00000262                I2C2_DriverIRQHandler
                0x00000262                DAC1_DriverIRQHandler
                0x00000262                DMA12_DriverIRQHandler
                0x00000262                CMP1_DriverIRQHandler
                0x00000262                FTM0_DriverIRQHandler
                0x00000262                IntDefaultHandler
                0x00000262                USB0_DriverIRQHandler
                0x00000262                UART5_ERR_DriverIRQHandler
                0x00000262                PORTC_DriverIRQHandler
                0x00000262                DMA11_DriverIRQHandler
                0x00000262                DAC0_DriverIRQHandler
                0x00000262                DMA10_DriverIRQHandler
                0x00000262                CMP2_DriverIRQHandler
                0x00000262                UART2_ERR_DriverIRQHandler
                0x00000262                SPI2_DriverIRQHandler
                0x00000262                LVD_LVW_DriverIRQHandler
                0x00000262                PIT0_DriverIRQHandler
                0x00000262                PORTB_DriverIRQHandler
                0x00000262                DMA5_DriverIRQHandler
                0x00000262                DMA4_DriverIRQHandler
                0x00000262                USBDCD_DriverIRQHandler
                0x00000262                UART3_ERR_DriverIRQHandler
                0x00000262                DMA3_DriverIRQHandler
                0x00000262                DMA8_DriverIRQHandler
                0x00000262                DMA9_DriverIRQHandler
                0x00000262                UART0_ERR_DriverIRQHandler
                0x00000262                CMT_DriverIRQHandler
                0x00000262                Reserved71_DriverIRQHandler
                0x00000262                ADC1_DriverIRQHandler
                0x00000262                PORTA_DriverIRQHandler
                0x00000262                DMA14_DriverIRQHandler
                0x00000262                PIT3_DriverIRQHandler
                0x00000262                PIT1_DriverIRQHandler
                0x00000262                WDOG_EWM_DriverIRQHandler
                0x00000262                PDB0_DriverIRQHandler
                0x00000262                RTC_DriverIRQHandler
                0x00000262                I2S0_Rx_DriverIRQHandler
                0x00000262                Read_Collision_DriverIRQHandler
                0x00000262                SWI_DriverIRQHandler
                0x00000262                UART4_ERR_DriverIRQHandler
                0x00000262                DMA0_DriverIRQHandler
                0x00000262                UART0_LON_DriverIRQHandler
                0x00000262                DMA1_DriverIRQHandler
                0x00000262                I2C1_DriverIRQHandler
                0x00000262                ENET_Receive_DriverIRQHandler
                0x00000262                DMA13_DriverIRQHandler
                0x00000262                ENET_Error_DriverIRQHandler
                0x00000262                DMA15_DriverIRQHandler
                0x00000262                SPI0_DriverIRQHandler
                0x00000262                ADC0_DriverIRQHandler
                0x00000262                CMP0_DriverIRQHandler
                0x00000262                FTM3_DriverIRQHandler
                0x00000262                RNG_DriverIRQHandler
                0x00000262                UART1_ERR_DriverIRQHandler
                0x00000262                DMA2_DriverIRQHandler
                0x00000262                ENET_Transmit_DriverIRQHandler
                0x00000262                PORTD_DriverIRQHandler
                0x00000262                PORTE_DriverIRQHandler
                0x00000262                FTFE_DriverIRQHandler
                0x00000262                I2C0_DriverIRQHandler
                0x00000262                DMA7_DriverIRQHandler
                0x00000400                . = 0x400
 *fill*         0x00000264      0x19c ff
                0x00000400                PROVIDE (__FLASH_CONFIG_START__, .)
 *(.FlashConfig)
 .FlashConfig   0x00000400       0x10 ./startup/startup_mk64f12.o
                0x00000400                Flash_Config
                0x00000410                PROVIDE (__FLASH_CONFIG_END__, .)
                0x00000001                ASSERT (! ((__FLASH_CONFIG_START__ == __FLASH_CONFIG_END__)), Linker Flash Config Support Enabled, but no .FlashConfig section provided within application)
 *(.text*)
 .text          0x00000410       0x54 ./utilities/fsl_debug_console.o
                0x00000410                DbgConsole_Init
                0x00000448                DbgConsole_Deinit
                0x00000456                DbgConsole_Flush
 .text          0x00000464      0x1cc ./utilities/fsl_io.o
                0x000004e4                IO_Init
                0x00000564                IO_Deinit
                0x000005a4                IO_WaitIdle
                0x000005d4                IO_Transfer
 .text          0x00000630      0x1c8 ./utilities/fsl_log.o
                0x00000630                LOG_Init
                0x00000660                LOG_Deinit
                0x0000066c                LOG_WaitIdle
                0x0000067a                LOG_Push
                0x000006a8                LOG_Pop
                0x000006ea                LOG_ReadLine
                0x00000790                LOG_ReadCharacter
 .text          0x000007f8      0x2b0 ./startup/startup_mk64f12.o
                0x000007f8                DMA0_IRQHandler
                0x00000800                DMA1_IRQHandler
                0x00000808                DMA2_IRQHandler
                0x00000810                DMA3_IRQHandler
                0x00000818                DMA4_IRQHandler
                0x00000820                DMA5_IRQHandler
                0x00000828                DMA6_IRQHandler
                0x00000830                DMA7_IRQHandler
                0x00000838                DMA8_IRQHandler
                0x00000840                DMA9_IRQHandler
                0x00000848                DMA10_IRQHandler
                0x00000850                DMA11_IRQHandler
                0x00000858                DMA12_IRQHandler
                0x00000860                DMA13_IRQHandler
                0x00000868                DMA14_IRQHandler
                0x00000870                DMA15_IRQHandler
                0x00000878                DMA_Error_IRQHandler
                0x00000880                MCM_IRQHandler
                0x00000888                FTFE_IRQHandler
                0x00000890                Read_Collision_IRQHandler
                0x00000898                LVD_LVW_IRQHandler
                0x000008a0                LLWU_IRQHandler
                0x000008a8                WDOG_EWM_IRQHandler
                0x000008b0                RNG_IRQHandler
                0x000008b8                I2C0_IRQHandler
                0x000008c0                I2C1_IRQHandler
                0x000008c8                SPI0_IRQHandler
                0x000008d0                SPI1_IRQHandler
                0x000008d8                I2S0_Tx_IRQHandler
                0x000008e0                I2S0_Rx_IRQHandler
                0x000008e8                UART0_LON_IRQHandler
                0x000008f0                UART0_RX_TX_IRQHandler
                0x000008f8                UART0_ERR_IRQHandler
                0x00000900                UART1_RX_TX_IRQHandler
                0x00000908                UART1_ERR_IRQHandler
                0x00000910                UART2_RX_TX_IRQHandler
                0x00000918                UART2_ERR_IRQHandler
                0x00000920                UART3_RX_TX_IRQHandler
                0x00000928                UART3_ERR_IRQHandler
                0x00000930                ADC0_IRQHandler
                0x00000938                CMP0_IRQHandler
                0x00000940                CMP1_IRQHandler
                0x00000948                FTM0_IRQHandler
                0x00000950                FTM1_IRQHandler
                0x00000958                FTM2_IRQHandler
                0x00000960                CMT_IRQHandler
                0x00000968                RTC_IRQHandler
                0x00000970                RTC_Seconds_IRQHandler
                0x00000978                PIT0_IRQHandler
                0x00000980                PIT1_IRQHandler
                0x00000988                PIT2_IRQHandler
                0x00000990                PIT3_IRQHandler
                0x00000998                PDB0_IRQHandler
                0x000009a0                USB0_IRQHandler
                0x000009a8                USBDCD_IRQHandler
                0x000009b0                Reserved71_IRQHandler
                0x000009b8                DAC0_IRQHandler
                0x000009c0                MCG_IRQHandler
                0x000009c8                LPTMR0_IRQHandler
                0x000009d0                PORTA_IRQHandler
                0x000009d8                PORTB_IRQHandler
                0x000009e0                PORTC_IRQHandler
                0x000009e8                PORTD_IRQHandler
                0x000009f0                PORTE_IRQHandler
                0x000009f8                SWI_IRQHandler
                0x00000a00                SPI2_IRQHandler
                0x00000a08                UART4_RX_TX_IRQHandler
                0x00000a10                UART4_ERR_IRQHandler
                0x00000a18                UART5_RX_TX_IRQHandler
                0x00000a20                UART5_ERR_IRQHandler
                0x00000a28                CMP2_IRQHandler
                0x00000a30                FTM3_IRQHandler
                0x00000a38                DAC1_IRQHandler
                0x00000a40                ADC1_IRQHandler
                0x00000a48                I2C2_IRQHandler
                0x00000a58                CAN0_Bus_Off_IRQHandler
                0x00000a60                CAN0_Error_IRQHandler
                0x00000a68                CAN0_Tx_Warning_IRQHandler
                0x00000a70                CAN0_Rx_Warning_IRQHandler
                0x00000a78                CAN0_Wake_Up_IRQHandler
                0x00000a80                SDHC_IRQHandler
                0x00000a88                ENET_1588_Timer_IRQHandler
                0x00000a90                ENET_Transmit_IRQHandler
                0x00000a98                ENET_Receive_IRQHandler
                0x00000aa0                ENET_Error_IRQHandler
 .text          0x00000aa8      0x190 ./source/can_api.o
                0x00000aa8                CANAPIInit
                0x00000adc                CANAPIMsgReceiveThrottle
                0x00000b5c                CANAPIMsgReceiveBrake
                0x00000bdc                CANAPIMsgReceiveSteering
 .text          0x00000c38      0x284 ./source/can_driver.o
                0x00000d50                BigToLitEndian
                0x00000d82                CAN0_ORed_Message_buffer_IRQHandler
                0x00000df4                CANDriverMsgRxFilter
                0x00000e30                CANDriverInit
                0x00000e6c                CANDriverInterruptEnable
                0x00000e98                CANDriverMsgReceive
 .text          0x00000ebc       0xdc ./source/canrx_task.o
                0x00000ebc                CANRxTaskInit
 .text          0x00000f98       0x9c ./source/dac_driver.o
                0x00000fe0                DACDriverInit
                0x00001010                DACDriverOutputSet
 .text          0x00001034       0x80 ./source/dac_task.o
                0x00001034                DACTaskInit
 .text          0x000010b4       0x5c ./source/main.o
                0x000010b4                main
 .text          0x00001110       0x2a ./source/semihost_hardfault.o
                0x00001110                HardFault_Handler
 .text          0x0000113a       0x62 ./source/sensors.o
                0x0000113a                sensorsCANInit
                0x00001150                sensorsCANGetThrottle
                0x00001168                sensorsCANGetBrake
                0x00001182                sensorsCANGetSteering
 .text          0x0000119c      0x168 ./freertos/source/list.o
                0x0000119c                vListInitialise
                0x000011dc                vListInitialiseItem
                0x000011f6                vListInsertEnd
                0x0000123e                vListInsert
                0x000012b0                uxListRemove
 .text          0x00001304     0x1078 ./freertos/source/queue.o
                0x00001304                xQueueGenericReset
                0x000013d4                xQueueGenericCreate
                0x000014c0                xQueueCreateMutex
                0x000014f0                xQueueGiveMutexRecursive
                0x00001556                xQueueTakeMutexRecursive
                0x000015c4                xQueueCreateCountingSemaphore
                0x00001626                xQueueGenericSend
                0x0000181c                xQueueGenericSendFromISR
                0x00001944                xQueueGiveFromISR
                0x00001a56                xQueueGenericReceive
                0x00001c7c                xQueueReceiveFromISR
                0x00001d76                xQueuePeekFromISR
                0x00001e40                uxQueueMessagesWaiting
                0x00001e7a                uxQueueSpacesAvailable
                0x00001ebe                uxQueueMessagesWaitingFromISR
                0x00001ef4                vQueueDelete
                0x00001f2e                uxQueueGetQueueNumber
                0x00001f46                vQueueSetQueueNumber
                0x00001f62                ucQueueGetQueueType
                0x0000216c                xQueueIsQueueEmptyFromISR
                0x000021de                xQueueIsQueueFullFromISR
                0x00002224                vQueueAddToRegistry
                0x00002274                pcQueueGetName
                0x000022c0                vQueueUnregisterQueue
                0x00002314                vQueueWaitForMessageRestricted
 .text          0x0000237c     0x214c ./freertos/source/tasks.o
                0x0000237c                xTaskCreate
                0x00002604                vTaskDelete
                0x00002720                vTaskDelayUntil
                0x00002814                vTaskDelay
                0x0000287c                eTaskGetState
                0x0000292c                uxTaskPriorityGet
                0x00002960                uxTaskPriorityGetFromISR
                0x000029b8                vTaskPrioritySet
                0x00002b14                vTaskSuspend
                0x00002c98                vTaskResume
                0x00002d50                xTaskResumeFromISR
                0x00002e30                vTaskStartScheduler
                0x00002ec8                vTaskEndScheduler
                0x00002ef8                vTaskSuspendAll
                0x00002f14                xTaskResumeAll
                0x0000304c                xTaskGetTickCount
                0x0000306c                xTaskGetTickCountFromISR
                0x00003090                uxTaskGetNumberOfTasks
                0x000030a8                pcTaskGetName
                0x000030f0                uxTaskGetSystemState
                0x0000320c                xTaskIncrementTick
                0x00003364                vTaskSwitchContext
                0x00003418                vTaskPlaceOnEventList
                0x00003460                vTaskPlaceOnUnorderedEventList
                0x000034d4                vTaskPlaceOnEventListRestricted
                0x00003528                xTaskRemoveFromEventList
                0x000035ec                xTaskRemoveFromUnorderedEventList
                0x000036b8                vTaskSetTimeOutState
                0x00003700                xTaskCheckForTimeOut
                0x000037bc                vTaskMissedYield
                0x000037d4                uxTaskGetTaskNumber
                0x00003800                vTaskSetTaskNumber
                0x00003854                vTaskSetThreadLocalStoragePointer
                0x00003894                pvTaskGetThreadLocalStoragePointer
                0x000039d4                vTaskGetInfo
                0x00003bd8                xTaskGetCurrentTaskHandle
                0x00003bf8                xTaskGetSchedulerState
                0x00003c34                vTaskPriorityInherit
                0x00003d20                xTaskPriorityDisinherit
                0x00003e28                uxTaskResetEventItemValue
                0x00003e58                pvTaskIncrementMutexHeldCount
                0x00003e80                ulTaskNotifyTake
                0x00003f10                xTaskNotifyWait
                0x00003fc4                xTaskGenericNotify
                0x00004104                xTaskGenericNotifyFromISR
                0x00004290                vTaskNotifyGiveFromISR
                0x000043b0                xTaskNotifyStateClear
 .text          0x000044c8      0x89c ./freertos/source/timers.o
                0x000044c8                xTimerCreateTimerTask
                0x00004528                xTimerCreate
                0x000045c4                xTimerGenericCommand
                0x0000465c                xTimerGetTimerDaemonTaskHandle
                0x00004694                xTimerGetPeriod
                0x000046ca                xTimerGetExpiryTime
                0x00004704                pcTimerGetName
                0x00004c04                xTimerIsTimerActive
                0x00004c4c                pvTimerGetTimerID
                0x00004c8a                vTimerSetTimerID
                0x00004cc8                xTimerPendFunctionCallFromISR
                0x00004d08                xTimerPendFunctionCall
 .text          0x00004d64       0x40 ./freertos/portable/fsl_tickless_systick.o
                0x00004d64                vPortSetupTimerInterrupt
 .text          0x00004da4      0x3ec ./freertos/portable/heap_4.o
                0x00004da4                pvPortMalloc
                0x00004f28                vPortFree
                0x00004fd8                xPortGetFreeHeapSize
                0x00004ff0                xPortGetMinimumEverFreeHeapSize
                0x00005008                vPortInitialiseBlocks
 .text          0x00005190      0x41c ./freertos/portable/port.o
                0x00005190                pxPortInitialiseStack
                0x00005234                SVC_Handler
                0x00005272                xPortStartScheduler
                0x0000538c                vPortEndScheduler
                0x000053c0                vPortEnterCritical
                0x0000541c                vPortExitCritical
                0x0000546c                PendSV_Handler
                0x000054d6                SysTick_Handler
                0x00005528                vPortValidateInterruptPriority
 .text          0x000055ac     0x1aa8 ./drivers/fsl_clock.o
                0x000056ec                CLOCK_FllStableDelay
                0x00005914                CLOCK_GetOsc0ErClkFreq
                0x0000594c                CLOCK_GetEr32kClkFreq
                0x000059bc                CLOCK_GetPllFllSelClkFreq
                0x00005a10                CLOCK_GetPlatClkFreq
                0x00005a38                CLOCK_GetFlashClkFreq
                0x00005a60                CLOCK_GetFlexBusClkFreq
                0x00005a88                CLOCK_GetBusClkFreq
                0x00005ab0                CLOCK_GetCoreSysClkFreq
                0x00005ad8                CLOCK_GetFreq
                0x00005c20                CLOCK_SetSimConfig
                0x00005c58                CLOCK_EnableUsbfs0Clock
                0x00005d58                CLOCK_GetOutClkFreq
                0x00005dbc                CLOCK_GetFllFreq
                0x00005e38                CLOCK_GetInternalRefClkFreq
                0x00005e5c                CLOCK_GetFixedFreqClkFreq
                0x00005e8a                CLOCK_GetPll0Freq
                0x00005ef0                CLOCK_SetExternalRefClkConfig
                0x00005f5c                CLOCK_SetInternalRefClkConfig
                0x00006060                CLOCK_CalcPllDiv
                0x000061cc                CLOCK_EnablePll0
                0x00006250                CLOCK_SetOsc0MonitorMode
                0x000062cc                CLOCK_SetRtcOscMonitorMode
                0x00006318                CLOCK_SetPll0MonitorMode
                0x0000638c                CLOCK_GetStatusFlags
                0x00006410                CLOCK_ClearStatusFlags
                0x00006468                CLOCK_InitOsc0
                0x000064f4                CLOCK_DeinitOsc0
                0x00006520                CLOCK_TrimInternalRefClk
                0x00006658                CLOCK_GetMode
                0x00006714                CLOCK_SetFeiMode
                0x000067d4                CLOCK_SetFeeMode
                0x000068e0                CLOCK_SetFbiMode
                0x000069b0                CLOCK_SetFbeMode
                0x00006adc                CLOCK_SetBlpiMode
                0x00006b00                CLOCK_SetBlpeMode
                0x00006b24                CLOCK_SetPbeMode
                0x00006bcc                CLOCK_SetPeeMode
                0x00006c04                CLOCK_ExternalModeToFbeModeQuick
                0x00006c70                CLOCK_InternalModeToFbiModeQuick
                0x00006cbc                CLOCK_BootToFeiMode
                0x00006ce2                CLOCK_BootToFeeMode
                0x00006d1e                CLOCK_BootToBlpiMode
                0x00006d84                CLOCK_BootToBlpeMode
                0x00006e08                CLOCK_BootToPeeMode
                0x00006e6c                CLOCK_SetMcgConfig
 .text          0x00007054      0x40c ./drivers/fsl_dac.o
                0x00007154                DAC_Init
                0x000071c4                DAC_Deinit
                0x000071f4                DAC_GetDefaultConfig
                0x00007220                DAC_SetBufferConfig
                0x000072cc                DAC_GetDefaultBufferConfig
                0x00007304                DAC_SetBufferValue
                0x00007354                DAC_SetBufferReadPointer
                0x0000739c                DAC_EnableBufferInterrupts
                0x000073d0                DAC_DisableBufferInterrupts
                0x00007408                DAC_GetBufferStatusFlags
                0x00007428                DAC_ClearBufferStatusFlags
 .text          0x00007460     0x146c ./drivers/fsl_flash.o
                0x00007460                FLASH_Init
                0x00007520                FLASH_PrepareExecuteInRamFunctions
                0x00007564                FLASH_EraseAll
                0x000075b8                FLASH_Erase
                0x0000768c                FLASH_EraseAllExecuteOnlySegments
                0x000076e0                FLASH_Program
                0x000077b0                FLASH_ProgramOnce
                0x0000781c                FLASH_ProgramSection
                0x00007968                FLASH_ReadResource
                0x00007a40                FLASH_ReadOnce
                0x00007aa0                FLASH_GetSecurityState
                0x00007b08                FLASH_SecurityBypass
                0x00007bac                FLASH_VerifyEraseAll
                0x00007be8                FLASH_VerifyErase
                0x00007cd8                FLASH_VerifyProgram
                0x00007da0                FLASH_VerifyEraseAllExecuteOnlySegments
                0x00007ddc                FLASH_IsProtected
                0x00008028                FLASH_IsExecuteOnly
                0x00008068                FLASH_GetProperty
                0x0000813a                FLASH_SetProperty
                0x00008178                FLASH_SwapControl
                0x00008230                FLASH_Swap
                0x0000834c                FLASH_PflashSetProtection
                0x0000838c                FLASH_PflashGetProtection
                0x000083c0                FLASH_PflashSetPrefetchSpeculation
                0x00008440                FLASH_PflashGetPrefetchSpeculation
                0x00008560                fmc_flash_cache_clear
                0x00008590                fmc_flash_prefetch_speculation_clear
                0x000085c0                flash_cache_clear
 .text          0x000088cc     0x160c ./drivers/fsl_flexcan.o
                0x00008b0c                FLEXCAN_GetInstance
                0x00008da4                FLEXCAN_Init
                0x00008eb8                FLEXCAN_Deinit
                0x00008eec                FLEXCAN_GetDefaultConfig
                0x00008f4c                FLEXCAN_SetTimingConfig
                0x00008fc8                FLEXCAN_SetRxMbGlobalMask
                0x00008ff8                FLEXCAN_SetRxFifoGlobalMask
                0x0000901c                FLEXCAN_SetRxIndividualMask
                0x00009064                FLEXCAN_SetTxMbConfig
                0x00009108                FLEXCAN_SetRxMbConfig
                0x00009200                FLEXCAN_SetRxFifoConfig
                0x00009438                FLEXCAN_WriteTxMb
                0x0000957c                FLEXCAN_ReadRxMb
                0x000096a0                FLEXCAN_ReadRxFifo
                0x00009768                FLEXCAN_TransferSendBlocking
                0x000097be                FLEXCAN_TransferReceiveBlocking
                0x0000980a                FLEXCAN_TransferReceiveFifoBlocking
                0x00009840                FLEXCAN_TransferCreateHandle
                0x000098f0                FLEXCAN_TransferSendNonBlocking
                0x00009a00                FLEXCAN_TransferReceiveNonBlocking
                0x00009ac4                FLEXCAN_TransferReceiveFifoNonBlocking
                0x00009b24                FLEXCAN_TransferAbortSend
                0x00009bb8                FLEXCAN_TransferAbortReceive
                0x00009c40                FLEXCAN_TransferAbortReceiveFifo
                0x00009c84                FLEXCAN_TransferHandleIRQ
                0x00009ea0                CAN0_DriverIRQHandler
 .text          0x00009ed8      0x394 ./drivers/fsl_smc.o
                0x00009f16                SMC_PreEnterStopModes
                0x00009f48                SMC_PostExitStopModes
                0x00009f78                SMC_PreEnterWaitModes
                0x00009f94                SMC_PostExitWaitModes
                0x00009fb0                SMC_SetPowerModeRun
                0x00009fda                SMC_SetPowerModeWait
                0x0000a00c                SMC_SetPowerModeStop
                0x0000a06c                SMC_SetPowerModeVlpr
                0x0000a0ba                SMC_SetPowerModeVlpw
                0x0000a0ec                SMC_SetPowerModeVlps
                0x0000a150                SMC_SetPowerModeLls
                0x0000a1b4                SMC_SetPowerModeVlls
 .text          0x0000a26c     0x152c ./drivers/fsl_uart.o
                0x0000a342                UART_GetInstance
                0x0000a394                UART_TransferGetRxRingBufferLength
                0x0000a434                UART_Init
                0x0000a70c                UART_Deinit
                0x0000a758                UART_GetDefaultConfig
                0x0000a7b8                UART_SetBaudRate
                0x0000a8c0                UART_EnableInterrupts
                0x0000a930                UART_DisableInterrupts
                0x0000a9b0                UART_GetEnabledInterrupts
                0x0000a9fc                UART_GetStatusFlags
                0x0000aa42                UART_ClearStatusFlags
                0x0000aace                UART_WriteBlocking
                0x0000ab50                UART_ReadBlocking
                0x0000ac28                UART_TransferCreateHandle
                0x0000acac                UART_TransferStartRingBuffer
                0x0000ad20                UART_TransferStopRingBuffer
                0x0000ad8c                UART_TransferSendNonBlocking
                0x0000ae28                UART_TransferAbortSend
                0x0000ae64                UART_TransferGetSendCount
                0x0000aeb8                UART_TransferReceiveNonBlocking
                0x0000b068                UART_TransferAbortReceive
                0x0000b0c4                UART_TransferGetReceiveCount
                0x0000b124                UART_TransferHandleIRQ
                0x0000b634                UART_TransferHandleErrorIRQ
                0x0000b64a                UART0_DriverIRQHandler
                0x0000b670                UART0_RX_TX_DriverIRQHandler
                0x0000b680                UART1_DriverIRQHandler
                0x0000b6a8                UART1_RX_TX_DriverIRQHandler
                0x0000b6b8                UART2_DriverIRQHandler
                0x0000b6e0                UART2_RX_TX_DriverIRQHandler
                0x0000b6f0                UART3_DriverIRQHandler
                0x0000b718                UART3_RX_TX_DriverIRQHandler
                0x0000b728                UART4_DriverIRQHandler
                0x0000b750                UART4_RX_TX_DriverIRQHandler
                0x0000b760                UART5_DriverIRQHandler
                0x0000b788                UART5_RX_TX_DriverIRQHandler
 .text          0x0000b798       0x28 ./board/board.o
                0x0000b798                BOARD_InitDebugConsole
 .text          0x0000b7c0      0x174 ./board/clock_config.o
                0x0000b874                BOARD_InitBootClocks
                0x0000b880                BOARD_BootClockRUN
                0x0000b8e0                BOARD_BootClockVLPR
 .text          0x0000b934        0xe ./board/peripherals.o
                0x0000b934                BOARD_InitBootPeripherals
 *fill*         0x0000b942        0x2 ff
 .text          0x0000b944       0xd8 ./board/pin_mux.o
                0x0000b9b4                BOARD_InitBootPins
                0x0000b9c0                BOARD_InitPins
 .text          0x0000ba1c      0x2b8 ./CMSIS/system_MK64F12.o
                0x0000ba1c                SystemInit
                0x0000ba5c                SystemCoreClockUpdate
 .text.__main   0x0000bcd4        0xe d:/nxp/mcuxpressoide_10.1.1_606/ide/tools/bin/../lib/gcc/arm-none-eabi/6.3.1/../../../../arm-none-eabi/lib/thumb/v7e-m/fpv4-sp/hard\libcr_semihost_nf.a(_cr__main.o)
                0x0000bcd4                __CR_SEMIHOST
                0x0000bcd4                __main
 *fill*         0x0000bce2        0x2 ff
 .text.__assertion_failed
                0x0000bce4       0x4c d:/nxp/mcuxpressoide_10.1.1_606/ide/tools/bin/../lib/gcc/arm-none-eabi/6.3.1/../../../../arm-none-eabi/lib/thumb/v7e-m/fpv4-sp/hard\libcr_semihost_nf.a(_cr_assert.o)
                0x0000bce4                __assertion_failed
 .text.__sys_appexit
                0x0000bd30        0xc d:/nxp/mcuxpressoide_10.1.1_606/ide/tools/bin/../lib/gcc/arm-none-eabi/6.3.1/../../../../arm-none-eabi/lib/thumb/v7e-m/fpv4-sp/hard\libcr_semihost_nf.a(__sys_appexit.o)
                0x0000bd30                __sys_appexit
                0x0000bd30                __exit
 .text.memcpy   0x0000bd3c        0x4 d:/nxp/mcuxpressoide_10.1.1_606/ide/tools/bin/../lib/gcc/arm-none-eabi/6.3.1/../../../../arm-none-eabi/lib/thumb/v7e-m/fpv4-sp/hard\libcr_c.a(memcpy.o)
                0x0000bd3c                memcpy
 .text.memset   0x0000bd40        0x4 d:/nxp/mcuxpressoide_10.1.1_606/ide/tools/bin/../lib/gcc/arm-none-eabi/6.3.1/../../../../arm-none-eabi/lib/thumb/v7e-m/fpv4-sp/hard\libcr_c.a(memset.o)
                0x0000bd40                memset
 .text._deferredlazyseek
                0x0000bd44       0x40 d:/nxp/mcuxpressoide_10.1.1_606/ide/tools/bin/../lib/gcc/arm-none-eabi/6.3.1/../../../../arm-none-eabi/lib/thumb/v7e-m/fpv4-sp/hard\libcr_c.a(_deferredlazyseek.o)
                0x0000bd44                _deferredlazyseek
 .text.__flsbuf
                0x0000bd84      0x148 d:/nxp/mcuxpressoide_10.1.1_606/ide/tools/bin/../lib/gcc/arm-none-eabi/6.3.1/../../../../arm-none-eabi/lib/thumb/v7e-m/fpv4-sp/hard\libcr_c.a(_deferredlazyseek.o)
                0x0000bd84                __flsbuf
 .text._fflush  0x0000becc       0x54 d:/nxp/mcuxpressoide_10.1.1_606/ide/tools/bin/../lib/gcc/arm-none-eabi/6.3.1/../../../../arm-none-eabi/lib/thumb/v7e-m/fpv4-sp/hard\libcr_c.a(_fflush.o)
                0x0000becc                _fflush
 .text._Cwritebuf
                0x0000bf20       0x6c d:/nxp/mcuxpressoide_10.1.1_606/ide/tools/bin/../lib/gcc/arm-none-eabi/6.3.1/../../../../arm-none-eabi/lib/thumb/v7e-m/fpv4-sp/hard\libcr_c.a(_writebuf.o)
                0x0000bf20                _Cwritebuf
 .text.malloc   0x0000bf8c       0xc4 d:/nxp/mcuxpressoide_10.1.1_606/ide/tools/bin/../lib/gcc/arm-none-eabi/6.3.1/../../../../arm-none-eabi/lib/thumb/v7e-m/fpv4-sp/hard\libcr_c.a(alloc.o)
                0x0000bf8c                malloc
 .text.free     0x0000c050       0x30 d:/nxp/mcuxpressoide_10.1.1_606/ide/tools/bin/../lib/gcc/arm-none-eabi/6.3.1/../../../../arm-none-eabi/lib/thumb/v7e-m/fpv4-sp/hard\libcr_c.a(alloc.o)
                0x0000c050                free
 .text._Csys_alloc
                0x0000c080       0x20 d:/nxp/mcuxpressoide_10.1.1_606/ide/tools/bin/../lib/gcc/arm-none-eabi/6.3.1/../../../../arm-none-eabi/lib/thumb/v7e-m/fpv4-sp/hard\libcr_c.a(alloc.o)
                0x0000c080                _Csys_alloc
 .text.fputs    0x0000c0a0       0x2c d:/nxp/mcuxpressoide_10.1.1_606/ide/tools/bin/../lib/gcc/arm-none-eabi/6.3.1/../../../../arm-none-eabi/lib/thumb/v7e-m/fpv4-sp/hard\libcr_c.a(fputs.o)
                0x0000c0a0                fputs
 .text.fseek    0x0000c0cc      0x100 d:/nxp/mcuxpressoide_10.1.1_606/ide/tools/bin/../lib/gcc/arm-none-eabi/6.3.1/../../../../arm-none-eabi/lib/thumb/v7e-m/fpv4-sp/hard\libcr_c.a(fseek.o)
                0x0000c0cc                fseek
 .text.ftell    0x0000c1cc       0x48 d:/nxp/mcuxpressoide_10.1.1_606/ide/tools/bin/../lib/gcc/arm-none-eabi/6.3.1/../../../../arm-none-eabi/lib/thumb/v7e-m/fpv4-sp/hard\libcr_c.a(ftell.o)
                0x0000c1cc                ftell
 .text._initio  0x0000c214       0x78 d:/nxp/mcuxpressoide_10.1.1_606/ide/tools/bin/../lib/gcc/arm-none-eabi/6.3.1/../../../../arm-none-eabi/lib/thumb/v7e-m/fpv4-sp/hard\libcr_c.a(initio.o)
                0x0000c214                _initio
 .text.no_fp_display
                0x0000c28c        0x4 d:/nxp/mcuxpressoide_10.1.1_606/ide/tools/bin/../lib/gcc/arm-none-eabi/6.3.1/../../../../arm-none-eabi/lib/thumb/v7e-m/fpv4-sp/hard\libcr_c.a(printf.o)
 .text.__vfprintf
                0x0000c290      0xb7c d:/nxp/mcuxpressoide_10.1.1_606/ide/tools/bin/../lib/gcc/arm-none-eabi/6.3.1/../../../../arm-none-eabi/lib/thumb/v7e-m/fpv4-sp/hard\libcr_c.a(printf.o)
                0x0000c290                __vfprintf
 .text._vsnprintf
                0x0000ce0c       0x5c d:/nxp/mcuxpressoide_10.1.1_606/ide/tools/bin/../lib/gcc/arm-none-eabi/6.3.1/../../../../arm-none-eabi/lib/thumb/v7e-m/fpv4-sp/hard\libcr_c.a(printf.o)
                0x0000ce0c                _vsnprintf
 .text._printf  0x0000ce68       0x54 d:/nxp/mcuxpressoide_10.1.1_606/ide/tools/bin/../lib/gcc/arm-none-eabi/6.3.1/../../../../arm-none-eabi/lib/thumb/v7e-m/fpv4-sp/hard\libcr_c.a(printf.o)
                0x0000ce68                _printf
 .text.setvbuf  0x0000cebc       0x40 d:/nxp/mcuxpressoide_10.1.1_606/ide/tools/bin/../lib/gcc/arm-none-eabi/6.3.1/../../../../arm-none-eabi/lib/thumb/v7e-m/fpv4-sp/hard\libcr_c.a(setvbuf.o)
                0x0000cebc                setvbuf
 .text.strlen   0x0000cefc       0x4a d:/nxp/mcuxpressoide_10.1.1_606/ide/tools/bin/../lib/gcc/arm-none-eabi/6.3.1/../../../../arm-none-eabi/lib/thumb/v7e-m/fpv4-sp/hard\libcr_c.a(strlen.o)
                0x0000cefc                strlen
 *fill*         0x0000cf46        0x2 ff
 .text._sbrk    0x0000cf48       0x3c d:/nxp/mcuxpressoide_10.1.1_606/ide/tools/bin/../lib/gcc/arm-none-eabi/6.3.1/../../../../arm-none-eabi/lib/thumb/v7e-m/fpv4-sp/hard\libcr_c.a(_cr_sbrk.o)
                0x0000cf48                _sbrk
 .text._fdopen  0x0000cf84       0x68 d:/nxp/mcuxpressoide_10.1.1_606/ide/tools/bin/../lib/gcc/arm-none-eabi/6.3.1/../../../../arm-none-eabi/lib/thumb/v7e-m/fpv4-sp/hard\libcr_c.a(_fdopen.o)
                0x0000cf84                _fdopen
 .text.fclose   0x0000cfec       0x58 d:/nxp/mcuxpressoide_10.1.1_606/ide/tools/bin/../lib/gcc/arm-none-eabi/6.3.1/../../../../arm-none-eabi/lib/thumb/v7e-m/fpv4-sp/hard\libcr_c.a(fclose.o)
                0x0000cfec                fclose
 .text.fflush   0x0000d044       0x44 d:/nxp/mcuxpressoide_10.1.1_606/ide/tools/bin/../lib/gcc/arm-none-eabi/6.3.1/../../../../arm-none-eabi/lib/thumb/v7e-m/fpv4-sp/hard\libcr_c.a(fflush.o)
                0x0000d044                fflush
 .text.remove   0x0000d088       0x14 d:/nxp/mcuxpressoide_10.1.1_606/ide/tools/bin/../lib/gcc/arm-none-eabi/6.3.1/../../../../arm-none-eabi/lib/thumb/v7e-m/fpv4-sp/hard\libcr_c.a(remove.o)
                0x0000d088                remove
 .text.__check_heap_overflow
                0x0000d09c       0x18 d:/nxp/mcuxpressoide_10.1.1_606/ide/tools/bin/../lib/gcc/arm-none-eabi/6.3.1/../../../../arm-none-eabi/lib/thumb/v7e-m/fpv4-sp/hard\libcr_c.a(_cr_check_heap.o)
                0x0000d09c                __check_heap_overflow
 .text._do_fflush
                0x0000d0b4       0x40 d:/nxp/mcuxpressoide_10.1.1_606/ide/tools/bin/../lib/gcc/arm-none-eabi/6.3.1/../../../../arm-none-eabi/lib/thumb/v7e-m/fpv4-sp/hard\libcr_c.a(_do_fflush.o)
                0x0000d0b4                _do_fflush
 .text.__aeabi_memcpy
                0x0000d0f4       0x34 d:/nxp/mcuxpressoide_10.1.1_606/ide/tools/bin/../lib/gcc/arm-none-eabi/6.3.1/thumb/v7e-m/fpv4-sp/hard\libcr_eabihelpers.a(memcpy.o)
                0x0000d0f4                __aeabi_memcpy
                0x0000d0fe                __aeabi_memcpy8
                0x0000d0fe                __aeabi_memcpy4
 .text.__aeabi_memset_lowlevel
                0x0000d128       0x32 d:/nxp/mcuxpressoide_10.1.1_606/ide/tools/bin/../lib/gcc/arm-none-eabi/6.3.1/thumb/v7e-m/fpv4-sp/hard\libcr_eabihelpers.a(memcpy.o)
                0x0000d128                __aeabi_lowlevel_memset
 .text.__sys_close
                0x0000d15a        0xc d:/nxp/mcuxpressoide_10.1.1_606/ide/tools/bin/../lib/gcc/arm-none-eabi/6.3.1/../../../../arm-none-eabi/lib/thumb/v7e-m/fpv4-sp/hard\libcr_semihost_nf.a(__sys_close.o)
                0x0000d15a                __sys_close
 .text.__sys_flen
                0x0000d166        0xc d:/nxp/mcuxpressoide_10.1.1_606/ide/tools/bin/../lib/gcc/arm-none-eabi/6.3.1/../../../../arm-none-eabi/lib/thumb/v7e-m/fpv4-sp/hard\libcr_semihost_nf.a(__sys_flen.o)
                0x0000d166                __sys_flen
 .text.__sys_istty
                0x0000d172        0xc d:/nxp/mcuxpressoide_10.1.1_606/ide/tools/bin/../lib/gcc/arm-none-eabi/6.3.1/../../../../arm-none-eabi/lib/thumb/v7e-m/fpv4-sp/hard\libcr_semihost_nf.a(__sys_istty.o)
                0x0000d172                __sys_istty
 .text.__sys_remove
                0x0000d17e        0xc d:/nxp/mcuxpressoide_10.1.1_606/ide/tools/bin/../lib/gcc/arm-none-eabi/6.3.1/../../../../arm-none-eabi/lib/thumb/v7e-m/fpv4-sp/hard\libcr_semihost_nf.a(__sys_remove.o)
                0x0000d17e                __sys_remove
 .text.__sys_seek
                0x0000d18a        0xc d:/nxp/mcuxpressoide_10.1.1_606/ide/tools/bin/../lib/gcc/arm-none-eabi/6.3.1/../../../../arm-none-eabi/lib/thumb/v7e-m/fpv4-sp/hard\libcr_semihost_nf.a(__sys_seek.o)
                0x0000d18a                __sys_seek
 .text.__sys_tmpnam
                0x0000d196        0xc d:/nxp/mcuxpressoide_10.1.1_606/ide/tools/bin/../lib/gcc/arm-none-eabi/6.3.1/../../../../arm-none-eabi/lib/thumb/v7e-m/fpv4-sp/hard\libcr_semihost_nf.a(__sys_tmpnam.o)
                0x0000d196                __sys_tmpnam
 .text.__sys_write
                0x0000d1a2        0xc d:/nxp/mcuxpressoide_10.1.1_606/ide/tools/bin/../lib/gcc/arm-none-eabi/6.3.1/../../../../arm-none-eabi/lib/thumb/v7e-m/fpv4-sp/hard\libcr_semihost_nf.a(__sys_write.o)
                0x0000d1a2                __sys_write
 *(.rodata .rodata.* .constdata .constdata.*)
 *fill*         0x0000d1ae        0x2 ff
 .rodata        0x0000d1b0       0x50 ./utilities/fsl_debug_console.o
 .rodata        0x0000d200       0x27 ./utilities/fsl_io.o
 *fill*         0x0000d227        0x1 ff
 .rodata        0x0000d228       0x80 ./utilities/fsl_log.o
 .rodata        0x0000d2a8       0x48 ./source/canrx_task.o
 .rodata        0x0000d2f0        0x9 ./source/dac_task.o
 *fill*         0x0000d2f9        0x3 ff
 .rodata        0x0000d2fc       0x2d ./source/main.o
 *fill*         0x0000d329        0x3 ff
 .rodata        0x0000d32c        0x5 ./freertos/source/tasks.o
 *fill*         0x0000d331        0x3 ff
 .rodata        0x0000d334        0xd ./freertos/source/timers.o
 *fill*         0x0000d341        0x3 ff
 .rodata        0x0000d344      0x1ac ./drivers/fsl_clock.o
 .rodata        0x0000d4f0      0x162 ./drivers/fsl_dac.o
 *fill*         0x0000d652        0x2 ff
 .rodata        0x0000d654       0x4e ./drivers/fsl_flash.o
                0x0000d654                kFCCOBx
                0x0000d658                kFPROTL
                0x0000d684                kPFlashDensities
 *fill*         0x0000d6a2        0x2 ff
 .rodata        0x0000d6a4      0xaf7 ./drivers/fsl_flexcan.o
 *fill*         0x0000e19b        0x1 ff
 .rodata        0x0000e19c        0x2 ./drivers/fsl_smc.o
 *fill*         0x0000e19e        0x2 ff
 .rodata        0x0000e1a0      0x54b ./drivers/fsl_uart.o
 *fill*         0x0000e6eb        0x1 ff
 .rodata        0x0000e6ec       0x38 ./board/clock_config.o
                0x0000e6ec                mcgConfig_BOARD_BootClockRUN
                0x0000e6f8                simConfig_BOARD_BootClockRUN
                0x0000e700                oscConfig_BOARD_BootClockRUN
                0x0000e708                mcgConfig_BOARD_BootClockVLPR
                0x0000e714                simConfig_BOARD_BootClockVLPR
                0x0000e71c                oscConfig_BOARD_BootClockVLPR
 .rodata.__assertion_failed.str1.1
                0x0000e724       0x15 d:/nxp/mcuxpressoide_10.1.1_606/ide/tools/bin/../lib/gcc/arm-none-eabi/6.3.1/../../../../arm-none-eabi/lib/thumb/v7e-m/fpv4-sp/hard\libcr_semihost_nf.a(_cr_assert.o)
 *fill*         0x0000e739        0x3 ff
 .rodata.__num_Ciob_streams
                0x0000e73c        0x4 d:/nxp/mcuxpressoide_10.1.1_606/ide/tools/bin/../lib/gcc/arm-none-eabi/6.3.1/../../../../arm-none-eabi/lib/thumb/v7e-m/fpv4-sp/hard\libcr_semihost_nf.a(__ciob.o)
                0x0000e73c                __num_Ciob_streams
 .rodata._Csys_alloc.str1.1
                0x0000e740       0x18 d:/nxp/mcuxpressoide_10.1.1_606/ide/tools/bin/../lib/gcc/arm-none-eabi/6.3.1/../../../../arm-none-eabi/lib/thumb/v7e-m/fpv4-sp/hard\libcr_c.a(alloc.o)
 .rodata._initio.str1.1
                0x0000e758        0x4 d:/nxp/mcuxpressoide_10.1.1_606/ide/tools/bin/../lib/gcc/arm-none-eabi/6.3.1/../../../../arm-none-eabi/lib/thumb/v7e-m/fpv4-sp/hard\libcr_c.a(initio.o)
 .rodata.__vfprintf.str1.1
                0x0000e75c       0x35 d:/nxp/mcuxpressoide_10.1.1_606/ide/tools/bin/../lib/gcc/arm-none-eabi/6.3.1/../../../../arm-none-eabi/lib/thumb/v7e-m/fpv4-sp/hard\libcr_c.a(printf.o)
                                 0x38 (size before relaxing)
                0x0000e794                . = ALIGN (0x4)
 *fill*         0x0000e791        0x3 ff

.glue_7         0x0000e794        0x0
 .glue_7        0x0000e794        0x0 linker stubs

.glue_7t        0x0000e794        0x0
 .glue_7t       0x0000e794        0x0 linker stubs

.vfp11_veneer   0x0000e794        0x0
 .vfp11_veneer  0x0000e794        0x0 linker stubs

.v4_bx          0x0000e794        0x0
 .v4_bx         0x0000e794        0x0 linker stubs

.iplt           0x0000e794        0x0
 .iplt          0x0000e794        0x0 ./utilities/fsl_debug_console.o

.rel.dyn        0x0000e794        0x0
 .rel.iplt      0x0000e794        0x0 ./utilities/fsl_debug_console.o

.ARM.extab
 *(.ARM.extab* .gnu.linkonce.armextab.*)
                0x0000e794                __exidx_start = .

.ARM.exidx
 *(.ARM.exidx* .gnu.linkonce.armexidx.*)
                0x0000e794                __exidx_end = .
                0x0000e794                _etext = .

.m_usb_data
 *(m_usb_bdt)

.data_RAM2      0x1fff0000        0x0 load address 0x0000e794
 FILL mask 0xff
                [!provide]                PROVIDE (__start_data_RAM2, .)
 *(.ramfunc.$RAM2)
 *(.ramfunc.$SRAM_LOWER)
 *(.data.$RAM2*)
 *(.data.$SRAM_LOWER*)
                0x1fff0000                . = ALIGN (0x4)
                [!provide]                PROVIDE (__end_data_RAM2, .)

.data_RAM3      0x14000000        0x0 load address 0x0000e794
 FILL mask 0xff
                [!provide]                PROVIDE (__start_data_RAM3, .)
 *(.ramfunc.$RAM3)
 *(.ramfunc.$FLEX_RAM)
 *(.data.$RAM3*)
 *(.data.$FLEX_RAM*)
                0x14000000                . = ALIGN (0x4)
                [!provide]                PROVIDE (__end_data_RAM3, .)

.uninit_RESERVED
                0x20000000        0x0
 *(.bss.$RESERVED*)
                0x20000000                . = ALIGN (0x4)
                0x20000000                _end_uninit_RESERVED = .

.data           0x20000000       0x10 load address 0x0000e794
 FILL mask 0xff
                0x20000000                _data = .
 *(vtable)
 *(.ramfunc*)
 *(.data*)
 .data          0x20000000        0x4 ./freertos/portable/port.o
 .data          0x20000004        0x8 ./drivers/fsl_clock.o
 .data          0x2000000c        0x4 ./CMSIS/system_MK64F12.o
                0x2000000c                SystemCoreClock
                0x20000010                . = ALIGN (0x4)
                0x20000010                _edata = .

.igot.plt       0x20000010        0x0 load address 0x0000e7a4
 .igot.plt      0x20000010        0x0 ./utilities/fsl_debug_console.o

.bss_RAM2       0x1fff0000        0x0
                [!provide]                PROVIDE (__start_bss_RAM2, .)
 *(.bss.$RAM2*)
 *(.bss.$SRAM_LOWER*)
                0x1fff0000                . = ALIGN ((. != 0x0)?0x4:0x1)
                [!provide]                PROVIDE (__end_bss_RAM2, .)

.bss_RAM3       0x14000000        0x0
                [!provide]                PROVIDE (__start_bss_RAM3, .)
 *(.bss.$RAM3*)
 *(.bss.$FLEX_RAM*)
                0x14000000                . = ALIGN ((. != 0x0)?0x4:0x1)
                [!provide]                PROVIDE (__end_bss_RAM3, .)

.bss            0x20000010     0x2b7c
                0x20000010                _bss = .
 *(.bss*)
 .bss           0x20000010        0x8 ./utilities/fsl_io.o
 .bss           0x20000018       0x28 ./source/can_driver.o
                0x20000018                rxCompleteThrottle
                0x20000019                rxCompleteBrake
                0x2000001a                rxCompleteSteering
                0x2000001b                rxComplete
                0x2000001c                errFlag
                0x20000020                txFrame
                0x20000030                RxMessage
 .bss           0x20000040       0x18 ./source/canrx_task.o
                0x20000040                CANRxTaskHandle
 .bss           0x20000058        0x2 ./source/dac_driver.o
                0x20000058                dacConfigStruct
 *fill*         0x2000005a        0x2 
 .bss           0x2000005c        0xc ./source/dac_task.o
                0x2000005c                DACTaskHandle
                0x20000060                xThrottleQueue
 .bss           0x20000068       0x40 ./freertos/source/queue.o
                0x20000068                xQueueRegistry
 .bss           0x200000a8      0x104 ./freertos/source/tasks.o
                0x200000a8                pxCurrentTCB
 .bss           0x200001ac       0x3c ./freertos/source/timers.o
 .bss           0x200001e8     0x2818 ./freertos/portable/heap_4.o
 .bss           0x20002a00        0x8 ./freertos/portable/port.o
 .bss           0x20002a08        0x8 ./drivers/fsl_clock.o
                0x20002a08                g_xtal0Freq
                0x20002a0c                g_xtal32Freq
 .bss           0x20002a10       0x94 ./drivers/fsl_flash.o
 .bss           0x20002aa4        0x8 ./drivers/fsl_flexcan.o
 .bss           0x20002aac        0x4 ./drivers/fsl_smc.o
 .bss           0x20002ab0       0x1c ./drivers/fsl_uart.o
 .bss.__Ciob    0x20002acc       0xb4 d:/nxp/mcuxpressoide_10.1.1_606/ide/tools/bin/../lib/gcc/arm-none-eabi/6.3.1/../../../../arm-none-eabi/lib/thumb/v7e-m/fpv4-sp/hard\libcr_semihost_nf.a(__ciob.o)
                0x20002acc                __Ciob
 .bss.__end_of_heap
                0x20002b80        0x4 d:/nxp/mcuxpressoide_10.1.1_606/ide/tools/bin/../lib/gcc/arm-none-eabi/6.3.1/../../../../arm-none-eabi/lib/thumb/v7e-m/fpv4-sp/hard\libcr_c.a(__init_alloc.o)
                0x20002b80                __end_of_heap
 .bss.__heaps   0x20002b84        0x4 d:/nxp/mcuxpressoide_10.1.1_606/ide/tools/bin/../lib/gcc/arm-none-eabi/6.3.1/../../../../arm-none-eabi/lib/thumb/v7e-m/fpv4-sp/hard\libcr_c.a(__init_alloc.o)
                0x20002b84                __heaps
 .bss.errno     0x20002b88        0x4 d:/nxp/mcuxpressoide_10.1.1_606/ide/tools/bin/../lib/gcc/arm-none-eabi/6.3.1/../../../../arm-none-eabi/lib/thumb/v7e-m/fpv4-sp/hard\libcr_c.a(errno.o)
                0x20002b88                errno
 *(COMMON)
                0x20002b8c                . = ALIGN (0x4)
                0x20002b8c                _ebss = .
                [!provide]                PROVIDE (end, .)

.noinit_RAM2    0x1fff0000        0x0
 *(.noinit.$RAM2*)
 *(.noinit.$SRAM_LOWER*)
                0x1fff0000                . = ALIGN (0x4)

.noinit_RAM3    0x14000000        0x0
 *(.noinit.$RAM3*)
 *(.noinit.$FLEX_RAM*)
                0x14000000                . = ALIGN (0x4)

.noinit         0x20002b8c        0x0
                0x20002b8c                _noinit = .
 *(.noinit*)
                0x20002b8c                . = ALIGN (0x4)
                0x20002b8c                _end_noinit = .
                0x00001000                _HeapSize = 0x1000

.heap           0x20002b8c     0x1000
                0x20002b8c                _pvHeapStart = .
                0x20003b8c                . = (. + _HeapSize)
 *fill*         0x20002b8c     0x1000 
                0x20003b8c                . = ALIGN (0x4)
                0x20003b8c                _pvHeapLimit = .
                0x00001000                _StackSize = 0x1000

.heap2stackfill
                0x20003b8c     0x1000
                0x20004b8c                . = (. + _StackSize)
 *fill*         0x20003b8c     0x1000 

.stack          0x2002f000        0x0
                0x2002f000                _vStackBase = .
                0x2002f000                . = ALIGN (0x4)
                0x20030000                _vStackTop = (. + _StackSize)
                0x00000000                _image_start = LOADADDR (.text)
                0x0000e7a4                _image_end = (LOADADDR (.data) + SIZEOF (.data))
                0x0000e7a4                _image_size = (_image_end - _image_start)
OUTPUT(FSAE_VFD_ECU_K64.axf elf32-littlearm)

.debug_info     0x00000000    0x14b82
 .debug_info    0x00000000      0x2c3 ./utilities/fsl_debug_console.o
 .debug_info    0x000002c3      0x81e ./utilities/fsl_io.o
 .debug_info    0x00000ae1      0x34e ./utilities/fsl_log.o
 .debug_info    0x00000e2f      0x8b7 ./startup/startup_mk64f12.o
 .debug_info    0x000016e6      0x7d1 ./source/can_api.o
 .debug_info    0x00001eb7     0x14ad ./source/can_driver.o
 .debug_info    0x00003364      0x837 ./source/canrx_task.o
 .debug_info    0x00003b9b      0x86f ./source/dac_driver.o
 .debug_info    0x0000440a      0x796 ./source/dac_task.o
 .debug_info    0x00004ba0      0x58a ./source/main.o
 .debug_info    0x0000512a       0x3b ./source/semihost_hardfault.o
 .debug_info    0x00005165      0x68c ./source/sensors.o
 .debug_info    0x000057f1      0x2cb ./freertos/source/list.o
 .debug_info    0x00005abc     0x141a ./freertos/source/queue.o
 .debug_info    0x00006ed6     0x1e94 ./freertos/source/tasks.o
 .debug_info    0x00008d6a      0xd4a ./freertos/source/timers.o
 .debug_info    0x00009ab4       0xed ./freertos/portable/fsl_tickless_systick.o
 .debug_info    0x00009ba1      0x3f1 ./freertos/portable/heap_4.o
 .debug_info    0x00009f92      0x50b ./freertos/portable/port.o
 .debug_info    0x0000a49d     0x1e89 ./drivers/fsl_clock.o
 .debug_info    0x0000c326      0x9b4 ./drivers/fsl_dac.o
 .debug_info    0x0000ccda     0x1e79 ./drivers/fsl_flash.o
 .debug_info    0x0000eb53     0x1d60 ./drivers/fsl_flexcan.o
 .debug_info    0x000108b3      0xa73 ./drivers/fsl_smc.o
 .debug_info    0x00011326     0x19d5 ./drivers/fsl_uart.o
 .debug_info    0x00012cfb      0x713 ./board/board.o
 .debug_info    0x0001340e      0xaac ./board/clock_config.o
 .debug_info    0x00013eba       0x3b ./board/peripherals.o
 .debug_info    0x00013ef5      0x667 ./board/pin_mux.o
 .debug_info    0x0001455c      0x626 ./CMSIS/system_MK64F12.o

.debug_abbrev   0x00000000     0x355a
 .debug_abbrev  0x00000000      0x105 ./utilities/fsl_debug_console.o
 .debug_abbrev  0x00000105      0x21e ./utilities/fsl_io.o
 .debug_abbrev  0x00000323      0x17e ./utilities/fsl_log.o
 .debug_abbrev  0x000004a1      0x15c ./startup/startup_mk64f12.o
 .debug_abbrev  0x000005fd      0x1ca ./source/can_api.o
 .debug_abbrev  0x000007c7      0x2a6 ./source/can_driver.o
 .debug_abbrev  0x00000a6d      0x189 ./source/canrx_task.o
 .debug_abbrev  0x00000bf6      0x192 ./source/dac_driver.o
 .debug_abbrev  0x00000d88      0x189 ./source/dac_task.o
 .debug_abbrev  0x00000f11      0x124 ./source/main.o
 .debug_abbrev  0x00001035       0x2f ./source/semihost_hardfault.o
 .debug_abbrev  0x00001064      0x158 ./source/sensors.o
 .debug_abbrev  0x000011bc      0x112 ./freertos/source/list.o
 .debug_abbrev  0x000012ce      0x253 ./freertos/source/queue.o
 .debug_abbrev  0x00001521      0x2fc ./freertos/source/tasks.o
 .debug_abbrev  0x0000181d      0x219 ./freertos/source/timers.o
 .debug_abbrev  0x00001a36       0x92 ./freertos/portable/fsl_tickless_systick.o
 .debug_abbrev  0x00001ac8      0x1e8 ./freertos/portable/heap_4.o
 .debug_abbrev  0x00001cb0      0x24c ./freertos/portable/port.o
 .debug_abbrev  0x00001efc      0x305 ./drivers/fsl_clock.o
 .debug_abbrev  0x00002201      0x207 ./drivers/fsl_dac.o
 .debug_abbrev  0x00002408      0x265 ./drivers/fsl_flash.o
 .debug_abbrev  0x0000266d      0x2e7 ./drivers/fsl_flexcan.o
 .debug_abbrev  0x00002954      0x2bd ./drivers/fsl_smc.o
 .debug_abbrev  0x00002c11      0x2ff ./drivers/fsl_uart.o
 .debug_abbrev  0x00002f10      0x15a ./board/board.o
 .debug_abbrev  0x0000306a      0x1f0 ./board/clock_config.o
 .debug_abbrev  0x0000325a       0x2f ./board/peripherals.o
 .debug_abbrev  0x00003289      0x195 ./board/pin_mux.o
 .debug_abbrev  0x0000341e      0x13c ./CMSIS/system_MK64F12.o

.debug_aranges  0x00000000      0x428
 .debug_aranges
                0x00000000       0x20 ./utilities/fsl_debug_console.o
 .debug_aranges
                0x00000020       0x20 ./utilities/fsl_io.o
 .debug_aranges
                0x00000040       0x20 ./utilities/fsl_log.o
 .debug_aranges
                0x00000060       0x88 ./startup/startup_mk64f12.o
 .debug_aranges
                0x000000e8       0x20 ./source/can_api.o
 .debug_aranges
                0x00000108       0x20 ./source/can_driver.o
 .debug_aranges
                0x00000128       0x20 ./source/canrx_task.o
 .debug_aranges
                0x00000148       0x20 ./source/dac_driver.o
 .debug_aranges
                0x00000168       0x20 ./source/dac_task.o
 .debug_aranges
                0x00000188       0x20 ./source/main.o
 .debug_aranges
                0x000001a8       0x20 ./source/semihost_hardfault.o
 .debug_aranges
                0x000001c8       0x20 ./source/sensors.o
 .debug_aranges
                0x000001e8       0x20 ./freertos/source/list.o
 .debug_aranges
                0x00000208       0x20 ./freertos/source/queue.o
 .debug_aranges
                0x00000228       0x20 ./freertos/source/tasks.o
 .debug_aranges
                0x00000248       0x20 ./freertos/source/timers.o
 .debug_aranges
                0x00000268       0x20 ./freertos/portable/fsl_tickless_systick.o
 .debug_aranges
                0x00000288       0x20 ./freertos/portable/heap_4.o
 .debug_aranges
                0x000002a8       0x20 ./freertos/portable/port.o
 .debug_aranges
                0x000002c8       0x20 ./drivers/fsl_clock.o
 .debug_aranges
                0x000002e8       0x20 ./drivers/fsl_dac.o
 .debug_aranges
                0x00000308       0x20 ./drivers/fsl_flash.o
 .debug_aranges
                0x00000328       0x20 ./drivers/fsl_flexcan.o
 .debug_aranges
                0x00000348       0x20 ./drivers/fsl_smc.o
 .debug_aranges
                0x00000368       0x20 ./drivers/fsl_uart.o
 .debug_aranges
                0x00000388       0x20 ./board/board.o
 .debug_aranges
                0x000003a8       0x20 ./board/clock_config.o
 .debug_aranges
                0x000003c8       0x20 ./board/peripherals.o
 .debug_aranges
                0x000003e8       0x20 ./board/pin_mux.o
 .debug_aranges
                0x00000408       0x20 ./CMSIS/system_MK64F12.o

.debug_macro    0x00000000    0x15243
 .debug_macro   0x00000000      0x13a ./utilities/fsl_debug_console.o
 .debug_macro   0x0000013a      0x8ec ./utilities/fsl_debug_console.o
 .debug_macro   0x00000a26       0x10 ./utilities/fsl_debug_console.o
 .debug_macro   0x00000a36       0x16 ./utilities/fsl_debug_console.o
 .debug_macro   0x00000a4c       0x10 ./utilities/fsl_debug_console.o
 .debug_macro   0x00000a5c      0x12d ./utilities/fsl_debug_console.o
 .debug_macro   0x00000b89       0x28 ./utilities/fsl_debug_console.o
 .debug_macro   0x00000bb1       0x16 ./utilities/fsl_debug_console.o
 .debug_macro   0x00000bc7       0x22 ./utilities/fsl_debug_console.o
 .debug_macro   0x00000be9      0x5b2 ./utilities/fsl_debug_console.o
 .debug_macro   0x0000119b       0x10 ./utilities/fsl_debug_console.o
 .debug_macro   0x000011ab       0x5b ./utilities/fsl_debug_console.o
 .debug_macro   0x00001206       0x1c ./utilities/fsl_debug_console.o
 .debug_macro   0x00001222       0x22 ./utilities/fsl_debug_console.o
 .debug_macro   0x00001244       0xd9 ./utilities/fsl_debug_console.o
 .debug_macro   0x0000131d      0xec1 ./utilities/fsl_debug_console.o
 .debug_macro   0x000021de       0x44 ./utilities/fsl_debug_console.o
 .debug_macro   0x00002222     0xe07b ./utilities/fsl_debug_console.o
 .debug_macro   0x0001029d     0x143f ./utilities/fsl_debug_console.o
 .debug_macro   0x000116dc       0x46 ./utilities/fsl_debug_console.o
 .debug_macro   0x00011722      0x171 ./utilities/fsl_debug_console.o
 .debug_macro   0x00011893       0x5f ./utilities/fsl_debug_console.o
 .debug_macro   0x000118f2       0xd2 ./utilities/fsl_debug_console.o
 .debug_macro   0x000119c4       0x1c ./utilities/fsl_debug_console.o
 .debug_macro   0x000119e0       0x43 ./utilities/fsl_debug_console.o
 .debug_macro   0x00011a23      0x102 ./utilities/fsl_io.o
 .debug_macro   0x00011b25       0x1c ./utilities/fsl_io.o
 .debug_macro   0x00011b41       0x10 ./utilities/fsl_io.o
 .debug_macro   0x00011b51      0x1c5 ./utilities/fsl_log.o
 .debug_macro   0x00011d16       0x10 ./utilities/fsl_log.o
 .debug_macro   0x00011d26      0x1a0 ./utilities/fsl_log.o
 .debug_macro   0x00011ec6      0x168 ./utilities/fsl_log.o
 .debug_macro   0x0001202e       0xeb ./utilities/fsl_log.o
 .debug_macro   0x00012119       0x10 ./utilities/fsl_log.o
 .debug_macro   0x00012129       0x1f ./utilities/fsl_log.o
 .debug_macro   0x00012148      0x353 ./utilities/fsl_log.o
 .debug_macro   0x0001249b       0xc0 ./utilities/fsl_log.o
 .debug_macro   0x0001255b       0x8c ./utilities/fsl_log.o
 .debug_macro   0x000125e7       0x94 ./utilities/fsl_log.o
 .debug_macro   0x0001267b       0x78 ./utilities/fsl_log.o
 .debug_macro   0x000126f3       0x29 ./startup/startup_mk64f12.o
 .debug_macro   0x0001271c      0x228 ./source/can_api.o
 .debug_macro   0x00012944       0x16 ./source/can_api.o
 .debug_macro   0x0001295a      0x1a0 ./source/can_api.o
 .debug_macro   0x00012afa       0x91 ./source/can_api.o
 .debug_macro   0x00012b8b       0x16 ./source/can_api.o
 .debug_macro   0x00012ba1       0x10 ./source/can_api.o
 .debug_macro   0x00012bb1      0x15e ./source/can_api.o
 .debug_macro   0x00012d0f       0x82 ./source/can_api.o
 .debug_macro   0x00012d91       0xd7 ./source/can_api.o
 .debug_macro   0x00012e68       0x10 ./source/can_api.o
 .debug_macro   0x00012e78       0x22 ./source/can_api.o
 .debug_macro   0x00012e9a       0x52 ./source/can_api.o
 .debug_macro   0x00012eec       0x46 ./source/can_api.o
 .debug_macro   0x00012f32      0x228 ./source/can_driver.o
 .debug_macro   0x0001315a      0x22e ./source/canrx_task.o
 .debug_macro   0x00013388      0x22e ./source/dac_driver.o
 .debug_macro   0x000135b6      0x234 ./source/dac_task.o
 .debug_macro   0x000137ea      0x228 ./source/main.o
 .debug_macro   0x00013a12       0x11 ./source/semihost_hardfault.o
 .debug_macro   0x00013a23      0x228 ./source/sensors.o
 .debug_macro   0x00013c4b       0xb9 ./freertos/source/list.o
 .debug_macro   0x00013d04      0x122 ./freertos/source/queue.o
 .debug_macro   0x00013e26      0x185 ./freertos/source/tasks.o
 .debug_macro   0x00013fab       0x11 ./freertos/source/tasks.o
 .debug_macro   0x00013fbc       0xf6 ./freertos/source/timers.o
 .debug_macro   0x000140b2       0xbd ./freertos/portable/fsl_tickless_systick.o
 .debug_macro   0x0001416f       0x7c ./freertos/portable/fsl_tickless_systick.o
 .debug_macro   0x000141eb       0xe0 ./freertos/portable/heap_4.o
 .debug_macro   0x000142cb      0x135 ./freertos/portable/port.o
 .debug_macro   0x00014400      0x1a6 ./drivers/fsl_clock.o
 .debug_macro   0x000145a6       0xf0 ./drivers/fsl_dac.o
 .debug_macro   0x00014696      0x34b ./drivers/fsl_flash.o
 .debug_macro   0x000149e1       0x43 ./drivers/fsl_flash.o
 .debug_macro   0x00014a24       0xf5 ./drivers/fsl_flexcan.o
 .debug_macro   0x00014b19       0xd1 ./drivers/fsl_flexcan.o
 .debug_macro   0x00014bea       0xf9 ./drivers/fsl_smc.o
 .debug_macro   0x00014ce3       0x49 ./drivers/fsl_smc.o
 .debug_macro   0x00014d2c       0xf6 ./drivers/fsl_uart.o
 .debug_macro   0x00014e22      0x129 ./board/board.o
 .debug_macro   0x00014f4b       0x1c ./board/board.o
 .debug_macro   0x00014f67      0x127 ./board/clock_config.o
 .debug_macro   0x0001508e       0x1b ./board/peripherals.o
 .debug_macro   0x000150a9       0xf2 ./board/pin_mux.o
 .debug_macro   0x0001519b       0x10 ./board/pin_mux.o
 .debug_macro   0x000151ab       0x98 ./CMSIS/system_MK64F12.o

.debug_line     0x00000000     0x7b4e
 .debug_line    0x00000000      0x2b5 ./utilities/fsl_debug_console.o
 .debug_line    0x000002b5      0x2c4 ./utilities/fsl_io.o
 .debug_line    0x00000579      0x40c ./utilities/fsl_log.o
 .debug_line    0x00000985      0x183 ./startup/startup_mk64f12.o
 .debug_line    0x00000b08      0x4cb ./source/can_api.o
 .debug_line    0x00000fd3      0x517 ./source/can_driver.o
 .debug_line    0x000014ea      0x4c6 ./source/canrx_task.o
 .debug_line    0x000019b0      0x4c3 ./source/dac_driver.o
 .debug_line    0x00001e73      0x4b7 ./source/dac_task.o
 .debug_line    0x0000232a      0x4c2 ./source/main.o
 .debug_line    0x000027ec       0x54 ./source/semihost_hardfault.o
 .debug_line    0x00002840      0x4b7 ./source/sensors.o
 .debug_line    0x00002cf7      0x269 ./freertos/source/list.o
 .debug_line    0x00002f60      0x85f ./freertos/source/queue.o
 .debug_line    0x000037bf      0xba8 ./freertos/source/tasks.o
 .debug_line    0x00004367      0x4bd ./freertos/source/timers.o
 .debug_line    0x00004824      0x25f ./freertos/portable/fsl_tickless_systick.o
 .debug_line    0x00004a83      0x321 ./freertos/portable/heap_4.o
 .debug_line    0x00004da4      0x37b ./freertos/portable/port.o
 .debug_line    0x0000511f      0x645 ./drivers/fsl_clock.o
 .debug_line    0x00005764      0x2a8 ./drivers/fsl_dac.o
 .debug_line    0x00005a0c      0x5dd ./drivers/fsl_flash.o
 .debug_line    0x00005fe9      0x6f7 ./drivers/fsl_flexcan.o
 .debug_line    0x000066e0      0x361 ./drivers/fsl_smc.o
 .debug_line    0x00006a41      0x73c ./drivers/fsl_uart.o
 .debug_line    0x0000717d      0x29f ./board/board.o
 .debug_line    0x0000741c      0x28a ./board/clock_config.o
 .debug_line    0x000076a6       0x58 ./board/peripherals.o
 .debug_line    0x000076fe      0x260 ./board/pin_mux.o
 .debug_line    0x0000795e      0x1f0 ./CMSIS/system_MK64F12.o

.debug_str      0x00000000    0x8b7da
 .debug_str     0x00000000    0x7916d ./utilities/fsl_debug_console.o
                              0x79229 (size before relaxing)
 .debug_str     0x0007916d      0xa25 ./utilities/fsl_io.o
                              0x7975a (size before relaxing)
 .debug_str     0x00079b92     0x470f ./utilities/fsl_log.o
                              0x7d497 (size before relaxing)
 .debug_str     0x0007e2a1      0x7c0 ./startup/startup_mk64f12.o
                               0x2e80 (size before relaxing)
 .debug_str     0x0007ea61     0x2c55 ./source/can_api.o
                              0x7f994 (size before relaxing)
 .debug_str     0x000816b6      0xa65 ./source/can_driver.o
                              0x80a3e (size before relaxing)
 .debug_str     0x0008211b       0xb5 ./source/canrx_task.o
                              0x7fe89 (size before relaxing)
 .debug_str     0x000821d0      0x128 ./source/dac_driver.o
                              0x7fe83 (size before relaxing)
 .debug_str     0x000822f8       0x88 ./source/dac_task.o
                              0x7fdf0 (size before relaxing)
 .debug_str     0x00082380       0x16 ./source/main.o
                              0x7f817 (size before relaxing)
 .debug_str     0x00082396       0x1f ./source/semihost_hardfault.o
                               0x2608 (size before relaxing)
 .debug_str     0x000823b5       0x67 ./source/sensors.o
                              0x7f8fc (size before relaxing)
 .debug_str     0x0008241c      0x13c ./freertos/source/list.o
                               0x6f6d (size before relaxing)
 .debug_str     0x00082558      0x80e ./freertos/source/queue.o
                               0x852c (size before relaxing)
 .debug_str     0x00082d66     0x1390 ./freertos/source/tasks.o
                               0x9201 (size before relaxing)
 .debug_str     0x000840f6      0x4c4 ./freertos/source/timers.o
                               0x8a33 (size before relaxing)
 .debug_str     0x000845ba      0x3c4 ./freertos/portable/fsl_tickless_systick.o
                               0x7736 (size before relaxing)
 .debug_str     0x0008497e      0x22a ./freertos/portable/heap_4.o
                               0x767a (size before relaxing)
 .debug_str     0x00084ba8      0x522 ./freertos/portable/port.o
                               0x7cd6 (size before relaxing)
 .debug_str     0x000850ca     0x18a7 ./drivers/fsl_clock.o
                              0x7ae9d (size before relaxing)
 .debug_str     0x00086971      0x30c ./drivers/fsl_dac.o
                              0x7977d (size before relaxing)
 .debug_str     0x00086c7d     0x2bd6 ./drivers/fsl_flash.o
                              0x7bdd7 (size before relaxing)
 .debug_str     0x00089853      0xcb5 ./drivers/fsl_flexcan.o
                              0x7b744 (size before relaxing)
 .debug_str     0x0008a508      0x3ab ./drivers/fsl_smc.o
                              0x7980c (size before relaxing)
 .debug_str     0x0008a8b3      0x9c2 ./drivers/fsl_uart.o
                              0x7a78e (size before relaxing)
 .debug_str     0x0008b275       0x37 ./board/board.o
                              0x79e3e (size before relaxing)
 .debug_str     0x0008b2ac      0x2a3 ./board/clock_config.o
                              0x79904 (size before relaxing)
 .debug_str     0x0008b54f       0x31 ./board/peripherals.o
                               0x2619 (size before relaxing)
 .debug_str     0x0008b580      0x1b5 ./board/pin_mux.o
                              0x79396 (size before relaxing)
 .debug_str     0x0008b735       0xa5 ./CMSIS/system_MK64F12.o
                              0x77e9c (size before relaxing)

.comment        0x00000000       0x7f
 .comment       0x00000000       0x7f ./utilities/fsl_debug_console.o
                                 0x80 (size before relaxing)
 .comment       0x0000007f       0x80 ./utilities/fsl_io.o
 .comment       0x0000007f       0x80 ./utilities/fsl_log.o
 .comment       0x0000007f       0x80 ./startup/startup_mk64f12.o
 .comment       0x0000007f       0x80 ./source/can_api.o
 .comment       0x0000007f       0x80 ./source/can_driver.o
 .comment       0x0000007f       0x80 ./source/canrx_task.o
 .comment       0x0000007f       0x80 ./source/dac_driver.o
 .comment       0x0000007f       0x80 ./source/dac_task.o
 .comment       0x0000007f       0x80 ./source/main.o
 .comment       0x0000007f       0x80 ./source/semihost_hardfault.o
 .comment       0x0000007f       0x80 ./source/sensors.o
 .comment       0x0000007f       0x80 ./freertos/source/list.o
 .comment       0x0000007f       0x80 ./freertos/source/queue.o
 .comment       0x0000007f       0x80 ./freertos/source/tasks.o
 .comment       0x0000007f       0x80 ./freertos/source/timers.o
 .comment       0x0000007f       0x80 ./freertos/portable/fsl_tickless_systick.o
 .comment       0x0000007f       0x80 ./freertos/portable/heap_4.o
 .comment       0x0000007f       0x80 ./freertos/portable/port.o
 .comment       0x0000007f       0x80 ./drivers/fsl_clock.o
 .comment       0x0000007f       0x80 ./drivers/fsl_dac.o
 .comment       0x0000007f       0x80 ./drivers/fsl_flash.o
 .comment       0x0000007f       0x80 ./drivers/fsl_flexcan.o
 .comment       0x0000007f       0x80 ./drivers/fsl_smc.o
 .comment       0x0000007f       0x80 ./drivers/fsl_uart.o
 .comment       0x0000007f       0x80 ./board/board.o
 .comment       0x0000007f       0x80 ./board/clock_config.o
 .comment       0x0000007f       0x80 ./board/peripherals.o
 .comment       0x0000007f       0x80 ./board/pin_mux.o
 .comment       0x0000007f       0x80 ./CMSIS/system_MK64F12.o
 .comment       0x0000007f       0x80 d:/nxp/mcuxpressoide_10.1.1_606/ide/tools/bin/../lib/gcc/arm-none-eabi/6.3.1/../../../../arm-none-eabi/lib/thumb/v7e-m/fpv4-sp/hard\libcr_semihost_nf.a(_cr__main.o)
 .comment       0x0000007f       0x80 d:/nxp/mcuxpressoide_10.1.1_606/ide/tools/bin/../lib/gcc/arm-none-eabi/6.3.1/../../../../arm-none-eabi/lib/thumb/v7e-m/fpv4-sp/hard\libcr_semihost_nf.a(_cr_assert.o)
 .comment       0x0000007f       0x80 d:/nxp/mcuxpressoide_10.1.1_606/ide/tools/bin/../lib/gcc/arm-none-eabi/6.3.1/../../../../arm-none-eabi/lib/thumb/v7e-m/fpv4-sp/hard\libcr_semihost_nf.a(__ciob.o)
 .comment       0x0000007f       0x80 d:/nxp/mcuxpressoide_10.1.1_606/ide/tools/bin/../lib/gcc/arm-none-eabi/6.3.1/../../../../arm-none-eabi/lib/thumb/v7e-m/fpv4-sp/hard\libcr_c.a(memcpy.o)
 .comment       0x0000007f       0x80 d:/nxp/mcuxpressoide_10.1.1_606/ide/tools/bin/../lib/gcc/arm-none-eabi/6.3.1/../../../../arm-none-eabi/lib/thumb/v7e-m/fpv4-sp/hard\libcr_c.a(memset.o)
 .comment       0x0000007f       0x80 d:/nxp/mcuxpressoide_10.1.1_606/ide/tools/bin/../lib/gcc/arm-none-eabi/6.3.1/../../../../arm-none-eabi/lib/thumb/v7e-m/fpv4-sp/hard\libcr_c.a(_deferredlazyseek.o)
 .comment       0x0000007f       0x80 d:/nxp/mcuxpressoide_10.1.1_606/ide/tools/bin/../lib/gcc/arm-none-eabi/6.3.1/../../../../arm-none-eabi/lib/thumb/v7e-m/fpv4-sp/hard\libcr_c.a(_fflush.o)
 .comment       0x0000007f       0x80 d:/nxp/mcuxpressoide_10.1.1_606/ide/tools/bin/../lib/gcc/arm-none-eabi/6.3.1/../../../../arm-none-eabi/lib/thumb/v7e-m/fpv4-sp/hard\libcr_c.a(_writebuf.o)
 .comment       0x0000007f       0x80 d:/nxp/mcuxpressoide_10.1.1_606/ide/tools/bin/../lib/gcc/arm-none-eabi/6.3.1/../../../../arm-none-eabi/lib/thumb/v7e-m/fpv4-sp/hard\libcr_c.a(alloc.o)
 .comment       0x0000007f       0x80 d:/nxp/mcuxpressoide_10.1.1_606/ide/tools/bin/../lib/gcc/arm-none-eabi/6.3.1/../../../../arm-none-eabi/lib/thumb/v7e-m/fpv4-sp/hard\libcr_c.a(fputs.o)
 .comment       0x0000007f       0x80 d:/nxp/mcuxpressoide_10.1.1_606/ide/tools/bin/../lib/gcc/arm-none-eabi/6.3.1/../../../../arm-none-eabi/lib/thumb/v7e-m/fpv4-sp/hard\libcr_c.a(fseek.o)
 .comment       0x0000007f       0x80 d:/nxp/mcuxpressoide_10.1.1_606/ide/tools/bin/../lib/gcc/arm-none-eabi/6.3.1/../../../../arm-none-eabi/lib/thumb/v7e-m/fpv4-sp/hard\libcr_c.a(ftell.o)
 .comment       0x0000007f       0x80 d:/nxp/mcuxpressoide_10.1.1_606/ide/tools/bin/../lib/gcc/arm-none-eabi/6.3.1/../../../../arm-none-eabi/lib/thumb/v7e-m/fpv4-sp/hard\libcr_c.a(initio.o)
 .comment       0x0000007f       0x80 d:/nxp/mcuxpressoide_10.1.1_606/ide/tools/bin/../lib/gcc/arm-none-eabi/6.3.1/../../../../arm-none-eabi/lib/thumb/v7e-m/fpv4-sp/hard\libcr_c.a(printf.o)
 .comment       0x0000007f       0x80 d:/nxp/mcuxpressoide_10.1.1_606/ide/tools/bin/../lib/gcc/arm-none-eabi/6.3.1/../../../../arm-none-eabi/lib/thumb/v7e-m/fpv4-sp/hard\libcr_c.a(setvbuf.o)
 .comment       0x0000007f       0x80 d:/nxp/mcuxpressoide_10.1.1_606/ide/tools/bin/../lib/gcc/arm-none-eabi/6.3.1/../../../../arm-none-eabi/lib/thumb/v7e-m/fpv4-sp/hard\libcr_c.a(strlen.o)
 .comment       0x0000007f       0x80 d:/nxp/mcuxpressoide_10.1.1_606/ide/tools/bin/../lib/gcc/arm-none-eabi/6.3.1/../../../../arm-none-eabi/lib/thumb/v7e-m/fpv4-sp/hard\libcr_c.a(__init_alloc.o)
 .comment       0x0000007f       0x80 d:/nxp/mcuxpressoide_10.1.1_606/ide/tools/bin/../lib/gcc/arm-none-eabi/6.3.1/../../../../arm-none-eabi/lib/thumb/v7e-m/fpv4-sp/hard\libcr_c.a(_cr_sbrk.o)
 .comment       0x0000007f       0x80 d:/nxp/mcuxpressoide_10.1.1_606/ide/tools/bin/../lib/gcc/arm-none-eabi/6.3.1/../../../../arm-none-eabi/lib/thumb/v7e-m/fpv4-sp/hard\libcr_c.a(_fdopen.o)
 .comment       0x0000007f       0x80 d:/nxp/mcuxpressoide_10.1.1_606/ide/tools/bin/../lib/gcc/arm-none-eabi/6.3.1/../../../../arm-none-eabi/lib/thumb/v7e-m/fpv4-sp/hard\libcr_c.a(errno.o)
 .comment       0x0000007f       0x80 d:/nxp/mcuxpressoide_10.1.1_606/ide/tools/bin/../lib/gcc/arm-none-eabi/6.3.1/../../../../arm-none-eabi/lib/thumb/v7e-m/fpv4-sp/hard\libcr_c.a(fclose.o)
 .comment       0x0000007f       0x80 d:/nxp/mcuxpressoide_10.1.1_606/ide/tools/bin/../lib/gcc/arm-none-eabi/6.3.1/../../../../arm-none-eabi/lib/thumb/v7e-m/fpv4-sp/hard\libcr_c.a(fflush.o)
 .comment       0x0000007f       0x80 d:/nxp/mcuxpressoide_10.1.1_606/ide/tools/bin/../lib/gcc/arm-none-eabi/6.3.1/../../../../arm-none-eabi/lib/thumb/v7e-m/fpv4-sp/hard\libcr_c.a(remove.o)
 .comment       0x0000007f       0x80 d:/nxp/mcuxpressoide_10.1.1_606/ide/tools/bin/../lib/gcc/arm-none-eabi/6.3.1/../../../../arm-none-eabi/lib/thumb/v7e-m/fpv4-sp/hard\libcr_c.a(_cr_check_heap.o)
 .comment       0x0000007f       0x80 d:/nxp/mcuxpressoide_10.1.1_606/ide/tools/bin/../lib/gcc/arm-none-eabi/6.3.1/../../../../arm-none-eabi/lib/thumb/v7e-m/fpv4-sp/hard\libcr_c.a(_do_fflush.o)

.ARM.attributes
                0x00000000       0x37
 .ARM.attributes
                0x00000000       0x39 ./utilities/fsl_debug_console.o
 .ARM.attributes
                0x00000039       0x39 ./utilities/fsl_io.o
 .ARM.attributes
                0x00000072       0x39 ./utilities/fsl_log.o
 .ARM.attributes
                0x000000ab       0x39 ./startup/startup_mk64f12.o
 .ARM.attributes
                0x000000e4       0x39 ./source/can_api.o
 .ARM.attributes
                0x0000011d       0x39 ./source/can_driver.o
 .ARM.attributes
                0x00000156       0x39 ./source/canrx_task.o
 .ARM.attributes
                0x0000018f       0x39 ./source/dac_driver.o
 .ARM.attributes
                0x000001c8       0x39 ./source/dac_task.o
 .ARM.attributes
                0x00000201       0x39 ./source/main.o
 .ARM.attributes
                0x0000023a       0x39 ./source/semihost_hardfault.o
 .ARM.attributes
                0x00000273       0x39 ./source/sensors.o
 .ARM.attributes
                0x000002ac       0x39 ./freertos/source/list.o
 .ARM.attributes
                0x000002e5       0x39 ./freertos/source/queue.o
 .ARM.attributes
                0x0000031e       0x39 ./freertos/source/tasks.o
 .ARM.attributes
                0x00000357       0x39 ./freertos/source/timers.o
 .ARM.attributes
                0x00000390       0x39 ./freertos/portable/fsl_tickless_systick.o
 .ARM.attributes
                0x000003c9       0x39 ./freertos/portable/heap_4.o
 .ARM.attributes
                0x00000402       0x39 ./freertos/portable/port.o
 .ARM.attributes
                0x0000043b       0x39 ./drivers/fsl_clock.o
 .ARM.attributes
                0x00000474       0x39 ./drivers/fsl_dac.o
 .ARM.attributes
                0x000004ad       0x39 ./drivers/fsl_flash.o
 .ARM.attributes
                0x000004e6       0x39 ./drivers/fsl_flexcan.o
 .ARM.attributes
                0x0000051f       0x39 ./drivers/fsl_smc.o
 .ARM.attributes
                0x00000558       0x39 ./drivers/fsl_uart.o
 .ARM.attributes
                0x00000591       0x39 ./board/board.o
 .ARM.attributes
                0x000005ca       0x39 ./board/clock_config.o
 .ARM.attributes
                0x00000603       0x39 ./board/peripherals.o
 .ARM.attributes
                0x0000063c       0x39 ./board/pin_mux.o
 .ARM.attributes
                0x00000675       0x39 ./CMSIS/system_MK64F12.o
 .ARM.attributes
                0x000006ae       0x39 d:/nxp/mcuxpressoide_10.1.1_606/ide/tools/bin/../lib/gcc/arm-none-eabi/6.3.1/../../../../arm-none-eabi/lib/thumb/v7e-m/fpv4-sp/hard\libcr_semihost_nf.a(_cr__main.o)
 .ARM.attributes
                0x000006e7       0x39 d:/nxp/mcuxpressoide_10.1.1_606/ide/tools/bin/../lib/gcc/arm-none-eabi/6.3.1/../../../../arm-none-eabi/lib/thumb/v7e-m/fpv4-sp/hard\libcr_semihost_nf.a(_cr_assert.o)
 .ARM.attributes
                0x00000720       0x39 d:/nxp/mcuxpressoide_10.1.1_606/ide/tools/bin/../lib/gcc/arm-none-eabi/6.3.1/../../../../arm-none-eabi/lib/thumb/v7e-m/fpv4-sp/hard\libcr_semihost_nf.a(__ciob.o)
 .ARM.attributes
                0x00000759       0x25 d:/nxp/mcuxpressoide_10.1.1_606/ide/tools/bin/../lib/gcc/arm-none-eabi/6.3.1/../../../../arm-none-eabi/lib/thumb/v7e-m/fpv4-sp/hard\libcr_semihost_nf.a(__sys_appexit.o)
 .ARM.attributes
                0x0000077e       0x39 d:/nxp/mcuxpressoide_10.1.1_606/ide/tools/bin/../lib/gcc/arm-none-eabi/6.3.1/../../../../arm-none-eabi/lib/thumb/v7e-m/fpv4-sp/hard\libcr_c.a(memcpy.o)
 .ARM.attributes
                0x000007b7       0x39 d:/nxp/mcuxpressoide_10.1.1_606/ide/tools/bin/../lib/gcc/arm-none-eabi/6.3.1/../../../../arm-none-eabi/lib/thumb/v7e-m/fpv4-sp/hard\libcr_c.a(memset.o)
 .ARM.attributes
                0x000007f0       0x39 d:/nxp/mcuxpressoide_10.1.1_606/ide/tools/bin/../lib/gcc/arm-none-eabi/6.3.1/../../../../arm-none-eabi/lib/thumb/v7e-m/fpv4-sp/hard\libcr_c.a(_deferredlazyseek.o)
 .ARM.attributes
                0x00000829       0x39 d:/nxp/mcuxpressoide_10.1.1_606/ide/tools/bin/../lib/gcc/arm-none-eabi/6.3.1/../../../../arm-none-eabi/lib/thumb/v7e-m/fpv4-sp/hard\libcr_c.a(_fflush.o)
 .ARM.attributes
                0x00000862       0x39 d:/nxp/mcuxpressoide_10.1.1_606/ide/tools/bin/../lib/gcc/arm-none-eabi/6.3.1/../../../../arm-none-eabi/lib/thumb/v7e-m/fpv4-sp/hard\libcr_c.a(_writebuf.o)
 .ARM.attributes
                0x0000089b       0x39 d:/nxp/mcuxpressoide_10.1.1_606/ide/tools/bin/../lib/gcc/arm-none-eabi/6.3.1/../../../../arm-none-eabi/lib/thumb/v7e-m/fpv4-sp/hard\libcr_c.a(alloc.o)
 .ARM.attributes
                0x000008d4       0x39 d:/nxp/mcuxpressoide_10.1.1_606/ide/tools/bin/../lib/gcc/arm-none-eabi/6.3.1/../../../../arm-none-eabi/lib/thumb/v7e-m/fpv4-sp/hard\libcr_c.a(fputs.o)
 .ARM.attributes
                0x0000090d       0x39 d:/nxp/mcuxpressoide_10.1.1_606/ide/tools/bin/../lib/gcc/arm-none-eabi/6.3.1/../../../../arm-none-eabi/lib/thumb/v7e-m/fpv4-sp/hard\libcr_c.a(fseek.o)
 .ARM.attributes
                0x00000946       0x39 d:/nxp/mcuxpressoide_10.1.1_606/ide/tools/bin/../lib/gcc/arm-none-eabi/6.3.1/../../../../arm-none-eabi/lib/thumb/v7e-m/fpv4-sp/hard\libcr_c.a(ftell.o)
 .ARM.attributes
                0x0000097f       0x39 d:/nxp/mcuxpressoide_10.1.1_606/ide/tools/bin/../lib/gcc/arm-none-eabi/6.3.1/../../../../arm-none-eabi/lib/thumb/v7e-m/fpv4-sp/hard\libcr_c.a(initio.o)
 .ARM.attributes
                0x000009b8       0x39 d:/nxp/mcuxpressoide_10.1.1_606/ide/tools/bin/../lib/gcc/arm-none-eabi/6.3.1/../../../../arm-none-eabi/lib/thumb/v7e-m/fpv4-sp/hard\libcr_c.a(printf.o)
 .ARM.attributes
                0x000009f1       0x39 d:/nxp/mcuxpressoide_10.1.1_606/ide/tools/bin/../lib/gcc/arm-none-eabi/6.3.1/../../../../arm-none-eabi/lib/thumb/v7e-m/fpv4-sp/hard\libcr_c.a(setvbuf.o)
 .ARM.attributes
                0x00000a2a       0x39 d:/nxp/mcuxpressoide_10.1.1_606/ide/tools/bin/../lib/gcc/arm-none-eabi/6.3.1/../../../../arm-none-eabi/lib/thumb/v7e-m/fpv4-sp/hard\libcr_c.a(strlen.o)
 .ARM.attributes
                0x00000a63       0x39 d:/nxp/mcuxpressoide_10.1.1_606/ide/tools/bin/../lib/gcc/arm-none-eabi/6.3.1/../../../../arm-none-eabi/lib/thumb/v7e-m/fpv4-sp/hard\libcr_c.a(__init_alloc.o)
 .ARM.attributes
                0x00000a9c       0x39 d:/nxp/mcuxpressoide_10.1.1_606/ide/tools/bin/../lib/gcc/arm-none-eabi/6.3.1/../../../../arm-none-eabi/lib/thumb/v7e-m/fpv4-sp/hard\libcr_c.a(_cr_sbrk.o)
 .ARM.attributes
                0x00000ad5       0x39 d:/nxp/mcuxpressoide_10.1.1_606/ide/tools/bin/../lib/gcc/arm-none-eabi/6.3.1/../../../../arm-none-eabi/lib/thumb/v7e-m/fpv4-sp/hard\libcr_c.a(_fdopen.o)
 .ARM.attributes
                0x00000b0e       0x39 d:/nxp/mcuxpressoide_10.1.1_606/ide/tools/bin/../lib/gcc/arm-none-eabi/6.3.1/../../../../arm-none-eabi/lib/thumb/v7e-m/fpv4-sp/hard\libcr_c.a(errno.o)
 .ARM.attributes
                0x00000b47       0x39 d:/nxp/mcuxpressoide_10.1.1_606/ide/tools/bin/../lib/gcc/arm-none-eabi/6.3.1/../../../../arm-none-eabi/lib/thumb/v7e-m/fpv4-sp/hard\libcr_c.a(fclose.o)
 .ARM.attributes
                0x00000b80       0x39 d:/nxp/mcuxpressoide_10.1.1_606/ide/tools/bin/../lib/gcc/arm-none-eabi/6.3.1/../../../../arm-none-eabi/lib/thumb/v7e-m/fpv4-sp/hard\libcr_c.a(fflush.o)
 .ARM.attributes
                0x00000bb9       0x39 d:/nxp/mcuxpressoide_10.1.1_606/ide/tools/bin/../lib/gcc/arm-none-eabi/6.3.1/../../../../arm-none-eabi/lib/thumb/v7e-m/fpv4-sp/hard\libcr_c.a(remove.o)
 .ARM.attributes
                0x00000bf2       0x39 d:/nxp/mcuxpressoide_10.1.1_606/ide/tools/bin/../lib/gcc/arm-none-eabi/6.3.1/../../../../arm-none-eabi/lib/thumb/v7e-m/fpv4-sp/hard\libcr_c.a(_cr_check_heap.o)
 .ARM.attributes
                0x00000c2b       0x39 d:/nxp/mcuxpressoide_10.1.1_606/ide/tools/bin/../lib/gcc/arm-none-eabi/6.3.1/../../../../arm-none-eabi/lib/thumb/v7e-m/fpv4-sp/hard\libcr_c.a(_do_fflush.o)
 .ARM.attributes
                0x00000c64       0x25 d:/nxp/mcuxpressoide_10.1.1_606/ide/tools/bin/../lib/gcc/arm-none-eabi/6.3.1/thumb/v7e-m/fpv4-sp/hard\libcr_eabihelpers.a(memcpy.o)
 .ARM.attributes
                0x00000c89       0x25 d:/nxp/mcuxpressoide_10.1.1_606/ide/tools/bin/../lib/gcc/arm-none-eabi/6.3.1/../../../../arm-none-eabi/lib/thumb/v7e-m/fpv4-sp/hard\libcr_semihost_nf.a(__sys_close.o)
 .ARM.attributes
                0x00000cae       0x25 d:/nxp/mcuxpressoide_10.1.1_606/ide/tools/bin/../lib/gcc/arm-none-eabi/6.3.1/../../../../arm-none-eabi/lib/thumb/v7e-m/fpv4-sp/hard\libcr_semihost_nf.a(__sys_flen.o)
 .ARM.attributes
                0x00000cd3       0x25 d:/nxp/mcuxpressoide_10.1.1_606/ide/tools/bin/../lib/gcc/arm-none-eabi/6.3.1/../../../../arm-none-eabi/lib/thumb/v7e-m/fpv4-sp/hard\libcr_semihost_nf.a(__sys_istty.o)
 .ARM.attributes
                0x00000cf8       0x25 d:/nxp/mcuxpressoide_10.1.1_606/ide/tools/bin/../lib/gcc/arm-none-eabi/6.3.1/../../../../arm-none-eabi/lib/thumb/v7e-m/fpv4-sp/hard\libcr_semihost_nf.a(__sys_remove.o)
 .ARM.attributes
                0x00000d1d       0x25 d:/nxp/mcuxpressoide_10.1.1_606/ide/tools/bin/../lib/gcc/arm-none-eabi/6.3.1/../../../../arm-none-eabi/lib/thumb/v7e-m/fpv4-sp/hard\libcr_semihost_nf.a(__sys_seek.o)
 .ARM.attributes
                0x00000d42       0x25 d:/nxp/mcuxpressoide_10.1.1_606/ide/tools/bin/../lib/gcc/arm-none-eabi/6.3.1/../../../../arm-none-eabi/lib/thumb/v7e-m/fpv4-sp/hard\libcr_semihost_nf.a(__sys_tmpnam.o)
 .ARM.attributes
                0x00000d67       0x25 d:/nxp/mcuxpressoide_10.1.1_606/ide/tools/bin/../lib/gcc/arm-none-eabi/6.3.1/../../../../arm-none-eabi/lib/thumb/v7e-m/fpv4-sp/hard\libcr_semihost_nf.a(__sys_write.o)

.debug_frame    0x00000000     0x4554
 .debug_frame   0x00000000       0x6c ./utilities/fsl_debug_console.o
 .debug_frame   0x0000006c       0xe0 ./utilities/fsl_io.o
 .debug_frame   0x0000014c      0x120 ./utilities/fsl_log.o
 .debug_frame   0x0000026c      0x904 ./startup/startup_mk64f12.o
 .debug_frame   0x00000b70       0xa0 ./source/can_api.o
 .debug_frame   0x00000c10      0x1d8 ./source/can_driver.o
 .debug_frame   0x00000de8       0x54 ./source/canrx_task.o
 .debug_frame   0x00000e3c       0x78 ./source/dac_driver.o
 .debug_frame   0x00000eb4       0x54 ./source/dac_task.o
 .debug_frame   0x00000f08       0x2c ./source/main.o
 .debug_frame   0x00000f34       0x20 ./source/semihost_hardfault.o
 .debug_frame   0x00000f54       0xa0 ./source/sensors.o
 .debug_frame   0x00000ff4       0xd8 ./freertos/source/list.o
 .debug_frame   0x000010cc      0x4c0 ./freertos/source/queue.o
 .debug_frame   0x0000158c      0x85c ./freertos/source/tasks.o
 .debug_frame   0x00001de8      0x338 ./freertos/source/timers.o
 .debug_frame   0x00002120       0x30 ./freertos/portable/fsl_tickless_systick.o
 .debug_frame   0x00002150      0x108 ./freertos/portable/heap_4.o
 .debug_frame   0x00002258      0x17c ./freertos/portable/port.o
 .debug_frame   0x000023d4      0x820 ./drivers/fsl_clock.o
 .debug_frame   0x00002bf4      0x248 ./drivers/fsl_dac.o
 .debug_frame   0x00002e3c      0x60c ./drivers/fsl_flash.o
 .debug_frame   0x00003448      0x688 ./drivers/fsl_flexcan.o
 .debug_frame   0x00003ad0      0x220 ./drivers/fsl_smc.o
 .debug_frame   0x00003cf0      0x5ec ./drivers/fsl_uart.o
 .debug_frame   0x000042dc       0x34 ./board/board.o
 .debug_frame   0x00004310      0x124 ./board/clock_config.o
 .debug_frame   0x00004434       0x30 ./board/peripherals.o
 .debug_frame   0x00004464       0x98 ./board/pin_mux.o
 .debug_frame   0x000044fc       0x58 ./CMSIS/system_MK64F12.o

.debug_ranges   0x00000000       0x78
 .debug_ranges  0x00000000       0x78 ./startup/startup_mk64f12.o