Archive member included to satisfy reference by file (symbol)

d:/nxp/mcuxpressoide_10.1.1_606/ide/tools/bin/../lib/gcc/arm-none-eabi/6.3.1/../../../../arm-none-eabi/lib/thumb/v7e-m/fpv4-sp/hard\libcr_semihost_nf.a(_cr__main.o)
                              ./startup/startup_mk64f12.o (__main)
d:/nxp/mcuxpressoide_10.1.1_606/ide/tools/bin/../lib/gcc/arm-none-eabi/6.3.1/../../../../arm-none-eabi/lib/thumb/v7e-m/fpv4-sp/hard\libcr_semihost_nf.a(_cr_assert.o)
                              ./utilities/fsl_debug_console.o (__assertion_failed)
d:/nxp/mcuxpressoide_10.1.1_606/ide/tools/bin/../lib/gcc/arm-none-eabi/6.3.1/../../../../arm-none-eabi/lib/thumb/v7e-m/fpv4-sp/hard\libcr_semihost_nf.a(__ciob.o)
                              d:/nxp/mcuxpressoide_10.1.1_606/ide/tools/bin/../lib/gcc/arm-none-eabi/6.3.1/../../../../arm-none-eabi/lib/thumb/v7e-m/fpv4-sp/hard\libcr_semihost_nf.a(_cr_assert.o) (__Ciob)
d:/nxp/mcuxpressoide_10.1.1_606/ide/tools/bin/../lib/gcc/arm-none-eabi/6.3.1/../../../../arm-none-eabi/lib/thumb/v7e-m/fpv4-sp/hard\libcr_semihost_nf.a(__sys_appexit.o)
                              d:/nxp/mcuxpressoide_10.1.1_606/ide/tools/bin/../lib/gcc/arm-none-eabi/6.3.1/../../../../arm-none-eabi/lib/thumb/v7e-m/fpv4-sp/hard\libcr_semihost_nf.a(_cr_assert.o) (__sys_appexit)
d:/nxp/mcuxpressoide_10.1.1_606/ide/tools/bin/../lib/gcc/arm-none-eabi/6.3.1/../../../../arm-none-eabi/lib/thumb/v7e-m/fpv4-sp/hard\libcr_c.a(memcpy.o)
                              ./freertos/source/queue.o (memcpy)
d:/nxp/mcuxpressoide_10.1.1_606/ide/tools/bin/../lib/gcc/arm-none-eabi/6.3.1/../../../../arm-none-eabi/lib/thumb/v7e-m/fpv4-sp/hard\libcr_c.a(memset.o)
                              ./freertos/source/tasks.o (memset)
d:/nxp/mcuxpressoide_10.1.1_606/ide/tools/bin/../lib/gcc/arm-none-eabi/6.3.1/../../../../arm-none-eabi/lib/thumb/v7e-m/fpv4-sp/hard\libcr_c.a(_deferredlazyseek.o)
                              d:/nxp/mcuxpressoide_10.1.1_606/ide/tools/bin/../lib/gcc/arm-none-eabi/6.3.1/../../../../arm-none-eabi/lib/thumb/v7e-m/fpv4-sp/hard\libcr_semihost_nf.a(_cr_assert.o) (__flsbuf)
d:/nxp/mcuxpressoide_10.1.1_606/ide/tools/bin/../lib/gcc/arm-none-eabi/6.3.1/../../../../arm-none-eabi/lib/thumb/v7e-m/fpv4-sp/hard\libcr_c.a(_fflush.o)
                              d:/nxp/mcuxpressoide_10.1.1_606/ide/tools/bin/../lib/gcc/arm-none-eabi/6.3.1/../../../../arm-none-eabi/lib/thumb/v7e-m/fpv4-sp/hard\libcr_c.a(_deferredlazyseek.o) (_fflush)
d:/nxp/mcuxpressoide_10.1.1_606/ide/tools/bin/../lib/gcc/arm-none-eabi/6.3.1/../../../../arm-none-eabi/lib/thumb/v7e-m/fpv4-sp/hard\libcr_c.a(_writebuf.o)
                              d:/nxp/mcuxpressoide_10.1.1_606/ide/tools/bin/../lib/gcc/arm-none-eabi/6.3.1/../../../../arm-none-eabi/lib/thumb/v7e-m/fpv4-sp/hard\libcr_c.a(_deferredlazyseek.o) (_Cwritebuf)
d:/nxp/mcuxpressoide_10.1.1_606/ide/tools/bin/../lib/gcc/arm-none-eabi/6.3.1/../../../../arm-none-eabi/lib/thumb/v7e-m/fpv4-sp/hard\libcr_c.a(alloc.o)
                              d:/nxp/mcuxpressoide_10.1.1_606/ide/tools/bin/../lib/gcc/arm-none-eabi/6.3.1/../../../../arm-none-eabi/lib/thumb/v7e-m/fpv4-sp/hard\libcr_c.a(_deferredlazyseek.o) (_Csys_alloc)
d:/nxp/mcuxpressoide_10.1.1_606/ide/tools/bin/../lib/gcc/arm-none-eabi/6.3.1/../../../../arm-none-eabi/lib/thumb/v7e-m/fpv4-sp/hard\libcr_c.a(fputs.o)
                              d:/nxp/mcuxpressoide_10.1.1_606/ide/tools/bin/../lib/gcc/arm-none-eabi/6.3.1/../../../../arm-none-eabi/lib/thumb/v7e-m/fpv4-sp/hard\libcr_semihost_nf.a(_cr_assert.o) (fputs)
d:/nxp/mcuxpressoide_10.1.1_606/ide/tools/bin/../lib/gcc/arm-none-eabi/6.3.1/../../../../arm-none-eabi/lib/thumb/v7e-m/fpv4-sp/hard\libcr_c.a(fseek.o)
                              d:/nxp/mcuxpressoide_10.1.1_606/ide/tools/bin/../lib/gcc/arm-none-eabi/6.3.1/../../../../arm-none-eabi/lib/thumb/v7e-m/fpv4-sp/hard\libcr_c.a(_deferredlazyseek.o) (fseek)
d:/nxp/mcuxpressoide_10.1.1_606/ide/tools/bin/../lib/gcc/arm-none-eabi/6.3.1/../../../../arm-none-eabi/lib/thumb/v7e-m/fpv4-sp/hard\libcr_c.a(ftell.o)
                              d:/nxp/mcuxpressoide_10.1.1_606/ide/tools/bin/../lib/gcc/arm-none-eabi/6.3.1/../../../../arm-none-eabi/lib/thumb/v7e-m/fpv4-sp/hard\libcr_c.a(fseek.o) (ftell)
d:/nxp/mcuxpressoide_10.1.1_606/ide/tools/bin/../lib/gcc/arm-none-eabi/6.3.1/../../../../arm-none-eabi/lib/thumb/v7e-m/fpv4-sp/hard\libcr_c.a(initio.o)
                              d:/nxp/mcuxpressoide_10.1.1_606/ide/tools/bin/../lib/gcc/arm-none-eabi/6.3.1/../../../../arm-none-eabi/lib/thumb/v7e-m/fpv4-sp/hard\libcr_semihost_nf.a(_cr__main.o) (_initio)
d:/nxp/mcuxpressoide_10.1.1_606/ide/tools/bin/../lib/gcc/arm-none-eabi/6.3.1/../../../../arm-none-eabi/lib/thumb/v7e-m/fpv4-sp/hard\libcr_c.a(printf.o)
                              ./source/runtimestats_task.o (_printf)
d:/nxp/mcuxpressoide_10.1.1_606/ide/tools/bin/../lib/gcc/arm-none-eabi/6.3.1/../../../../arm-none-eabi/lib/thumb/v7e-m/fpv4-sp/hard\libcr_c.a(setvbuf.o)
[...]
Memory Configuration

Name             Origin             Length             Attributes
PROGRAM_FLASH    0x00000000         0x00100000         xr
SRAM_UPPER       0x20000000         0x00030000         xrw
SRAM_LOWER       0x1fff0000         0x00010000         xrw
FLEX_RAM         0x14000000         0x00001000         xrw
*default*        0x00000000         0xffffffff

Linker script and memory map

LOAD ./utilities/fsl_debug_console.o
LOAD ./utilities/fsl_io.o
LOAD ./utilities/fsl_log.o
LOAD ./utilities/fsl_str.o
LOAD ./startup/startup_mk64f12.o
LOAD ./source/can_api.o
LOAD ./source/can_driver.o
LOAD ./source/canrx_task.o
LOAD ./source/dac_driver.o
LOAD ./source/dac_task.o
LOAD ./source/main.o
LOAD ./source/runtime_timer_api.o
LOAD ./source/runtimestats_task.o
LOAD ./source/semihost_hardfault.o
LOAD ./source/sensors.o
LOAD ./source/watchdog_api.o
LOAD ./source/watchdog_task.o
LOAD ./freertos/source/croutine.o
LOAD ./freertos/source/event_groups.o
LOAD ./freertos/source/list.o
LOAD ./freertos/source/queue.o
LOAD ./freertos/source/tasks.o
LOAD ./freertos/source/timers.o
LOAD ./freertos/portable/fsl_tickless_systick.o
LOAD ./freertos/portable/heap_4.o
LOAD ./freertos/portable/port.o
LOAD ./drivers/fsl_clock.o
LOAD ./drivers/fsl_common.o
LOAD ./drivers/fsl_dac.o
LOAD ./drivers/fsl_flash.o
LOAD ./drivers/fsl_flexcan.o
LOAD ./drivers/fsl_gpio.o
LOAD ./drivers/fsl_lptmr.o
LOAD ./drivers/fsl_pit.o
LOAD ./drivers/fsl_rcm.o
LOAD ./drivers/fsl_smc.o
LOAD ./drivers/fsl_uart.o
LOAD ./drivers/fsl_wdog.o
LOAD ./board/board.o
LOAD ./board/clock_config.o
LOAD ./board/peripherals.o
LOAD ./board/pin_mux.o
LOAD ./CMSIS/system_MK64F12.o
START GROUP
LOAD d:/nxp/mcuxpressoide_10.1.1_606/ide/tools/bin/../lib/gcc/arm-none-eabi/6.3.1/../../../../arm-none-eabi/lib/thumb/v7e-m/fpv4-sp/hard\libcr_semihost_nf.a
LOAD d:/nxp/mcuxpressoide_10.1.1_606/ide/tools/bin/../lib/gcc/arm-none-eabi/6.3.1/../../../../arm-none-eabi/lib/thumb/v7e-m/fpv4-sp/hard\libcr_c.a
LOAD d:/nxp/mcuxpressoide_10.1.1_606/ide/tools/bin/../lib/gcc/arm-none-eabi/6.3.1/thumb/v7e-m/fpv4-sp/hard\libcr_eabihelpers.a
END GROUP
                0x00000000                __base_PROGRAM_FLASH = 0x0
                0x00000000                __base_Flash = 0x0
                0x00100000                __top_PROGRAM_FLASH = 0x100000
                0x00100000                __top_Flash = 0x100000
                0x20000000                __base_SRAM_UPPER = 0x20000000
                0x20000000                __base_RAM = 0x20000000
                0x20030000                __top_SRAM_UPPER = 0x20030000
                0x20030000                __top_RAM = 0x20030000
                0x1fff0000                __base_SRAM_LOWER = 0x1fff0000
                0x1fff0000                __base_RAM2 = 0x1fff0000
                0x20000000                __top_SRAM_LOWER = 0x20000000
                0x20000000                __top_RAM2 = 0x20000000
                0x14000000                __base_FLEX_RAM = 0x14000000
                0x14000000                __base_RAM3 = 0x14000000
                0x14001000                __top_FLEX_RAM = 0x14001000
                0x14001000                __top_RAM3 = 0x14001000

.text           0x00000000     0xde04
 FILL mask 0xff
                0x00000000                __vectors_start__ = ABSOLUTE (.)
 *(.isr_vector)
 .isr_vector    0x00000000      0x198 ./startup/startup_mk64f12.o
                0x00000000                g_pfnVectors
                0x00000000                __Vectors
                0x00000198                . = ALIGN (0x4)
                0x00000198                __section_table_start = .
                0x00000198                __data_section_table = .
                0x00000198        0x4 LONG 0xde04 LOADADDR (.data)
                0x0000019c        0x4 LONG 0x20000000 ADDR (.data)
                0x000001a0        0x4 LONG 0x14 SIZEOF (.data)
                0x000001a4        0x4 LONG 0xde04 LOADADDR (.data_RAM2)
                0x000001a8        0x4 LONG 0x1fff0000 ADDR (.data_RAM2)
                0x000001ac        0x4 LONG 0x0 SIZEOF (.data_RAM2)
                0x000001b0        0x4 LONG 0xde04 LOADADDR (.data_RAM3)
                0x000001b4        0x4 LONG 0x14000000 ADDR (.data_RAM3)
                0x000001b8        0x4 LONG 0x0 SIZEOF (.data_RAM3)
                0x000001bc                __data_section_table_end = .
                0x000001bc                __bss_section_table = .
                0x000001bc        0x4 LONG 0x20000014 ADDR (.bss)
                0x000001c0        0x4 LONG 0x2c80 SIZEOF (.bss)
                0x000001c4        0x4 LONG 0x1fff0000 ADDR (.bss_RAM2)
                0x000001c8        0x4 LONG 0x0 SIZEOF (.bss_RAM2)
                0x000001cc        0x4 LONG 0x14000000 ADDR (.bss_RAM3)
                0x000001d0        0x4 LONG 0x0 SIZEOF (.bss_RAM3)
                0x000001d4                __bss_section_table_end = .
                0x000001d4                __section_table_end = .
 *(.after_vectors*)
 .after_vectors.init_data
                0x000001d4       0x1e ./startup/startup_mk64f12.o
                0x000001d4                data_init
 .after_vectors.init_bss
                0x000001f2       0x12 ./startup/startup_mk64f12.o
                0x000001f2                bss_init
 .after_vectors.reset
                0x00000204       0x4c ./startup/startup_mk64f12.o
                0x00000204                ResetISR
 .after_vectors
                0x00000250       0x14 ./startup/startup_mk64f12.o
                0x00000250                NMI_Handler
                0x00000254                MemManage_Handler
                0x00000256                BusFault_Handler
                0x00000258                UsageFault_Handler
                0x0000025c                DebugMon_Handler
                0x00000262                LPTMR0_DriverIRQHandler
                0x00000262                DMA_Error_DriverIRQHandler
                0x00000262                SPI1_DriverIRQHandler
                0x00000262                FTM1_DriverIRQHandler
                0x00000262                FTM2_DriverIRQHandler
                0x00000262                PIT2_DriverIRQHandler
                0x00000262                SDHC_DriverIRQHandler
                0x00000262                I2S0_Tx_DriverIRQHandler
                0x00000262                RTC_Seconds_DriverIRQHandler
                0x00000262                DMA6_DriverIRQHandler
                0x00000262                LLWU_DriverIRQHandler
                0x00000262                MCM_DriverIRQHandler
                0x00000262                MCG_DriverIRQHandler
                0x00000262                ENET_1588_Timer_DriverIRQHandler
                0x00000262                I2C2_DriverIRQHandler
                0x00000262                DAC1_DriverIRQHandler
                0x00000262                DMA12_DriverIRQHandler
                0x00000262                CMP1_DriverIRQHandler
                0x00000262                FTM0_DriverIRQHandler
                0x00000262                IntDefaultHandler
                0x00000262                USB0_DriverIRQHandler
                0x00000262                UART5_ERR_DriverIRQHandler
                0x00000262                PORTC_DriverIRQHandler
                0x00000262                DMA11_DriverIRQHandler
                0x00000262                DAC0_DriverIRQHandler
                0x00000262                DMA10_DriverIRQHandler
                0x00000262                CMP2_DriverIRQHandler
                0x00000262                UART2_ERR_DriverIRQHandler
                0x00000262                SPI2_DriverIRQHandler
                0x00000262                LVD_LVW_DriverIRQHandler
                0x00000262                PIT0_DriverIRQHandler
                0x00000262                PORTB_DriverIRQHandler
                0x00000262                DMA5_DriverIRQHandler
                0x00000262                DMA4_DriverIRQHandler
                0x00000262                USBDCD_DriverIRQHandler
                0x00000262                UART3_ERR_DriverIRQHandler
                0x00000262                DMA3_DriverIRQHandler
                0x00000262                DMA8_DriverIRQHandler
                0x00000262                DMA9_DriverIRQHandler
                0x00000262                UART0_ERR_DriverIRQHandler
                0x00000262                CMT_DriverIRQHandler
                0x00000262                Reserved71_DriverIRQHandler
                0x00000262                ADC1_DriverIRQHandler
                0x00000262                PORTA_DriverIRQHandler
                0x00000262                DMA14_DriverIRQHandler
                0x00000262                PIT3_DriverIRQHandler
                0x00000262                PIT1_DriverIRQHandler
                0x00000262                WDOG_EWM_DriverIRQHandler
                0x00000262                PDB0_DriverIRQHandler
                0x00000262                RTC_DriverIRQHandler
                0x00000262                I2S0_Rx_DriverIRQHandler
                0x00000262                Read_Collision_DriverIRQHandler
                0x00000262                SWI_DriverIRQHandler
                0x00000262                UART4_ERR_DriverIRQHandler
                0x00000262                DMA0_DriverIRQHandler
                0x00000262                UART0_LON_DriverIRQHandler
                0x00000262                DMA1_DriverIRQHandler
                0x00000262                I2C1_DriverIRQHandler
                0x00000262                ENET_Receive_DriverIRQHandler
                0x00000262                DMA13_DriverIRQHandler
                0x00000262                ENET_Error_DriverIRQHandler
                0x00000262                DMA15_DriverIRQHandler
                0x00000262                SPI0_DriverIRQHandler
                0x00000262                ADC0_DriverIRQHandler
                0x00000262                CMP0_DriverIRQHandler
                0x00000262                FTM3_DriverIRQHandler
                0x00000262                RNG_DriverIRQHandler
                0x00000262                UART1_ERR_DriverIRQHandler
                0x00000262                DMA2_DriverIRQHandler
                0x00000262                ENET_Transmit_DriverIRQHandler
                0x00000262                PORTD_DriverIRQHandler
                0x00000262                PORTE_DriverIRQHandler
                0x00000262                FTFE_DriverIRQHandler
                0x00000262                I2C0_DriverIRQHandler
                0x00000262                DMA7_DriverIRQHandler
                0x00000400                . = 0x400
 *fill*         0x00000264      0x19c ff
                0x00000400                PROVIDE (__FLASH_CONFIG_START__, .)
 *(.FlashConfig)
 .FlashConfig   0x00000400       0x10 ./startup/startup_mk64f12.o
                0x00000400                Flash_Config
                0x00000410                PROVIDE (__FLASH_CONFIG_END__, .)
                0x00000001                ASSERT (! ((__FLASH_CONFIG_START__ == __FLASH_CONFIG_END__)), Linker Flash Config Support Enabled, but no .FlashConfig section provided within application)
 *(.text*)
 .text          0x00000410      0x2b0 ./startup/startup_mk64f12.o
                0x00000410                DMA0_IRQHandler
                0x00000418                DMA1_IRQHandler
                0x00000420                DMA2_IRQHandler
                0x00000428                DMA3_IRQHandler
                0x00000430                DMA4_IRQHandler
                0x00000438                DMA5_IRQHandler
                0x00000440                DMA6_IRQHandler
                0x00000448                DMA7_IRQHandler
                0x00000450                DMA8_IRQHandler
                0x00000458                DMA9_IRQHandler
                0x00000460                DMA10_IRQHandler
                0x00000468                DMA11_IRQHandler
                0x00000470                DMA12_IRQHandler
                0x00000478                DMA13_IRQHandler
                0x00000480                DMA14_IRQHandler
                0x00000488                DMA15_IRQHandler
                0x00000490                DMA_Error_IRQHandler
                0x00000498                MCM_IRQHandler
                0x000004a0                FTFE_IRQHandler
                0x000004a8                Read_Collision_IRQHandler
                0x000004b0                LVD_LVW_IRQHandler
                0x000004b8                LLWU_IRQHandler
                0x000004c0                WDOG_EWM_IRQHandler
                0x000004c8                RNG_IRQHandler
                0x000004d0                I2C0_IRQHandler
                0x000004d8                I2C1_IRQHandler
                0x000004e0                SPI0_IRQHandler
                0x000004e8                SPI1_IRQHandler
                0x000004f0                I2S0_Tx_IRQHandler
                0x000004f8                I2S0_Rx_IRQHandler
                0x00000500                UART0_LON_IRQHandler
                0x00000508                UART0_RX_TX_IRQHandler
                0x00000510                UART0_ERR_IRQHandler
                0x00000518                UART1_RX_TX_IRQHandler
                0x00000520                UART1_ERR_IRQHandler
                0x00000528                UART2_RX_TX_IRQHandler
                0x00000530                UART2_ERR_IRQHandler
                0x00000538                UART3_RX_TX_IRQHandler
                0x00000540                UART3_ERR_IRQHandler
                0x00000548                ADC0_IRQHandler
                0x00000550                CMP0_IRQHandler
                0x00000558                CMP1_IRQHandler
                0x00000560                FTM0_IRQHandler
                0x00000568                FTM1_IRQHandler
                0x00000570                FTM2_IRQHandler
                0x00000578                CMT_IRQHandler
                0x00000580                RTC_IRQHandler
                0x00000588                RTC_Seconds_IRQHandler
                0x00000598                PIT1_IRQHandler
                0x000005a0                PIT2_IRQHandler
                0x000005a8                PIT3_IRQHandler
                0x000005b0                PDB0_IRQHandler
                0x000005b8                USB0_IRQHandler
                0x000005c0                USBDCD_IRQHandler
                0x000005c8                Reserved71_IRQHandler
                0x000005d0                DAC0_IRQHandler
                0x000005d8                MCG_IRQHandler
                0x000005e0                LPTMR0_IRQHandler
                0x000005e8                PORTA_IRQHandler
                0x000005f0                PORTB_IRQHandler
                0x000005f8                PORTC_IRQHandler
                0x00000600                PORTD_IRQHandler
                0x00000608                PORTE_IRQHandler
                0x00000610                SWI_IRQHandler
                0x00000618                SPI2_IRQHandler
                0x00000620                UART4_RX_TX_IRQHandler
                0x00000628                UART4_ERR_IRQHandler
                0x00000630                UART5_RX_TX_IRQHandler
                0x00000638                UART5_ERR_IRQHandler
                0x00000640                CMP2_IRQHandler
                0x00000648                FTM3_IRQHandler
                0x00000650                DAC1_IRQHandler
                0x00000658                ADC1_IRQHandler
                0x00000660                I2C2_IRQHandler
                0x00000670                CAN0_Bus_Off_IRQHandler
                0x00000678                CAN0_Error_IRQHandler
                0x00000680                CAN0_Tx_Warning_IRQHandler
                0x00000688                CAN0_Rx_Warning_IRQHandler
                0x00000690                CAN0_Wake_Up_IRQHandler
                0x00000698                SDHC_IRQHandler
                0x000006a0                ENET_1588_Timer_IRQHandler
                0x000006a8                ENET_Transmit_IRQHandler
                0x000006b0                ENET_Receive_IRQHandler
                0x000006b8                ENET_Error_IRQHandler
 .text          0x000006c0      0x180 ./source/can_api.o
                0x000006c0                CANAPIInit
                0x000006f4                CANAPIMsgReceiveThrottle
                0x0000076c                CANAPIMsgReceiveBrake
                0x000007e4                CANAPIMsgReceiveSteering
 .text          0x00000840      0x284 ./source/can_driver.o
                0x00000958                BigToLitEndian
                0x0000098a                CAN0_ORed_Message_buffer_IRQHandler
                0x000009fc                CANDriverMsgRxFilter
                0x00000a38                CANDriverInit
                0x00000a74                CANDriverInterruptEnable
                0x00000aa0                CANDriverMsgReceive
 .text          0x00000ac4       0xa8 ./source/canrx_task.o
                0x00000ac4                CANRxTaskInit
 .text          0x00000b6c       0x9c ./source/dac_driver.o
                0x00000bb4                DACDriverInit
                0x00000be4                DACDriverOutputSet
 .text          0x00000c08       0x84 ./source/dac_task.o
                0x00000c08                DACTaskInit
 .text          0x00000c8c       0x48 ./source/main.o
                0x00000c8c                main
 .text          0x00000cd4      0x1dc ./source/runtime_timer_api.o
                0x00000e28                PIT0_IRQHandler
                0x00000e54                RuntimeTimerInit
 .text          0x00000eb0       0x2a ./source/semihost_hardfault.o
                0x00000eb0                HardFault_Handler
 .text          0x00000eda       0x62 ./source/sensors.o
                0x00000eda                sensorsCANInit
                0x00000ef0                sensorsCANGetThrottle
                0x00000f08                sensorsCANGetBrake
                0x00000f22                sensorsCANGetSteering
 .text          0x00000f3c       0x70 ./source/watchdog_api.o
                0x00000f3c                Alive
                0x00000f64                watchdogInit
                0x00000f94                watchdogKick
 .text          0x00000fac       0x70 ./source/watchdog_task.o
                0x00000fac                WatchdogTaskInit
 .text          0x0000101c      0x168 ./freertos/source/list.o
                0x0000101c                vListInitialise
                0x0000105c                vListInitialiseItem
                0x00001076                vListInsertEnd
                0x000010be                vListInsert
                0x00001130                uxListRemove
 .text          0x00001184     0x1078 ./freertos/source/queue.o
                0x00001184                xQueueGenericReset
                0x00001254                xQueueGenericCreate
                0x00001340                xQueueCreateMutex
                0x00001370                xQueueGiveMutexRecursive
                0x000013d6                xQueueTakeMutexRecursive
                0x00001444                xQueueCreateCountingSemaphore
                0x000014a6                xQueueGenericSend
                0x0000169c                xQueueGenericSendFromISR
                0x000017c4                xQueueGiveFromISR
                0x000018d6                xQueueGenericReceive
                0x00001afc                xQueueReceiveFromISR
                0x00001bf6                xQueuePeekFromISR
                0x00001cc0                uxQueueMessagesWaiting
                0x00001cfa                uxQueueSpacesAvailable
                0x00001d3e                uxQueueMessagesWaitingFromISR
                0x00001d74                vQueueDelete
                0x00001dae                uxQueueGetQueueNumber
                0x00001dc6                vQueueSetQueueNumber
                0x00001de2                ucQueueGetQueueType
                0x00001fec                xQueueIsQueueEmptyFromISR
                0x0000205e                xQueueIsQueueFullFromISR
                0x000020a4                vQueueAddToRegistry
                0x000020f4                pcQueueGetName
                0x00002140                vQueueUnregisterQueue
                0x00002194                vQueueWaitForMessageRestricted
 .text          0x000021fc     0x214c ./freertos/source/tasks.o
                0x000021fc                xTaskCreate
                0x00002484                vTaskDelete
                0x000025a0                vTaskDelayUntil
                0x00002694                vTaskDelay
                0x000026fc                eTaskGetState
                0x000027ac                uxTaskPriorityGet
                0x000027e0                uxTaskPriorityGetFromISR
                0x00002838                vTaskPrioritySet
                0x00002994                vTaskSuspend
                0x00002b18                vTaskResume
                0x00002bd0                xTaskResumeFromISR
                0x00002cb0                vTaskStartScheduler
                0x00002d48                vTaskEndScheduler
                0x00002d78                vTaskSuspendAll
                0x00002d94                xTaskResumeAll
                0x00002ecc                xTaskGetTickCount
                0x00002eec                xTaskGetTickCountFromISR
                0x00002f10                uxTaskGetNumberOfTasks
                0x00002f28                pcTaskGetName
                0x00002f70                uxTaskGetSystemState
                0x0000308c                xTaskIncrementTick
                0x000031e4                vTaskSwitchContext
                0x00003298                vTaskPlaceOnEventList
                0x000032e0                vTaskPlaceOnUnorderedEventList
                0x00003354                vTaskPlaceOnEventListRestricted
                0x000033a8                xTaskRemoveFromEventList
                0x0000346c                xTaskRemoveFromUnorderedEventList
                0x00003538                vTaskSetTimeOutState
                0x00003580                xTaskCheckForTimeOut
                0x0000363c                vTaskMissedYield
                0x00003654                uxTaskGetTaskNumber
                0x00003680                vTaskSetTaskNumber
                0x000036d4                vTaskSetThreadLocalStoragePointer
                0x00003714                pvTaskGetThreadLocalStoragePointer
                0x00003854                vTaskGetInfo
                0x00003a58                xTaskGetCurrentTaskHandle
                0x00003a78                xTaskGetSchedulerState
                0x00003ab4                vTaskPriorityInherit
                0x00003ba0                xTaskPriorityDisinherit
                0x00003ca8                uxTaskResetEventItemValue
                0x00003cd8                pvTaskIncrementMutexHeldCount
                0x00003d00                ulTaskNotifyTake
                0x00003d90                xTaskNotifyWait
                0x00003e44                xTaskGenericNotify
                0x00003f84                xTaskGenericNotifyFromISR
                0x00004110                vTaskNotifyGiveFromISR
                0x00004230                xTaskNotifyStateClear
 .text          0x00004348      0x89c ./freertos/source/timers.o
                0x00004348                xTimerCreateTimerTask
                0x000043a8                xTimerCreate
                0x00004444                xTimerGenericCommand
                0x000044dc                xTimerGetTimerDaemonTaskHandle
                0x00004514                xTimerGetPeriod
                0x0000454a                xTimerGetExpiryTime
                0x00004584                pcTimerGetName
                0x00004a84                xTimerIsTimerActive
                0x00004acc                pvTimerGetTimerID
                0x00004b0a                vTimerSetTimerID
                0x00004b48                xTimerPendFunctionCallFromISR
                0x00004b88                xTimerPendFunctionCall
 .text          0x00004be4       0x40 ./freertos/portable/fsl_tickless_systick.o
                0x00004be4                vPortSetupTimerInterrupt
 .text          0x00004c24      0x3ec ./freertos/portable/heap_4.o
                0x00004c24                pvPortMalloc
                0x00004da8                vPortFree
                0x00004e58                xPortGetFreeHeapSize
                0x00004e70                xPortGetMinimumEverFreeHeapSize
                0x00004e88                vPortInitialiseBlocks
 .text          0x00005010      0x41c ./freertos/portable/port.o
                0x00005010                pxPortInitialiseStack
                0x000050b4                SVC_Handler
                0x000050f2                xPortStartScheduler
                0x0000520c                vPortEndScheduler
                0x00005240                vPortEnterCritical
                0x0000529c                vPortExitCritical
                0x000052ec                PendSV_Handler
                0x00005356                SysTick_Handler
                0x000053a8                vPortValidateInterruptPriority
 .text          0x0000542c     0x1aa8 ./drivers/fsl_clock.o
                0x0000556c                CLOCK_FllStableDelay
                0x00005794                CLOCK_GetOsc0ErClkFreq
                0x000057cc                CLOCK_GetEr32kClkFreq
                0x0000583c                CLOCK_GetPllFllSelClkFreq
                0x00005890                CLOCK_GetPlatClkFreq
                0x000058b8                CLOCK_GetFlashClkFreq
                0x000058e0                CLOCK_GetFlexBusClkFreq
                0x00005908                CLOCK_GetBusClkFreq
                0x00005930                CLOCK_GetCoreSysClkFreq
                0x00005958                CLOCK_GetFreq
                0x00005aa0                CLOCK_SetSimConfig
                0x00005ad8                CLOCK_EnableUsbfs0Clock
                0x00005bd8                CLOCK_GetOutClkFreq
                0x00005c3c                CLOCK_GetFllFreq
                0x00005cb8                CLOCK_GetInternalRefClkFreq
                0x00005cdc                CLOCK_GetFixedFreqClkFreq
                0x00005d0a                CLOCK_GetPll0Freq
                0x00005d70                CLOCK_SetExternalRefClkConfig
                0x00005ddc                CLOCK_SetInternalRefClkConfig
                0x00005ee0                CLOCK_CalcPllDiv
                0x0000604c                CLOCK_EnablePll0
                0x000060d0                CLOCK_SetOsc0MonitorMode
                0x0000614c                CLOCK_SetRtcOscMonitorMode
                0x00006198                CLOCK_SetPll0MonitorMode
                0x0000620c                CLOCK_GetStatusFlags
                0x00006290                CLOCK_ClearStatusFlags
                0x000062e8                CLOCK_InitOsc0
                0x00006374                CLOCK_DeinitOsc0
                0x000063a0                CLOCK_TrimInternalRefClk
                0x000064d8                CLOCK_GetMode
                0x00006594                CLOCK_SetFeiMode
                0x00006654                CLOCK_SetFeeMode
                0x00006760                CLOCK_SetFbiMode
                0x00006830                CLOCK_SetFbeMode
                0x0000695c                CLOCK_SetBlpiMode
                0x00006980                CLOCK_SetBlpeMode
                0x000069a4                CLOCK_SetPbeMode
                0x00006a4c                CLOCK_SetPeeMode
                0x00006a84                CLOCK_ExternalModeToFbeModeQuick
                0x00006af0                CLOCK_InternalModeToFbiModeQuick
                0x00006b3c                CLOCK_BootToFeiMode
                0x00006b62                CLOCK_BootToFeeMode
                0x00006b9e                CLOCK_BootToBlpiMode
                0x00006c04                CLOCK_BootToBlpeMode
                0x00006c88                CLOCK_BootToPeeMode
                0x00006cec                CLOCK_SetMcgConfig
 .text          0x00006ed4      0x40c ./drivers/fsl_dac.o
                0x00006fd4                DAC_Init
                0x00007044                DAC_Deinit
                0x00007074                DAC_GetDefaultConfig
                0x000070a0                DAC_SetBufferConfig
                0x0000714c                DAC_GetDefaultBufferConfig
                0x00007184                DAC_SetBufferValue
                0x000071d4                DAC_SetBufferReadPointer
                0x0000721c                DAC_EnableBufferInterrupts
                0x00007250                DAC_DisableBufferInterrupts
                0x00007288                DAC_GetBufferStatusFlags
                0x000072a8                DAC_ClearBufferStatusFlags
 .text          0x000072e0     0x146c ./drivers/fsl_flash.o
                0x000072e0                FLASH_Init
                0x000073a0                FLASH_PrepareExecuteInRamFunctions
                0x000073e4                FLASH_EraseAll
                0x00007438                FLASH_Erase
                0x0000750c                FLASH_EraseAllExecuteOnlySegments
                0x00007560                FLASH_Program
                0x00007630                FLASH_ProgramOnce
                0x0000769c                FLASH_ProgramSection
                0x000077e8                FLASH_ReadResource
                0x000078c0                FLASH_ReadOnce
                0x00007920                FLASH_GetSecurityState
                0x00007988                FLASH_SecurityBypass
                0x00007a2c                FLASH_VerifyEraseAll
                0x00007a68                FLASH_VerifyErase
                0x00007b58                FLASH_VerifyProgram
                0x00007c20                FLASH_VerifyEraseAllExecuteOnlySegments
                0x00007c5c                FLASH_IsProtected
                0x00007ea8                FLASH_IsExecuteOnly
                0x00007ee8                FLASH_GetProperty
                0x00007fba                FLASH_SetProperty
                0x00007ff8                FLASH_SwapControl
                0x000080b0                FLASH_Swap
                0x000081cc                FLASH_PflashSetProtection
                0x0000820c                FLASH_PflashGetProtection
                0x00008240                FLASH_PflashSetPrefetchSpeculation
                0x000082c0                FLASH_PflashGetPrefetchSpeculation
                0x000083e0                fmc_flash_cache_clear
                0x00008410                fmc_flash_prefetch_speculation_clear
                0x00008440                flash_cache_clear
 .text          0x0000874c     0x160c ./drivers/fsl_flexcan.o
                0x0000898c                FLEXCAN_GetInstance
                0x00008c24                FLEXCAN_Init
                0x00008d38                FLEXCAN_Deinit
                0x00008d6c                FLEXCAN_GetDefaultConfig
                0x00008dcc                FLEXCAN_SetTimingConfig
                0x00008e48                FLEXCAN_SetRxMbGlobalMask
                0x00008e78                FLEXCAN_SetRxFifoGlobalMask
                0x00008e9c                FLEXCAN_SetRxIndividualMask
                0x00008ee4                FLEXCAN_SetTxMbConfig
                0x00008f88                FLEXCAN_SetRxMbConfig
                0x00009080                FLEXCAN_SetRxFifoConfig
                0x000092b8                FLEXCAN_WriteTxMb
                0x000093fc                FLEXCAN_ReadRxMb
                0x00009520                FLEXCAN_ReadRxFifo
                0x000095e8                FLEXCAN_TransferSendBlocking
                0x0000963e                FLEXCAN_TransferReceiveBlocking
                0x0000968a                FLEXCAN_TransferReceiveFifoBlocking
                0x000096c0                FLEXCAN_TransferCreateHandle
                0x00009770                FLEXCAN_TransferSendNonBlocking
                0x00009880                FLEXCAN_TransferReceiveNonBlocking
                0x00009944                FLEXCAN_TransferReceiveFifoNonBlocking
                0x000099a4                FLEXCAN_TransferAbortSend
                0x00009a38                FLEXCAN_TransferAbortReceive
                0x00009ac0                FLEXCAN_TransferAbortReceiveFifo
                0x00009b04                FLEXCAN_TransferHandleIRQ
                0x00009d20                CAN0_DriverIRQHandler
 .text          0x00009d58      0x148 ./drivers/fsl_pit.o
                0x00009e0c                PIT_Init
                0x00009e70                PIT_Deinit
 .text          0x00009ea0      0x394 ./drivers/fsl_smc.o
                0x00009ede                SMC_PreEnterStopModes
                0x00009f10                SMC_PostExitStopModes
                0x00009f40                SMC_PreEnterWaitModes
                0x00009f5c                SMC_PostExitWaitModes
                0x00009f78                SMC_SetPowerModeRun
                0x00009fa2                SMC_SetPowerModeWait
                0x00009fd4                SMC_SetPowerModeStop
                0x0000a034                SMC_SetPowerModeVlpr
                0x0000a082                SMC_SetPowerModeVlpw
                0x0000a0b4                SMC_SetPowerModeVlps
                0x0000a118                SMC_SetPowerModeLls
                0x0000a17c                SMC_SetPowerModeVlls
 .text          0x0000a234     0x152c ./drivers/fsl_uart.o
                0x0000a30a                UART_GetInstance
                0x0000a35c                UART_TransferGetRxRingBufferLength
                0x0000a3fc                UART_Init
                0x0000a6d4                UART_Deinit
                0x0000a720                UART_GetDefaultConfig
                0x0000a780                UART_SetBaudRate
                0x0000a888                UART_EnableInterrupts
                0x0000a8f8                UART_DisableInterrupts
                0x0000a978                UART_GetEnabledInterrupts
                0x0000a9c4                UART_GetStatusFlags
                0x0000aa0a                UART_ClearStatusFlags
                0x0000aa96                UART_WriteBlocking
                0x0000ab18                UART_ReadBlocking
                0x0000abf0                UART_TransferCreateHandle
                0x0000ac74                UART_TransferStartRingBuffer
                0x0000ace8                UART_TransferStopRingBuffer
                0x0000ad54                UART_TransferSendNonBlocking
                0x0000adf0                UART_TransferAbortSend
                0x0000ae2c                UART_TransferGetSendCount
                0x0000ae80                UART_TransferReceiveNonBlocking
                0x0000b030                UART_TransferAbortReceive
                0x0000b08c                UART_TransferGetReceiveCount
                0x0000b0ec                UART_TransferHandleIRQ
                0x0000b5fc                UART_TransferHandleErrorIRQ
                0x0000b612                UART0_DriverIRQHandler
                0x0000b638                UART0_RX_TX_DriverIRQHandler
                0x0000b648                UART1_DriverIRQHandler
                0x0000b670                UART1_RX_TX_DriverIRQHandler
                0x0000b680                UART2_DriverIRQHandler
                0x0000b6a8                UART2_RX_TX_DriverIRQHandler
                0x0000b6b8                UART3_DriverIRQHandler
                0x0000b6e0                UART3_RX_TX_DriverIRQHandler
                0x0000b6f0                UART4_DriverIRQHandler
                0x0000b718                UART4_RX_TX_DriverIRQHandler
                0x0000b728                UART5_DriverIRQHandler
                0x0000b750                UART5_RX_TX_DriverIRQHandler
 .text          0x0000b760      0x374 ./drivers/fsl_wdog.o
                0x0000b806                WDOG_GetDefaultConfig
                0x0000b86c                WDOG_Init
                0x0000b974                WDOG_Deinit
                0x0000b9ac                WDOG_SetTestModeConfig
                0x0000ba34                WDOG_GetStatusFlags
                0x0000ba6e                WDOG_ClearStatusFlags
                0x0000baa2                WDOG_Refresh
 .text          0x0000bad4      0x174 ./board/clock_config.o
                0x0000bb88                BOARD_InitBootClocks
                0x0000bb94                BOARD_BootClockRUN
                0x0000bbf4                BOARD_BootClockVLPR
 .text          0x0000bc48        0xe ./board/peripherals.o
                0x0000bc48                BOARD_InitBootPeripherals
 *fill*         0x0000bc56        0x2 ff
 .text          0x0000bc58       0xd8 ./board/pin_mux.o
                0x0000bcc8                BOARD_InitBootPins
                0x0000bcd4                BOARD_InitPins
 .text          0x0000bd30      0x2b8 ./CMSIS/system_MK64F12.o
                0x0000bd30                SystemInit
                0x0000bd70                SystemCoreClockUpdate
 .text.__main   0x0000bfe8        0xe d:/nxp/mcuxpressoide_10.1.1_606/ide/tools/bin/../lib/gcc/arm-none-eabi/6.3.1/../../../../arm-none-eabi/lib/thumb/v7e-m/fpv4-sp/hard\libcr_semihost_nf.a(_cr__main.o)
                0x0000bfe8                __CR_SEMIHOST
                0x0000bfe8                __main
 *fill*         0x0000bff6        0x2 ff
 .text.__assertion_failed
                0x0000bff8       0x4c d:/nxp/mcuxpressoide_10.1.1_606/ide/tools/bin/../lib/gcc/arm-none-eabi/6.3.1/../../../../arm-none-eabi/lib/thumb/v7e-m/fpv4-sp/hard\libcr_semihost_nf.a(_cr_assert.o)
                0x0000bff8                __assertion_failed
 .text.__sys_appexit
                0x0000c044        0xc d:/nxp/mcuxpressoide_10.1.1_606/ide/tools/bin/../lib/gcc/arm-none-eabi/6.3.1/../../../../arm-none-eabi/lib/thumb/v7e-m/fpv4-sp/hard\libcr_semihost_nf.a(__sys_appexit.o)
                0x0000c044                __sys_appexit
                0x0000c044                __exit
 .text.memcpy   0x0000c050        0x4 d:/nxp/mcuxpressoide_10.1.1_606/ide/tools/bin/../lib/gcc/arm-none-eabi/6.3.1/../../../../arm-none-eabi/lib/thumb/v7e-m/fpv4-sp/hard\libcr_c.a(memcpy.o)
                0x0000c050                memcpy
 .text.memset   0x0000c054        0x4 d:/nxp/mcuxpressoide_10.1.1_606/ide/tools/bin/../lib/gcc/arm-none-eabi/6.3.1/../../../../arm-none-eabi/lib/thumb/v7e-m/fpv4-sp/hard\libcr_c.a(memset.o)
                0x0000c054                memset
 .text._deferredlazyseek
                0x0000c058       0x40 d:/nxp/mcuxpressoide_10.1.1_606/ide/tools/bin/../lib/gcc/arm-none-eabi/6.3.1/../../../../arm-none-eabi/lib/thumb/v7e-m/fpv4-sp/hard\libcr_c.a(_deferredlazyseek.o)
                0x0000c058                _deferredlazyseek
 .text.__flsbuf
                0x0000c098      0x148 d:/nxp/mcuxpressoide_10.1.1_606/ide/tools/bin/../lib/gcc/arm-none-eabi/6.3.1/../../../../arm-none-eabi/lib/thumb/v7e-m/fpv4-sp/hard\libcr_c.a(_deferredlazyseek.o)
                0x0000c098                __flsbuf
 .text._fflush  0x0000c1e0       0x54 d:/nxp/mcuxpressoide_10.1.1_606/ide/tools/bin/../lib/gcc/arm-none-eabi/6.3.1/../../../../arm-none-eabi/lib/thumb/v7e-m/fpv4-sp/hard\libcr_c.a(_fflush.o)
                0x0000c1e0                _fflush
 .text._Cwritebuf
                0x0000c234       0x6c d:/nxp/mcuxpressoide_10.1.1_606/ide/tools/bin/../lib/gcc/arm-none-eabi/6.3.1/../../../../arm-none-eabi/lib/thumb/v7e-m/fpv4-sp/hard\libcr_c.a(_writebuf.o)
                0x0000c234                _Cwritebuf
 .text.malloc   0x0000c2a0       0xc4 d:/nxp/mcuxpressoide_10.1.1_606/ide/tools/bin/../lib/gcc/arm-none-eabi/6.3.1/../../../../arm-none-eabi/lib/thumb/v7e-m/fpv4-sp/hard\libcr_c.a(alloc.o)
                0x0000c2a0                malloc
 .text.free     0x0000c364       0x30 d:/nxp/mcuxpressoide_10.1.1_606/ide/tools/bin/../lib/gcc/arm-none-eabi/6.3.1/../../../../arm-none-eabi/lib/thumb/v7e-m/fpv4-sp/hard\libcr_c.a(alloc.o)
                0x0000c364                free
 .text._Csys_alloc
                0x0000c394       0x20 d:/nxp/mcuxpressoide_10.1.1_606/ide/tools/bin/../lib/gcc/arm-none-eabi/6.3.1/../../../../arm-none-eabi/lib/thumb/v7e-m/fpv4-sp/hard\libcr_c.a(alloc.o)
                0x0000c394                _Csys_alloc
 .text.fputs    0x0000c3b4       0x2c d:/nxp/mcuxpressoide_10.1.1_606/ide/tools/bin/../lib/gcc/arm-none-eabi/6.3.1/../../../../arm-none-eabi/lib/thumb/v7e-m/fpv4-sp/hard\libcr_c.a(fputs.o)
                0x0000c3b4                fputs
 .text.fseek    0x0000c3e0      0x100 d:/nxp/mcuxpressoide_10.1.1_606/ide/tools/bin/../lib/gcc/arm-none-eabi/6.3.1/../../../../arm-none-eabi/lib/thumb/v7e-m/fpv4-sp/hard\libcr_c.a(fseek.o)
                0x0000c3e0                fseek
 .text.ftell    0x0000c4e0       0x48 d:/nxp/mcuxpressoide_10.1.1_606/ide/tools/bin/../lib/gcc/arm-none-eabi/6.3.1/../../../../arm-none-eabi/lib/thumb/v7e-m/fpv4-sp/hard\libcr_c.a(ftell.o)
                0x0000c4e0                ftell
 .text._initio  0x0000c528       0x78 d:/nxp/mcuxpressoide_10.1.1_606/ide/tools/bin/../lib/gcc/arm-none-eabi/6.3.1/../../../../arm-none-eabi/lib/thumb/v7e-m/fpv4-sp/hard\libcr_c.a(initio.o)
                0x0000c528                _initio
 .text.setvbuf  0x0000c5a0       0x40 d:/nxp/mcuxpressoide_10.1.1_606/ide/tools/bin/../lib/gcc/arm-none-eabi/6.3.1/../../../../arm-none-eabi/lib/thumb/v7e-m/fpv4-sp/hard\libcr_c.a(setvbuf.o)
                0x0000c5a0                setvbuf
 .text.strlen   0x0000c5e0       0x4a d:/nxp/mcuxpressoide_10.1.1_606/ide/tools/bin/../lib/gcc/arm-none-eabi/6.3.1/../../../../arm-none-eabi/lib/thumb/v7e-m/fpv4-sp/hard\libcr_c.a(strlen.o)
                0x0000c5e0                strlen
 *fill*         0x0000c62a        0x2 ff
 .text._sbrk    0x0000c62c       0x3c d:/nxp/mcuxpressoide_10.1.1_606/ide/tools/bin/../lib/gcc/arm-none-eabi/6.3.1/../../../../arm-none-eabi/lib/thumb/v7e-m/fpv4-sp/hard\libcr_c.a(_cr_sbrk.o)
                0x0000c62c                _sbrk
 .text._fdopen  0x0000c668       0x68 d:/nxp/mcuxpressoide_10.1.1_606/ide/tools/bin/../lib/gcc/arm-none-eabi/6.3.1/../../../../arm-none-eabi/lib/thumb/v7e-m/fpv4-sp/hard\libcr_c.a(_fdopen.o)
                0x0000c668                _fdopen
 .text.fclose   0x0000c6d0       0x58 d:/nxp/mcuxpressoide_10.1.1_606/ide/tools/bin/../lib/gcc/arm-none-eabi/6.3.1/../../../../arm-none-eabi/lib/thumb/v7e-m/fpv4-sp/hard\libcr_c.a(fclose.o)
                0x0000c6d0                fclose
 .text.fflush   0x0000c728       0x44 d:/nxp/mcuxpressoide_10.1.1_606/ide/tools/bin/../lib/gcc/arm-none-eabi/6.3.1/../../../../arm-none-eabi/lib/thumb/v7e-m/fpv4-sp/hard\libcr_c.a(fflush.o)
                0x0000c728                fflush
 .text.remove   0x0000c76c       0x14 d:/nxp/mcuxpressoide_10.1.1_606/ide/tools/bin/../lib/gcc/arm-none-eabi/6.3.1/../../../../arm-none-eabi/lib/thumb/v7e-m/fpv4-sp/hard\libcr_c.a(remove.o)
                0x0000c76c                remove
 .text.__check_heap_overflow
                0x0000c780       0x18 d:/nxp/mcuxpressoide_10.1.1_606/ide/tools/bin/../lib/gcc/arm-none-eabi/6.3.1/../../../../arm-none-eabi/lib/thumb/v7e-m/fpv4-sp/hard\libcr_c.a(_cr_check_heap.o)
                0x0000c780                __check_heap_overflow
 .text._do_fflush
                0x0000c798       0x40 d:/nxp/mcuxpressoide_10.1.1_606/ide/tools/bin/../lib/gcc/arm-none-eabi/6.3.1/../../../../arm-none-eabi/lib/thumb/v7e-m/fpv4-sp/hard\libcr_c.a(_do_fflush.o)
                0x0000c798                _do_fflush
 .text.__aeabi_memcpy
                0x0000c7d8       0x34 d:/nxp/mcuxpressoide_10.1.1_606/ide/tools/bin/../lib/gcc/arm-none-eabi/6.3.1/thumb/v7e-m/fpv4-sp/hard\libcr_eabihelpers.a(memcpy.o)
                0x0000c7d8                __aeabi_memcpy
                0x0000c7e2                __aeabi_memcpy8
                0x0000c7e2                __aeabi_memcpy4
 .text.__aeabi_memset_lowlevel
                0x0000c80c       0x32 d:/nxp/mcuxpressoide_10.1.1_606/ide/tools/bin/../lib/gcc/arm-none-eabi/6.3.1/thumb/v7e-m/fpv4-sp/hard\libcr_eabihelpers.a(memcpy.o)
                0x0000c80c                __aeabi_lowlevel_memset
 .text.__sys_close
                0x0000c83e        0xc d:/nxp/mcuxpressoide_10.1.1_606/ide/tools/bin/../lib/gcc/arm-none-eabi/6.3.1/../../../../arm-none-eabi/lib/thumb/v7e-m/fpv4-sp/hard\libcr_semihost_nf.a(__sys_close.o)
                0x0000c83e                __sys_close
 .text.__sys_flen
                0x0000c84a        0xc d:/nxp/mcuxpressoide_10.1.1_606/ide/tools/bin/../lib/gcc/arm-none-eabi/6.3.1/../../../../arm-none-eabi/lib/thumb/v7e-m/fpv4-sp/hard\libcr_semihost_nf.a(__sys_flen.o)
                0x0000c84a                __sys_flen
 .text.__sys_istty
                0x0000c856        0xc d:/nxp/mcuxpressoide_10.1.1_606/ide/tools/bin/../lib/gcc/arm-none-eabi/6.3.1/../../../../arm-none-eabi/lib/thumb/v7e-m/fpv4-sp/hard\libcr_semihost_nf.a(__sys_istty.o)
                0x0000c856                __sys_istty
 .text.__sys_remove
                0x0000c862        0xc d:/nxp/mcuxpressoide_10.1.1_606/ide/tools/bin/../lib/gcc/arm-none-eabi/6.3.1/../../../../arm-none-eabi/lib/thumb/v7e-m/fpv4-sp/hard\libcr_semihost_nf.a(__sys_remove.o)
                0x0000c862                __sys_remove
 .text.__sys_seek
                0x0000c86e        0xc d:/nxp/mcuxpressoide_10.1.1_606/ide/tools/bin/../lib/gcc/arm-none-eabi/6.3.1/../../../../arm-none-eabi/lib/thumb/v7e-m/fpv4-sp/hard\libcr_semihost_nf.a(__sys_seek.o)
                0x0000c86e                __sys_seek
 .text.__sys_tmpnam
                0x0000c87a        0xc d:/nxp/mcuxpressoide_10.1.1_606/ide/tools/bin/../lib/gcc/arm-none-eabi/6.3.1/../../../../arm-none-eabi/lib/thumb/v7e-m/fpv4-sp/hard\libcr_semihost_nf.a(__sys_tmpnam.o)
                0x0000c87a                __sys_tmpnam
 .text.__sys_write
                0x0000c886        0xc d:/nxp/mcuxpressoide_10.1.1_606/ide/tools/bin/../lib/gcc/arm-none-eabi/6.3.1/../../../../arm-none-eabi/lib/thumb/v7e-m/fpv4-sp/hard\libcr_semihost_nf.a(__sys_write.o)
                0x0000c886                __sys_write
 *(.rodata .rodata.* .constdata .constdata.*)
 *fill*         0x0000c892        0x2 ff
 .rodata        0x0000c894        0xb ./source/canrx_task.o
 *fill*         0x0000c89f        0x1 ff
 .rodata        0x0000c8a0        0x9 ./source/dac_task.o
 *fill*         0x0000c8a9        0x3 ff
 .rodata        0x0000c8ac       0x41 ./source/runtime_timer_api.o
 *fill*         0x0000c8ed        0x3 ff
 .rodata        0x0000c8f0        0xe ./source/watchdog_task.o
 *fill*         0x0000c8fe        0x2 ff
 .rodata        0x0000c900        0x5 ./freertos/source/tasks.o
 *fill*         0x0000c905        0x3 ff
 .rodata        0x0000c908        0xd ./freertos/source/timers.o
 *fill*         0x0000c915        0x3 ff
 .rodata        0x0000c918      0x1ac ./drivers/fsl_clock.o
 .rodata        0x0000cac4      0x162 ./drivers/fsl_dac.o
 *fill*         0x0000cc26        0x2 ff
 .rodata        0x0000cc28       0x4e ./drivers/fsl_flash.o
                0x0000cc28                kFCCOBx
                0x0000cc2c                kFPROTL
                0x0000cc58                kPFlashDensities
 *fill*         0x0000cc76        0x2 ff
 .rodata        0x0000cc78      0xaf7 ./drivers/fsl_flexcan.o
 *fill*         0x0000d76f        0x1 ff
 .rodata        0x0000d770       0x65 ./drivers/fsl_pit.o
 *fill*         0x0000d7d5        0x3 ff
 .rodata        0x0000d7d8        0x2 ./drivers/fsl_smc.o
 *fill*         0x0000d7da        0x2 ff
 .rodata        0x0000d7dc      0x54b ./drivers/fsl_uart.o
 *fill*         0x0000dd27        0x1 ff
 .rodata        0x0000dd28       0x6b ./drivers/fsl_wdog.o
 *fill*         0x0000dd93        0x1 ff
 .rodata        0x0000dd94       0x38 ./board/clock_config.o
                0x0000dd94                mcgConfig_BOARD_BootClockRUN
                0x0000dda0                simConfig_BOARD_BootClockRUN
                0x0000dda8                oscConfig_BOARD_BootClockRUN
                0x0000ddb0                mcgConfig_BOARD_BootClockVLPR
                0x0000ddbc                simConfig_BOARD_BootClockVLPR
                0x0000ddc4                oscConfig_BOARD_BootClockVLPR
 .rodata.__assertion_failed.str1.1
                0x0000ddcc       0x15 d:/nxp/mcuxpressoide_10.1.1_606/ide/tools/bin/../lib/gcc/arm-none-eabi/6.3.1/../../../../arm-none-eabi/lib/thumb/v7e-m/fpv4-sp/hard\libcr_semihost_nf.a(_cr_assert.o)
 *fill*         0x0000dde1        0x3 ff
 .rodata.__num_Ciob_streams
                0x0000dde4        0x4 d:/nxp/mcuxpressoide_10.1.1_606/ide/tools/bin/../lib/gcc/arm-none-eabi/6.3.1/../../../../arm-none-eabi/lib/thumb/v7e-m/fpv4-sp/hard\libcr_semihost_nf.a(__ciob.o)
                0x0000dde4                __num_Ciob_streams
 .rodata._Csys_alloc.str1.1
                0x0000dde8       0x18 d:/nxp/mcuxpressoide_10.1.1_606/ide/tools/bin/../lib/gcc/arm-none-eabi/6.3.1/../../../../arm-none-eabi/lib/thumb/v7e-m/fpv4-sp/hard\libcr_c.a(alloc.o)
 .rodata._initio.str1.1
                0x0000de00        0x4 d:/nxp/mcuxpressoide_10.1.1_606/ide/tools/bin/../lib/gcc/arm-none-eabi/6.3.1/../../../../arm-none-eabi/lib/thumb/v7e-m/fpv4-sp/hard\libcr_c.a(initio.o)
                0x0000de04                . = ALIGN (0x4)

.glue_7         0x0000de04        0x0
 .glue_7        0x0000de04        0x0 linker stubs

.glue_7t        0x0000de04        0x0
 .glue_7t       0x0000de04        0x0 linker stubs

.vfp11_veneer   0x0000de04        0x0
 .vfp11_veneer  0x0000de04        0x0 linker stubs

.v4_bx          0x0000de04        0x0
 .v4_bx         0x0000de04        0x0 linker stubs

.iplt           0x0000de04        0x0
 .iplt          0x0000de04        0x0 ./utilities/fsl_debug_console.o

.rel.dyn        0x0000de04        0x0
 .rel.iplt      0x0000de04        0x0 ./utilities/fsl_debug_console.o

.ARM.extab
 *(.ARM.extab* .gnu.linkonce.armextab.*)
                0x0000de04                __exidx_start = .

.ARM.exidx
 *(.ARM.exidx* .gnu.linkonce.armexidx.*)
                0x0000de04                __exidx_end = .
                0x0000de04                _etext = .

.m_usb_data
 *(m_usb_bdt)

.data_RAM2      0x1fff0000        0x0 load address 0x0000de04
 FILL mask 0xff
                [!provide]                PROVIDE (__start_data_RAM2, .)
 *(.ramfunc.$RAM2)
 *(.ramfunc.$SRAM_LOWER)
 *(.data.$RAM2*)
 *(.data.$SRAM_LOWER*)
                0x1fff0000                . = ALIGN (0x4)
                [!provide]                PROVIDE (__end_data_RAM2, .)

.data_RAM3      0x14000000        0x0 load address 0x0000de04
 FILL mask 0xff
                [!provide]                PROVIDE (__start_data_RAM3, .)
 *(.ramfunc.$RAM3)
 *(.ramfunc.$FLEX_RAM)
 *(.data.$RAM3*)
 *(.data.$FLEX_RAM*)
                0x14000000                . = ALIGN (0x4)
                [!provide]                PROVIDE (__end_data_RAM3, .)

.uninit_RESERVED
                0x20000000        0x0
 *(.bss.$RESERVED*)
                0x20000000                . = ALIGN (0x4)
                0x20000000                _end_uninit_RESERVED = .

.data           0x20000000       0x14 load address 0x0000de04
 FILL mask 0xff
                0x20000000                _data = .
 *(vtable)
 *(.ramfunc*)
 *(.data*)
 .data          0x20000000        0x4 ./source/watchdog_api.o
 .data          0x20000004        0x4 ./freertos/portable/port.o
 .data          0x20000008        0x8 ./drivers/fsl_clock.o
 .data          0x20000010        0x4 ./CMSIS/system_MK64F12.o
                0x20000010                SystemCoreClock
                0x20000014                . = ALIGN (0x4)
                0x20000014                _edata = .

.igot.plt       0x20000014        0x0 load address 0x0000de18
 .igot.plt      0x20000014        0x0 ./utilities/fsl_debug_console.o

.bss_RAM2       0x1fff0000        0x0
                [!provide]                PROVIDE (__start_bss_RAM2, .)
 *(.bss.$RAM2*)
 *(.bss.$SRAM_LOWER*)
                0x1fff0000                . = ALIGN ((. != 0x0)?0x4:0x1)
                [!provide]                PROVIDE (__end_bss_RAM2, .)

.bss_RAM3       0x14000000        0x0
                [!provide]                PROVIDE (__start_bss_RAM3, .)
 *(.bss.$RAM3*)
 *(.bss.$FLEX_RAM*)
                0x14000000                . = ALIGN ((. != 0x0)?0x4:0x1)
                [!provide]                PROVIDE (__end_bss_RAM3, .)

.bss            0x20000014     0x2c80
                0x20000014                _bss = .
 *(.bss*)
 .bss           0x20000014       0x28 ./source/can_driver.o
                0x20000014                rxCompleteThrottle
                0x20000015                rxCompleteBrake
                0x20000016                rxCompleteSteering
                0x20000017                rxComplete
                0x20000018                errFlag
                0x2000001c                txFrame
                0x2000002c                RxMessage
 .bss           0x2000003c       0x24 ./source/canrx_task.o
                0x2000003c                CANRxTaskHandle
                0x20000040                rtCANTask
 .bss           0x20000060        0x2 ./source/dac_driver.o
                0x20000060                dacConfigStruct
 *fill*         0x20000062        0x2 
 .bss           0x20000064       0x18 ./source/dac_task.o
                0x20000064                DACTaskHandle
                0x20000068                xThrottleQueue
                0x2000006c                rtDACTask
 .bss           0x2000007c        0x4 ./source/runtime_timer_api.o
                0x2000007c                ulHighFrequencyTimerTicks
 .bss           0x20000080        0x4 ./source/watchdog_api.o
                0x20000080                watch_flag
 .bss           0x20000084       0x10 ./source/watchdog_task.o
                0x20000084                Watchdog_Task_Handle
                0x20000088                rtWDTask
 .bss           0x20000094       0x40 ./freertos/source/queue.o
                0x20000094                xQueueRegistry
 .bss           0x200000d4      0x1e0 ./freertos/source/tasks.o
                0x200000d4                pxCurrentTCB
 .bss           0x200002b4       0x3c ./freertos/source/timers.o
 .bss           0x200002f0     0x2818 ./freertos/portable/heap_4.o
 .bss           0x20002b08        0x8 ./freertos/portable/port.o
 .bss           0x20002b10        0x8 ./drivers/fsl_clock.o
                0x20002b10                g_xtal0Freq
                0x20002b14                g_xtal32Freq
 .bss           0x20002b18       0x94 ./drivers/fsl_flash.o
 .bss           0x20002bac        0x8 ./drivers/fsl_flexcan.o
 .bss           0x20002bb4        0x4 ./drivers/fsl_smc.o
 .bss           0x20002bb8       0x1c ./drivers/fsl_uart.o
 .bss.__Ciob    0x20002bd4       0xb4 d:/nxp/mcuxpressoide_10.1.1_606/ide/tools/bin/../lib/gcc/arm-none-eabi/6.3.1/../../../../arm-none-eabi/lib/thumb/v7e-m/fpv4-sp/hard\libcr_semihost_nf.a(__ciob.o)
                0x20002bd4                __Ciob
 .bss.__end_of_heap
                0x20002c88        0x4 d:/nxp/mcuxpressoide_10.1.1_606/ide/tools/bin/../lib/gcc/arm-none-eabi/6.3.1/../../../../arm-none-eabi/lib/thumb/v7e-m/fpv4-sp/hard\libcr_c.a(__init_alloc.o)
                0x20002c88                __end_of_heap
 .bss.__heaps   0x20002c8c        0x4 d:/nxp/mcuxpressoide_10.1.1_606/ide/tools/bin/../lib/gcc/arm-none-eabi/6.3.1/../../../../arm-none-eabi/lib/thumb/v7e-m/fpv4-sp/hard\libcr_c.a(__init_alloc.o)
                0x20002c8c                __heaps
 .bss.errno     0x20002c90        0x4 d:/nxp/mcuxpressoide_10.1.1_606/ide/tools/bin/../lib/gcc/arm-none-eabi/6.3.1/../../../../arm-none-eabi/lib/thumb/v7e-m/fpv4-sp/hard\libcr_c.a(errno.o)
                0x20002c90                errno
 *(COMMON)
                0x20002c94                . = ALIGN (0x4)
                0x20002c94                _ebss = .
                [!provide]                PROVIDE (end, .)

.noinit_RAM2    0x1fff0000        0x0
 *(.noinit.$RAM2*)
 *(.noinit.$SRAM_LOWER*)
                0x1fff0000                . = ALIGN (0x4)

.noinit_RAM3    0x14000000        0x0
 *(.noinit.$RAM3*)
 *(.noinit.$FLEX_RAM*)
                0x14000000                . = ALIGN (0x4)

.noinit         0x20002c94        0x0
                0x20002c94                _noinit = .
 *(.noinit*)
                0x20002c94                . = ALIGN (0x4)
                0x20002c94                _end_noinit = .
                0x00001000                _HeapSize = 0x1000

.heap           0x20002c94     0x1000
                0x20002c94                _pvHeapStart = .
                0x20003c94                . = (. + _HeapSize)
 *fill*         0x20002c94     0x1000 
                0x20003c94                . = ALIGN (0x4)
                0x20003c94                _pvHeapLimit = .
                0x00001000                _StackSize = 0x1000

.heap2stackfill
                0x20003c94     0x1000
                0x20004c94                . = (. + _StackSize)
 *fill*         0x20003c94     0x1000 

.stack          0x2002f000        0x0
                0x2002f000                _vStackBase = .
                0x2002f000                . = ALIGN (0x4)
                0x20030000                _vStackTop = (. + _StackSize)
                0x00000000                _image_start = LOADADDR (.text)
                0x0000de18                _image_end = (LOADADDR (.data) + SIZEOF (.data))
                0x0000de18                _image_size = (_image_end - _image_start)
OUTPUT(FSAE_VFD_ECU_K64.axf elf32-littlearm)

.debug_info     0x00000000    0x1651f
 .debug_info    0x00000000      0x8b7 ./startup/startup_mk64f12.o
 .debug_info    0x000008b7      0x7f1 ./source/can_api.o
 .debug_info    0x000010a8     0x14c8 ./source/can_driver.o
 .debug_info    0x00002570      0x8a0 ./source/canrx_task.o
 .debug_info    0x00002e10      0x88f ./source/dac_driver.o
 .debug_info    0x0000369f      0x7ff ./source/dac_task.o
 .debug_info    0x00003e9e      0x5aa ./source/main.o
 .debug_info    0x00004448      0xea6 ./source/runtime_timer_api.o
 .debug_info    0x000052ee       0x3b ./source/semihost_hardfault.o
 .debug_info    0x00005329      0x6ac ./source/sensors.o
 .debug_info    0x000059d5      0x99a ./source/watchdog_api.o
 .debug_info    0x0000636f      0x7ef ./source/watchdog_task.o
 .debug_info    0x00006b5e      0x2cb ./freertos/source/list.o
 .debug_info    0x00006e29     0x141a ./freertos/source/queue.o
 .debug_info    0x00008243     0x1e94 ./freertos/source/tasks.o
 .debug_info    0x0000a0d7      0xd4a ./freertos/source/timers.o
 .debug_info    0x0000ae21       0xed ./freertos/portable/fsl_tickless_systick.o
 .debug_info    0x0000af0e      0x3f1 ./freertos/portable/heap_4.o
 .debug_info    0x0000b2ff      0x50b ./freertos/portable/port.o
 .debug_info    0x0000b80a     0x1e89 ./drivers/fsl_clock.o
 .debug_info    0x0000d693      0x9b4 ./drivers/fsl_dac.o
 .debug_info    0x0000e047     0x1e79 ./drivers/fsl_flash.o
 .debug_info    0x0000fec0     0x1d60 ./drivers/fsl_flexcan.o
 .debug_info    0x00011c20      0x6a1 ./drivers/fsl_pit.o
 .debug_info    0x000122c1      0xa73 ./drivers/fsl_smc.o
 .debug_info    0x00012d34     0x19d5 ./drivers/fsl_uart.o
 .debug_info    0x00014709      0x6a2 ./drivers/fsl_wdog.o
 .debug_info    0x00014dab      0xaac ./board/clock_config.o
 .debug_info    0x00015857       0x3b ./board/peripherals.o
 .debug_info    0x00015892      0x667 ./board/pin_mux.o
 .debug_info    0x00015ef9      0x626 ./CMSIS/system_MK64F12.o

.debug_abbrev   0x00000000     0x38e5
 .debug_abbrev  0x00000000      0x15c ./startup/startup_mk64f12.o
 .debug_abbrev  0x0000015c      0x1ca ./source/can_api.o
 .debug_abbrev  0x00000326      0x2a6 ./source/can_driver.o
 .debug_abbrev  0x000005cc      0x189 ./source/canrx_task.o
 .debug_abbrev  0x00000755      0x192 ./source/dac_driver.o
 .debug_abbrev  0x000008e7      0x196 ./source/dac_task.o
 .debug_abbrev  0x00000a7d      0x124 ./source/main.o
 .debug_abbrev  0x00000ba1      0x239 ./source/runtime_timer_api.o
 .debug_abbrev  0x00000dda       0x2f ./source/semihost_hardfault.o
 .debug_abbrev  0x00000e09      0x158 ./source/sensors.o
 .debug_abbrev  0x00000f61      0x19b ./source/watchdog_api.o
 .debug_abbrev  0x000010fc      0x189 ./source/watchdog_task.o
 .debug_abbrev  0x00001285      0x112 ./freertos/source/list.o
 .debug_abbrev  0x00001397      0x253 ./freertos/source/queue.o
 .debug_abbrev  0x000015ea      0x2fc ./freertos/source/tasks.o
 .debug_abbrev  0x000018e6      0x219 ./freertos/source/timers.o
 .debug_abbrev  0x00001aff       0x92 ./freertos/portable/fsl_tickless_systick.o
 .debug_abbrev  0x00001b91      0x1e8 ./freertos/portable/heap_4.o
 .debug_abbrev  0x00001d79      0x24c ./freertos/portable/port.o
 .debug_abbrev  0x00001fc5      0x305 ./drivers/fsl_clock.o
 .debug_abbrev  0x000022ca      0x207 ./drivers/fsl_dac.o
 .debug_abbrev  0x000024d1      0x265 ./drivers/fsl_flash.o
 .debug_abbrev  0x00002736      0x2e7 ./drivers/fsl_flexcan.o
 .debug_abbrev  0x00002a1d      0x1d5 ./drivers/fsl_pit.o
 .debug_abbrev  0x00002bf2      0x2bd ./drivers/fsl_smc.o
 .debug_abbrev  0x00002eaf      0x2ff ./drivers/fsl_uart.o
 .debug_abbrev  0x000031ae      0x247 ./drivers/fsl_wdog.o
 .debug_abbrev  0x000033f5      0x1f0 ./board/clock_config.o
 .debug_abbrev  0x000035e5       0x2f ./board/peripherals.o
 .debug_abbrev  0x00003614      0x195 ./board/pin_mux.o
 .debug_abbrev  0x000037a9      0x13c ./CMSIS/system_MK64F12.o

.debug_aranges  0x00000000      0x448
 .debug_aranges
                0x00000000       0x88 ./startup/startup_mk64f12.o
 .debug_aranges
                0x00000088       0x20 ./source/can_api.o
 .debug_aranges
                0x000000a8       0x20 ./source/can_driver.o
 .debug_aranges
                0x000000c8       0x20 ./source/canrx_task.o
 .debug_aranges
                0x000000e8       0x20 ./source/dac_driver.o
 .debug_aranges
                0x00000108       0x20 ./source/dac_task.o
 .debug_aranges
                0x00000128       0x20 ./source/main.o
 .debug_aranges
                0x00000148       0x20 ./source/runtime_timer_api.o
 .debug_aranges
                0x00000168       0x20 ./source/semihost_hardfault.o
 .debug_aranges
                0x00000188       0x20 ./source/sensors.o
 .debug_aranges
                0x000001a8       0x20 ./source/watchdog_api.o
 .debug_aranges
                0x000001c8       0x20 ./source/watchdog_task.o
 .debug_aranges
                0x000001e8       0x20 ./freertos/source/list.o
 .debug_aranges
                0x00000208       0x20 ./freertos/source/queue.o
 .debug_aranges
                0x00000228       0x20 ./freertos/source/tasks.o
 .debug_aranges
                0x00000248       0x20 ./freertos/source/timers.o
 .debug_aranges
                0x00000268       0x20 ./freertos/portable/fsl_tickless_systick.o
 .debug_aranges
                0x00000288       0x20 ./freertos/portable/heap_4.o
 .debug_aranges
                0x000002a8       0x20 ./freertos/portable/port.o
 .debug_aranges
                0x000002c8       0x20 ./drivers/fsl_clock.o
 .debug_aranges
                0x000002e8       0x20 ./drivers/fsl_dac.o
 .debug_aranges
                0x00000308       0x20 ./drivers/fsl_flash.o
 .debug_aranges
                0x00000328       0x20 ./drivers/fsl_flexcan.o
 .debug_aranges
                0x00000348       0x20 ./drivers/fsl_pit.o
 .debug_aranges
                0x00000368       0x20 ./drivers/fsl_smc.o
 .debug_aranges
                0x00000388       0x20 ./drivers/fsl_uart.o
 .debug_aranges
                0x000003a8       0x20 ./drivers/fsl_wdog.o
 .debug_aranges
                0x000003c8       0x20 ./board/clock_config.o
 .debug_aranges
                0x000003e8       0x20 ./board/peripherals.o
 .debug_aranges
                0x00000408       0x20 ./board/pin_mux.o
 .debug_aranges
                0x00000428       0x20 ./CMSIS/system_MK64F12.o

.debug_ranges   0x00000000       0x78
 .debug_ranges  0x00000000       0x78 ./startup/startup_mk64f12.o

.debug_macro    0x00000000     0x35e0
 .debug_macro   0x00000000       0x29 ./startup/startup_mk64f12.o
 .debug_macro   0x00000029      0x273 ./source/can_api.o
 .debug_macro   0x0000029c       0x16 ./source/can_api.o
 .debug_macro   0x000002b2      0x1a0 ./source/can_api.o
 .debug_macro   0x00000452       0x91 ./source/can_api.o
 .debug_macro   0x000004e3       0x16 ./source/can_api.o
 .debug_macro   0x000004f9       0x10 ./source/can_api.o
 .debug_macro   0x00000509      0x15e ./source/can_api.o
 .debug_macro   0x00000667       0x82 ./source/can_api.o
 .debug_macro   0x000006e9       0xd7 ./source/can_api.o
 .debug_macro   0x000007c0       0x10 ./source/can_api.o
 .debug_macro   0x000007d0       0x28 ./source/can_api.o
 .debug_macro   0x000007f8       0x10 ./source/can_api.o
 .debug_macro   0x00000808       0x22 ./source/can_api.o
 .debug_macro   0x0000082a       0x10 ./source/can_api.o
 .debug_macro   0x0000083a       0x10 ./source/can_api.o
 .debug_macro   0x0000084a       0x52 ./source/can_api.o
 .debug_macro   0x0000089c       0x46 ./source/can_api.o
 .debug_macro   0x000008e2       0x10 ./source/can_api.o
 .debug_macro   0x000008f2      0x273 ./source/can_driver.o
 .debug_macro   0x00000b65      0x279 ./source/canrx_task.o
 .debug_macro   0x00000dde      0x279 ./source/dac_driver.o
 .debug_macro   0x00001057      0x27f ./source/dac_task.o
 .debug_macro   0x000012d6      0x273 ./source/main.o
 .debug_macro   0x00001549      0x279 ./source/runtime_timer_api.o
 .debug_macro   0x000017c2       0x11 ./source/semihost_hardfault.o
 .debug_macro   0x000017d3      0x273 ./source/sensors.o
 .debug_macro   0x00001a46      0x273 ./source/watchdog_api.o
 .debug_macro   0x00001cb9      0x273 ./source/watchdog_task.o
 .debug_macro   0x00001f2c       0xb9 ./freertos/source/list.o
 .debug_macro   0x00001fe5      0x122 ./freertos/source/queue.o
 .debug_macro   0x00002107      0x185 ./freertos/source/tasks.o
 .debug_macro   0x0000228c       0x11 ./freertos/source/tasks.o
 .debug_macro   0x0000229d       0xf6 ./freertos/source/timers.o
 .debug_macro   0x00002393       0xbd ./freertos/portable/fsl_tickless_systick.o
 .debug_macro   0x00002450       0x7c ./freertos/portable/fsl_tickless_systick.o
 .debug_macro   0x000024cc       0xe0 ./freertos/portable/heap_4.o
 .debug_macro   0x000025ac      0x135 ./freertos/portable/port.o
 .debug_macro   0x000026e1      0x1a6 ./drivers/fsl_clock.o
 .debug_macro   0x00002887       0xf0 ./drivers/fsl_dac.o
 .debug_macro   0x00002977      0x34b ./drivers/fsl_flash.o
 .debug_macro   0x00002cc2       0x43 ./drivers/fsl_flash.o
 .debug_macro   0x00002d05       0xf5 ./drivers/fsl_flexcan.o
 .debug_macro   0x00002dfa       0xd1 ./drivers/fsl_flexcan.o
 .debug_macro   0x00002ecb       0xf0 ./drivers/fsl_pit.o
 .debug_macro   0x00002fbb       0xf9 ./drivers/fsl_smc.o
 .debug_macro   0x000030b4       0x49 ./drivers/fsl_smc.o
 .debug_macro   0x000030fd       0xf6 ./drivers/fsl_uart.o
 .debug_macro   0x000031f3       0xef ./drivers/fsl_wdog.o
 .debug_macro   0x000032e2       0x22 ./drivers/fsl_wdog.o
 .debug_macro   0x00003304      0x127 ./board/clock_config.o
 .debug_macro   0x0000342b       0x1b ./board/peripherals.o
 .debug_macro   0x00003446       0xf2 ./board/pin_mux.o
 .debug_macro   0x00003538       0x10 ./board/pin_mux.o
 .debug_macro   0x00003548       0x98 ./CMSIS/system_MK64F12.o

.debug_line     0x00000000     0x8813
 .debug_line    0x00000000      0x183 ./startup/startup_mk64f12.o
 .debug_line    0x00000183      0x555 ./source/can_api.o
 .debug_line    0x000006d8      0x5a1 ./source/can_driver.o
 .debug_line    0x00000c79      0x54f ./source/canrx_task.o
 .debug_line    0x000011c8      0x54d ./source/dac_driver.o
 .debug_line    0x00001715      0x542 ./source/dac_task.o
 .debug_line    0x00001c57      0x550 ./source/main.o
 .debug_line    0x000021a7      0x594 ./source/runtime_timer_api.o
 .debug_line    0x0000273b       0x54 ./source/semihost_hardfault.o
 .debug_line    0x0000278f      0x541 ./source/sensors.o
 .debug_line    0x00002cd0      0x549 ./source/watchdog_api.o
 .debug_line    0x00003219      0x549 ./source/watchdog_task.o
 .debug_line    0x00003762      0x269 ./freertos/source/list.o
 .debug_line    0x000039cb      0x85f ./freertos/source/queue.o
 .debug_line    0x0000422a      0xba8 ./freertos/source/tasks.o
 .debug_line    0x00004dd2      0x4bd ./freertos/source/timers.o
 .debug_line    0x0000528f      0x25f ./freertos/portable/fsl_tickless_systick.o
 .debug_line    0x000054ee      0x321 ./freertos/portable/heap_4.o
 .debug_line    0x0000580f      0x37b ./freertos/portable/port.o
 .debug_line    0x00005b8a      0x645 ./drivers/fsl_clock.o
 .debug_line    0x000061cf      0x2a8 ./drivers/fsl_dac.o
 .debug_line    0x00006477      0x5dd ./drivers/fsl_flash.o
 .debug_line    0x00006a54      0x6f7 ./drivers/fsl_flexcan.o
 .debug_line    0x0000714b      0x245 ./drivers/fsl_pit.o
 .debug_line    0x00007390      0x361 ./drivers/fsl_smc.o
 .debug_line    0x000076f1      0x73c ./drivers/fsl_uart.o
 .debug_line    0x00007e2d      0x2b4 ./drivers/fsl_wdog.o
 .debug_line    0x000080e1      0x28a ./board/clock_config.o
 .debug_line    0x0000836b       0x58 ./board/peripherals.o
 .debug_line    0x000083c3      0x260 ./board/pin_mux.o
 .debug_line    0x00008623      0x1f0 ./CMSIS/system_MK64F12.o

.debug_str      0x00000000    0x8b4c4
 .debug_str     0x00000000     0x2d90 ./startup/startup_mk64f12.o
                               0x2e80 (size before relaxing)
 .debug_str     0x00002d90    0x7d4e0 ./source/can_api.o
                              0x7fbca (size before relaxing)
 .debug_str     0x00080270     0x105c ./source/can_driver.o
                              0x80c74 (size before relaxing)
 .debug_str     0x000812cc       0xe8 ./source/canrx_task.o
                              0x800f2 (size before relaxing)
 .debug_str     0x000813b4      0x128 ./source/dac_driver.o
                              0x800b9 (size before relaxing)
 .debug_str     0x000814dc       0x92 ./source/dac_task.o
                              0x80059 (size before relaxing)
 .debug_str     0x0008156e       0x16 ./source/main.o
                              0x7fa4d (size before relaxing)
 .debug_str     0x00081584      0x1b5 ./source/runtime_timer_api.o
                              0x808e7 (size before relaxing)
 .debug_str     0x00081739       0x1f ./source/semihost_hardfault.o
                               0x2608 (size before relaxing)
 .debug_str     0x00081758       0x67 ./source/sensors.o
                              0x7fb32 (size before relaxing)
 .debug_str     0x000817bf      0x2c1 ./source/watchdog_api.o
                              0x80249 (size before relaxing)
 .debug_str     0x00081a80       0x65 ./source/watchdog_task.o
                              0x8002c (size before relaxing)
 .debug_str     0x00081ae5      0x1aa ./freertos/source/list.o
                               0x6f6e (size before relaxing)
 .debug_str     0x00081c8f      0x815 ./freertos/source/queue.o
                               0x852d (size before relaxing)
 .debug_str     0x000824a4     0x1390 ./freertos/source/tasks.o
                               0x9202 (size before relaxing)
 .debug_str     0x00083834      0x4c4 ./freertos/source/timers.o
                               0x8a34 (size before relaxing)
 .debug_str     0x00083cf8      0x3c4 ./freertos/portable/fsl_tickless_systick.o
                               0x7737 (size before relaxing)
 .debug_str     0x000840bc      0x22a ./freertos/portable/heap_4.o
                               0x767b (size before relaxing)
 .debug_str     0x000842e6      0x522 ./freertos/portable/port.o
                               0x7cd7 (size before relaxing)
 .debug_str     0x00084808     0x18a7 ./drivers/fsl_clock.o
                              0x7ae9d (size before relaxing)
 .debug_str     0x000860af      0x30c ./drivers/fsl_dac.o
                              0x7977d (size before relaxing)
 .debug_str     0x000863bb     0x2bd6 ./drivers/fsl_flash.o
                              0x7bdd7 (size before relaxing)
 .debug_str     0x00088f91      0xcc2 ./drivers/fsl_flexcan.o
                              0x7b744 (size before relaxing)
 .debug_str     0x00089c53       0x50 ./drivers/fsl_pit.o
                              0x79418 (size before relaxing)
 .debug_str     0x00089ca3      0x3a5 ./drivers/fsl_smc.o
                              0x7980c (size before relaxing)
 .debug_str     0x0008a048      0xdca ./drivers/fsl_uart.o
                              0x7a78e (size before relaxing)
 .debug_str     0x0008ae12      0x1e2 ./drivers/fsl_wdog.o
                              0x790e9 (size before relaxing)
 .debug_str     0x0008aff4      0x2a3 ./board/clock_config.o
                              0x79904 (size before relaxing)
 .debug_str     0x0008b297       0x31 ./board/peripherals.o
                               0x2619 (size before relaxing)
 .debug_str     0x0008b2c8      0x1b5 ./board/pin_mux.o
                              0x79396 (size before relaxing)
 .debug_str     0x0008b47d       0x47 ./CMSIS/system_MK64F12.o
                              0x77e9c (size before relaxing)

.comment        0x00000000       0x7f
 .comment       0x00000000       0x7f ./startup/startup_mk64f12.o
                                 0x80 (size before relaxing)
 .comment       0x0000007f       0x80 ./source/can_api.o
 .comment       0x0000007f       0x80 ./source/can_driver.o
 .comment       0x0000007f       0x80 ./source/canrx_task.o
 .comment       0x0000007f       0x80 ./source/dac_driver.o
 .comment       0x0000007f       0x80 ./source/dac_task.o
 .comment       0x0000007f       0x80 ./source/main.o
 .comment       0x0000007f       0x80 ./source/runtime_timer_api.o
 .comment       0x0000007f       0x80 ./source/semihost_hardfault.o
 .comment       0x0000007f       0x80 ./source/sensors.o
 .comment       0x0000007f       0x80 ./source/watchdog_api.o
 .comment       0x0000007f       0x80 ./source/watchdog_task.o
 .comment       0x0000007f       0x80 ./freertos/source/list.o
 .comment       0x0000007f       0x80 ./freertos/source/queue.o
 .comment       0x0000007f       0x80 ./freertos/source/tasks.o
 .comment       0x0000007f       0x80 ./freertos/source/timers.o
 .comment       0x0000007f       0x80 ./freertos/portable/fsl_tickless_systick.o
 .comment       0x0000007f       0x80 ./freertos/portable/heap_4.o
 .comment       0x0000007f       0x80 ./freertos/portable/port.o
 .comment       0x0000007f       0x80 ./drivers/fsl_clock.o
 .comment       0x0000007f       0x80 ./drivers/fsl_dac.o
 .comment       0x0000007f       0x80 ./drivers/fsl_flash.o
 .comment       0x0000007f       0x80 ./drivers/fsl_flexcan.o
 .comment       0x0000007f       0x80 ./drivers/fsl_pit.o
 .comment       0x0000007f       0x80 ./drivers/fsl_smc.o
 .comment       0x0000007f       0x80 ./drivers/fsl_uart.o
 .comment       0x0000007f       0x80 ./drivers/fsl_wdog.o
 .comment       0x0000007f       0x80 ./board/clock_config.o
 .comment       0x0000007f       0x80 ./board/peripherals.o
 .comment       0x0000007f       0x80 ./board/pin_mux.o
 .comment       0x0000007f       0x80 ./CMSIS/system_MK64F12.o
 .comment       0x0000007f       0x80 d:/nxp/mcuxpressoide_10.1.1_606/ide/tools/bin/../lib/gcc/arm-none-eabi/6.3.1/../../../../arm-none-eabi/lib/thumb/v7e-m/fpv4-sp/hard\libcr_semihost_nf.a(_cr__main.o)
 .comment       0x0000007f       0x80 d:/nxp/mcuxpressoide_10.1.1_606/ide/tools/bin/../lib/gcc/arm-none-eabi/6.3.1/../../../../arm-none-eabi/lib/thumb/v7e-m/fpv4-sp/hard\libcr_semihost_nf.a(_cr_assert.o)
 .comment       0x0000007f       0x80 d:/nxp/mcuxpressoide_10.1.1_606/ide/tools/bin/../lib/gcc/arm-none-eabi/6.3.1/../../../../arm-none-eabi/lib/thumb/v7e-m/fpv4-sp/hard\libcr_semihost_nf.a(__ciob.o)
 .comment       0x0000007f       0x80 d:/nxp/mcuxpressoide_10.1.1_606/ide/tools/bin/../lib/gcc/arm-none-eabi/6.3.1/../../../../arm-none-eabi/lib/thumb/v7e-m/fpv4-sp/hard\libcr_c.a(memcpy.o)
 .comment       0x0000007f       0x80 d:/nxp/mcuxpressoide_10.1.1_606/ide/tools/bin/../lib/gcc/arm-none-eabi/6.3.1/../../../../arm-none-eabi/lib/thumb/v7e-m/fpv4-sp/hard\libcr_c.a(memset.o)
 .comment       0x0000007f       0x80 d:/nxp/mcuxpressoide_10.1.1_606/ide/tools/bin/../lib/gcc/arm-none-eabi/6.3.1/../../../../arm-none-eabi/lib/thumb/v7e-m/fpv4-sp/hard\libcr_c.a(_deferredlazyseek.o)
 .comment       0x0000007f       0x80 d:/nxp/mcuxpressoide_10.1.1_606/ide/tools/bin/../lib/gcc/arm-none-eabi/6.3.1/../../../../arm-none-eabi/lib/thumb/v7e-m/fpv4-sp/hard\libcr_c.a(_fflush.o)
 .comment       0x0000007f       0x80 d:/nxp/mcuxpressoide_10.1.1_606/ide/tools/bin/../lib/gcc/arm-none-eabi/6.3.1/../../../../arm-none-eabi/lib/thumb/v7e-m/fpv4-sp/hard\libcr_c.a(_writebuf.o)
 .comment       0x0000007f       0x80 d:/nxp/mcuxpressoide_10.1.1_606/ide/tools/bin/../lib/gcc/arm-none-eabi/6.3.1/../../../../arm-none-eabi/lib/thumb/v7e-m/fpv4-sp/hard\libcr_c.a(alloc.o)
 .comment       0x0000007f       0x80 d:/nxp/mcuxpressoide_10.1.1_606/ide/tools/bin/../lib/gcc/arm-none-eabi/6.3.1/../../../../arm-none-eabi/lib/thumb/v7e-m/fpv4-sp/hard\libcr_c.a(fputs.o)
 .comment       0x0000007f       0x80 d:/nxp/mcuxpressoide_10.1.1_606/ide/tools/bin/../lib/gcc/arm-none-eabi/6.3.1/../../../../arm-none-eabi/lib/thumb/v7e-m/fpv4-sp/hard\libcr_c.a(fseek.o)
 .comment       0x0000007f       0x80 d:/nxp/mcuxpressoide_10.1.1_606/ide/tools/bin/../lib/gcc/arm-none-eabi/6.3.1/../../../../arm-none-eabi/lib/thumb/v7e-m/fpv4-sp/hard\libcr_c.a(ftell.o)
 .comment       0x0000007f       0x80 d:/nxp/mcuxpressoide_10.1.1_606/ide/tools/bin/../lib/gcc/arm-none-eabi/6.3.1/../../../../arm-none-eabi/lib/thumb/v7e-m/fpv4-sp/hard\libcr_c.a(initio.o)
 .comment       0x0000007f       0x80 d:/nxp/mcuxpressoide_10.1.1_606/ide/tools/bin/../lib/gcc/arm-none-eabi/6.3.1/../../../../arm-none-eabi/lib/thumb/v7e-m/fpv4-sp/hard\libcr_c.a(setvbuf.o)
 .comment       0x0000007f       0x80 d:/nxp/mcuxpressoide_10.1.1_606/ide/tools/bin/../lib/gcc/arm-none-eabi/6.3.1/../../../../arm-none-eabi/lib/thumb/v7e-m/fpv4-sp/hard\libcr_c.a(strlen.o)
 .comment       0x0000007f       0x80 d:/nxp/mcuxpressoide_10.1.1_606/ide/tools/bin/../lib/gcc/arm-none-eabi/6.3.1/../../../../arm-none-eabi/lib/thumb/v7e-m/fpv4-sp/hard\libcr_c.a(__init_alloc.o)
 .comment       0x0000007f       0x80 d:/nxp/mcuxpressoide_10.1.1_606/ide/tools/bin/../lib/gcc/arm-none-eabi/6.3.1/../../../../arm-none-eabi/lib/thumb/v7e-m/fpv4-sp/hard\libcr_c.a(_cr_sbrk.o)
 .comment       0x0000007f       0x80 d:/nxp/mcuxpressoide_10.1.1_606/ide/tools/bin/../lib/gcc/arm-none-eabi/6.3.1/../../../../arm-none-eabi/lib/thumb/v7e-m/fpv4-sp/hard\libcr_c.a(_fdopen.o)
 .comment       0x0000007f       0x80 d:/nxp/mcuxpressoide_10.1.1_606/ide/tools/bin/../lib/gcc/arm-none-eabi/6.3.1/../../../../arm-none-eabi/lib/thumb/v7e-m/fpv4-sp/hard\libcr_c.a(errno.o)
 .comment       0x0000007f       0x80 d:/nxp/mcuxpressoide_10.1.1_606/ide/tools/bin/../lib/gcc/arm-none-eabi/6.3.1/../../../../arm-none-eabi/lib/thumb/v7e-m/fpv4-sp/hard\libcr_c.a(fclose.o)
 .comment       0x0000007f       0x80 d:/nxp/mcuxpressoide_10.1.1_606/ide/tools/bin/../lib/gcc/arm-none-eabi/6.3.1/../../../../arm-none-eabi/lib/thumb/v7e-m/fpv4-sp/hard\libcr_c.a(fflush.o)
 .comment       0x0000007f       0x80 d:/nxp/mcuxpressoide_10.1.1_606/ide/tools/bin/../lib/gcc/arm-none-eabi/6.3.1/../../../../arm-none-eabi/lib/thumb/v7e-m/fpv4-sp/hard\libcr_c.a(remove.o)
 .comment       0x0000007f       0x80 d:/nxp/mcuxpressoide_10.1.1_606/ide/tools/bin/../lib/gcc/arm-none-eabi/6.3.1/../../../../arm-none-eabi/lib/thumb/v7e-m/fpv4-sp/hard\libcr_c.a(_cr_check_heap.o)
 .comment       0x0000007f       0x80 d:/nxp/mcuxpressoide_10.1.1_606/ide/tools/bin/../lib/gcc/arm-none-eabi/6.3.1/../../../../arm-none-eabi/lib/thumb/v7e-m/fpv4-sp/hard\libcr_c.a(_do_fflush.o)

.ARM.attributes
                0x00000000       0x37
 .ARM.attributes
                0x00000000       0x39 ./startup/startup_mk64f12.o
 .ARM.attributes
                0x00000039       0x39 ./source/can_api.o
 .ARM.attributes
                0x00000072       0x39 ./source/can_driver.o
 .ARM.attributes
                0x000000ab       0x39 ./source/canrx_task.o
 .ARM.attributes
                0x000000e4       0x39 ./source/dac_driver.o
 .ARM.attributes
                0x0000011d       0x39 ./source/dac_task.o
 .ARM.attributes
                0x00000156       0x39 ./source/main.o
 .ARM.attributes
                0x0000018f       0x39 ./source/runtime_timer_api.o
 .ARM.attributes
                0x000001c8       0x39 ./source/semihost_hardfault.o
 .ARM.attributes
                0x00000201       0x39 ./source/sensors.o
 .ARM.attributes
                0x0000023a       0x39 ./source/watchdog_api.o
 .ARM.attributes
                0x00000273       0x39 ./source/watchdog_task.o
 .ARM.attributes
                0x000002ac       0x39 ./freertos/source/list.o
 .ARM.attributes
                0x000002e5       0x39 ./freertos/source/queue.o
 .ARM.attributes
                0x0000031e       0x39 ./freertos/source/tasks.o
 .ARM.attributes
                0x00000357       0x39 ./freertos/source/timers.o
 .ARM.attributes
                0x00000390       0x39 ./freertos/portable/fsl_tickless_systick.o
 .ARM.attributes
                0x000003c9       0x39 ./freertos/portable/heap_4.o
 .ARM.attributes
                0x00000402       0x39 ./freertos/portable/port.o
 .ARM.attributes
                0x0000043b       0x39 ./drivers/fsl_clock.o
 .ARM.attributes
                0x00000474       0x39 ./drivers/fsl_dac.o
 .ARM.attributes
                0x000004ad       0x39 ./drivers/fsl_flash.o
 .ARM.attributes
                0x000004e6       0x39 ./drivers/fsl_flexcan.o
 .ARM.attributes
                0x0000051f       0x39 ./drivers/fsl_pit.o
 .ARM.attributes
                0x00000558       0x39 ./drivers/fsl_smc.o
 .ARM.attributes
                0x00000591       0x39 ./drivers/fsl_uart.o
 .ARM.attributes
                0x000005ca       0x39 ./drivers/fsl_wdog.o
 .ARM.attributes
                0x00000603       0x39 ./board/clock_config.o
 .ARM.attributes
                0x0000063c       0x39 ./board/peripherals.o
 .ARM.attributes
                0x00000675       0x39 ./board/pin_mux.o
 .ARM.attributes
                0x000006ae       0x39 ./CMSIS/system_MK64F12.o
 .ARM.attributes
                0x000006e7       0x39 d:/nxp/mcuxpressoide_10.1.1_606/ide/tools/bin/../lib/gcc/arm-none-eabi/6.3.1/../../../../arm-none-eabi/lib/thumb/v7e-m/fpv4-sp/hard\libcr_semihost_nf.a(_cr__main.o)
 .ARM.attributes
                0x00000720       0x39 d:/nxp/mcuxpressoide_10.1.1_606/ide/tools/bin/../lib/gcc/arm-none-eabi/6.3.1/../../../../arm-none-eabi/lib/thumb/v7e-m/fpv4-sp/hard\libcr_semihost_nf.a(_cr_assert.o)
 .ARM.attributes
                0x00000759       0x39 d:/nxp/mcuxpressoide_10.1.1_606/ide/tools/bin/../lib/gcc/arm-none-eabi/6.3.1/../../../../arm-none-eabi/lib/thumb/v7e-m/fpv4-sp/hard\libcr_semihost_nf.a(__ciob.o)
 .ARM.attributes
                0x00000792       0x25 d:/nxp/mcuxpressoide_10.1.1_606/ide/tools/bin/../lib/gcc/arm-none-eabi/6.3.1/../../../../arm-none-eabi/lib/thumb/v7e-m/fpv4-sp/hard\libcr_semihost_nf.a(__sys_appexit.o)
 .ARM.attributes
                0x000007b7       0x39 d:/nxp/mcuxpressoide_10.1.1_606/ide/tools/bin/../lib/gcc/arm-none-eabi/6.3.1/../../../../arm-none-eabi/lib/thumb/v7e-m/fpv4-sp/hard\libcr_c.a(memcpy.o)
 .ARM.attributes
                0x000007f0       0x39 d:/nxp/mcuxpressoide_10.1.1_606/ide/tools/bin/../lib/gcc/arm-none-eabi/6.3.1/../../../../arm-none-eabi/lib/thumb/v7e-m/fpv4-sp/hard\libcr_c.a(memset.o)
 .ARM.attributes
                0x00000829       0x39 d:/nxp/mcuxpressoide_10.1.1_606/ide/tools/bin/../lib/gcc/arm-none-eabi/6.3.1/../../../../arm-none-eabi/lib/thumb/v7e-m/fpv4-sp/hard\libcr_c.a(_deferredlazyseek.o)
 .ARM.attributes
                0x00000862       0x39 d:/nxp/mcuxpressoide_10.1.1_606/ide/tools/bin/../lib/gcc/arm-none-eabi/6.3.1/../../../../arm-none-eabi/lib/thumb/v7e-m/fpv4-sp/hard\libcr_c.a(_fflush.o)
 .ARM.attributes
                0x0000089b       0x39 d:/nxp/mcuxpressoide_10.1.1_606/ide/tools/bin/../lib/gcc/arm-none-eabi/6.3.1/../../../../arm-none-eabi/lib/thumb/v7e-m/fpv4-sp/hard\libcr_c.a(_writebuf.o)
 .ARM.attributes
                0x000008d4       0x39 d:/nxp/mcuxpressoide_10.1.1_606/ide/tools/bin/../lib/gcc/arm-none-eabi/6.3.1/../../../../arm-none-eabi/lib/thumb/v7e-m/fpv4-sp/hard\libcr_c.a(alloc.o)
 .ARM.attributes
                0x0000090d       0x39 d:/nxp/mcuxpressoide_10.1.1_606/ide/tools/bin/../lib/gcc/arm-none-eabi/6.3.1/../../../../arm-none-eabi/lib/thumb/v7e-m/fpv4-sp/hard\libcr_c.a(fputs.o)
 .ARM.attributes
                0x00000946       0x39 d:/nxp/mcuxpressoide_10.1.1_606/ide/tools/bin/../lib/gcc/arm-none-eabi/6.3.1/../../../../arm-none-eabi/lib/thumb/v7e-m/fpv4-sp/hard\libcr_c.a(fseek.o)
 .ARM.attributes
                0x0000097f       0x39 d:/nxp/mcuxpressoide_10.1.1_606/ide/tools/bin/../lib/gcc/arm-none-eabi/6.3.1/../../../../arm-none-eabi/lib/thumb/v7e-m/fpv4-sp/hard\libcr_c.a(ftell.o)
 .ARM.attributes
                0x000009b8       0x39 d:/nxp/mcuxpressoide_10.1.1_606/ide/tools/bin/../lib/gcc/arm-none-eabi/6.3.1/../../../../arm-none-eabi/lib/thumb/v7e-m/fpv4-sp/hard\libcr_c.a(initio.o)
 .ARM.attributes
                0x000009f1       0x39 d:/nxp/mcuxpressoide_10.1.1_606/ide/tools/bin/../lib/gcc/arm-none-eabi/6.3.1/../../../../arm-none-eabi/lib/thumb/v7e-m/fpv4-sp/hard\libcr_c.a(setvbuf.o)
 .ARM.attributes
                0x00000a2a       0x39 d:/nxp/mcuxpressoide_10.1.1_606/ide/tools/bin/../lib/gcc/arm-none-eabi/6.3.1/../../../../arm-none-eabi/lib/thumb/v7e-m/fpv4-sp/hard\libcr_c.a(strlen.o)
 .ARM.attributes
                0x00000a63       0x39 d:/nxp/mcuxpressoide_10.1.1_606/ide/tools/bin/../lib/gcc/arm-none-eabi/6.3.1/../../../../arm-none-eabi/lib/thumb/v7e-m/fpv4-sp/hard\libcr_c.a(__init_alloc.o)
 .ARM.attributes
                0x00000a9c       0x39 d:/nxp/mcuxpressoide_10.1.1_606/ide/tools/bin/../lib/gcc/arm-none-eabi/6.3.1/../../../../arm-none-eabi/lib/thumb/v7e-m/fpv4-sp/hard\libcr_c.a(_cr_sbrk.o)
 .ARM.attributes
                0x00000ad5       0x39 d:/nxp/mcuxpressoide_10.1.1_606/ide/tools/bin/../lib/gcc/arm-none-eabi/6.3.1/../../../../arm-none-eabi/lib/thumb/v7e-m/fpv4-sp/hard\libcr_c.a(_fdopen.o)
 .ARM.attributes
                0x00000b0e       0x39 d:/nxp/mcuxpressoide_10.1.1_606/ide/tools/bin/../lib/gcc/arm-none-eabi/6.3.1/../../../../arm-none-eabi/lib/thumb/v7e-m/fpv4-sp/hard\libcr_c.a(errno.o)
 .ARM.attributes
                0x00000b47       0x39 d:/nxp/mcuxpressoide_10.1.1_606/ide/tools/bin/../lib/gcc/arm-none-eabi/6.3.1/../../../../arm-none-eabi/lib/thumb/v7e-m/fpv4-sp/hard\libcr_c.a(fclose.o)
 .ARM.attributes
                0x00000b80       0x39 d:/nxp/mcuxpressoide_10.1.1_606/ide/tools/bin/../lib/gcc/arm-none-eabi/6.3.1/../../../../arm-none-eabi/lib/thumb/v7e-m/fpv4-sp/hard\libcr_c.a(fflush.o)
 .ARM.attributes
                0x00000bb9       0x39 d:/nxp/mcuxpressoide_10.1.1_606/ide/tools/bin/../lib/gcc/arm-none-eabi/6.3.1/../../../../arm-none-eabi/lib/thumb/v7e-m/fpv4-sp/hard\libcr_c.a(remove.o)
 .ARM.attributes
                0x00000bf2       0x39 d:/nxp/mcuxpressoide_10.1.1_606/ide/tools/bin/../lib/gcc/arm-none-eabi/6.3.1/../../../../arm-none-eabi/lib/thumb/v7e-m/fpv4-sp/hard\libcr_c.a(_cr_check_heap.o)
 .ARM.attributes
                0x00000c2b       0x39 d:/nxp/mcuxpressoide_10.1.1_606/ide/tools/bin/../lib/gcc/arm-none-eabi/6.3.1/../../../../arm-none-eabi/lib/thumb/v7e-m/fpv4-sp/hard\libcr_c.a(_do_fflush.o)
 .ARM.attributes
                0x00000c64       0x25 d:/nxp/mcuxpressoide_10.1.1_606/ide/tools/bin/../lib/gcc/arm-none-eabi/6.3.1/thumb/v7e-m/fpv4-sp/hard\libcr_eabihelpers.a(memcpy.o)
 .ARM.attributes
                0x00000c89       0x25 d:/nxp/mcuxpressoide_10.1.1_606/ide/tools/bin/../lib/gcc/arm-none-eabi/6.3.1/../../../../arm-none-eabi/lib/thumb/v7e-m/fpv4-sp/hard\libcr_semihost_nf.a(__sys_close.o)
 .ARM.attributes
                0x00000cae       0x25 d:/nxp/mcuxpressoide_10.1.1_606/ide/tools/bin/../lib/gcc/arm-none-eabi/6.3.1/../../../../arm-none-eabi/lib/thumb/v7e-m/fpv4-sp/hard\libcr_semihost_nf.a(__sys_flen.o)
 .ARM.attributes
                0x00000cd3       0x25 d:/nxp/mcuxpressoide_10.1.1_606/ide/tools/bin/../lib/gcc/arm-none-eabi/6.3.1/../../../../arm-none-eabi/lib/thumb/v7e-m/fpv4-sp/hard\libcr_semihost_nf.a(__sys_istty.o)
 .ARM.attributes
                0x00000cf8       0x25 d:/nxp/mcuxpressoide_10.1.1_606/ide/tools/bin/../lib/gcc/arm-none-eabi/6.3.1/../../../../arm-none-eabi/lib/thumb/v7e-m/fpv4-sp/hard\libcr_semihost_nf.a(__sys_remove.o)
 .ARM.attributes
                0x00000d1d       0x25 d:/nxp/mcuxpressoide_10.1.1_606/ide/tools/bin/../lib/gcc/arm-none-eabi/6.3.1/../../../../arm-none-eabi/lib/thumb/v7e-m/fpv4-sp/hard\libcr_semihost_nf.a(__sys_seek.o)
 .ARM.attributes
                0x00000d42       0x25 d:/nxp/mcuxpressoide_10.1.1_606/ide/tools/bin/../lib/gcc/arm-none-eabi/6.3.1/../../../../arm-none-eabi/lib/thumb/v7e-m/fpv4-sp/hard\libcr_semihost_nf.a(__sys_tmpnam.o)
 .ARM.attributes
                0x00000d67       0x25 d:/nxp/mcuxpressoide_10.1.1_606/ide/tools/bin/../lib/gcc/arm-none-eabi/6.3.1/../../../../arm-none-eabi/lib/thumb/v7e-m/fpv4-sp/hard\libcr_semihost_nf.a(__sys_write.o)

.debug_frame    0x00000000     0x4784
 .debug_frame   0x00000000      0x904 ./startup/startup_mk64f12.o
 .debug_frame   0x00000904       0xa0 ./source/can_api.o
 .debug_frame   0x000009a4      0x1d8 ./source/can_driver.o
 .debug_frame   0x00000b7c       0x54 ./source/canrx_task.o
 .debug_frame   0x00000bd0       0x78 ./source/dac_driver.o
 .debug_frame   0x00000c48       0x54 ./source/dac_task.o
 .debug_frame   0x00000c9c       0x2c ./source/main.o
 .debug_frame   0x00000cc8      0x160 ./source/runtime_timer_api.o
 .debug_frame   0x00000e28       0x20 ./source/semihost_hardfault.o
 .debug_frame   0x00000e48       0xa0 ./source/sensors.o
 .debug_frame   0x00000ee8       0x74 ./source/watchdog_api.o
 .debug_frame   0x00000f5c       0x54 ./source/watchdog_task.o
 .debug_frame   0x00000fb0       0xd8 ./freertos/source/list.o
 .debug_frame   0x00001088      0x4c0 ./freertos/source/queue.o
 .debug_frame   0x00001548      0x85c ./freertos/source/tasks.o
 .debug_frame   0x00001da4      0x338 ./freertos/source/timers.o
 .debug_frame   0x000020dc       0x30 ./freertos/portable/fsl_tickless_systick.o
 .debug_frame   0x0000210c      0x108 ./freertos/portable/heap_4.o
 .debug_frame   0x00002214      0x17c ./freertos/portable/port.o
 .debug_frame   0x00002390      0x820 ./drivers/fsl_clock.o
 .debug_frame   0x00002bb0      0x248 ./drivers/fsl_dac.o
 .debug_frame   0x00002df8      0x60c ./drivers/fsl_flash.o
 .debug_frame   0x00003404      0x688 ./drivers/fsl_flexcan.o
 .debug_frame   0x00003a8c       0xcc ./drivers/fsl_pit.o
 .debug_frame   0x00003b58      0x220 ./drivers/fsl_smc.o
 .debug_frame   0x00003d78      0x5ec ./drivers/fsl_uart.o
 .debug_frame   0x00004364      0x1dc ./drivers/fsl_wdog.o
 .debug_frame   0x00004540      0x124 ./board/clock_config.o
 .debug_frame   0x00004664       0x30 ./board/peripherals.o
 .debug_frame   0x00004694       0x98 ./board/pin_mux.o
 .debug_frame   0x0000472c       0x58 ./CMSIS/system_MK64F12.o
