Archive member included to satisfy reference by file (symbol)

d:/nxp/mcuxpressoide_10.1.1_606/ide/tools/bin/../lib/gcc/arm-none-eabi/6.3.1/../../../../arm-none-eabi/lib/thumb/v7e-m/fpv4-sp/hard\libcr_semihost_nf.a(_cr__main.o)
                              ./startup/startup_mk64f12.o (__main)
d:/nxp/mcuxpressoide_10.1.1_606/ide/tools/bin/../lib/gcc/arm-none-eabi/6.3.1/../../../../arm-none-eabi/lib/thumb/v7e-m/fpv4-sp/hard\libcr_c.a(memcpy.o)
                              ./freertos/source/queue.o (memcpy)
d:/nxp/mcuxpressoide_10.1.1_606/ide/tools/bin/../lib/gcc/arm-none-eabi/6.3.1/../../../../arm-none-eabi/lib/thumb/v7e-m/fpv4-sp/hard\libcr_c.a(memset.o)
                              ./source/can_api.o (memset)
d:/nxp/mcuxpressoide_10.1.1_606/ide/tools/bin/../lib/gcc/arm-none-eabi/6.3.1/../../../../arm-none-eabi/lib/thumb/v7e-m/fpv4-sp/hard\libcr_c.a(initio.o)
                              d:/nxp/mcuxpressoide_10.1.1_606/ide/tools/bin/../lib/gcc/arm-none-eabi/6.3.1/../../../../arm-none-eabi/lib/thumb/v7e-m/fpv4-sp/hard\libcr_semihost_nf.a(_cr__main.o) (_initio)
d:/nxp/mcuxpressoide_10.1.1_606/ide/tools/bin/../lib/gcc/arm-none-eabi/6.3.1/../../../../arm-none-eabi/lib/thumb/v7e-m/fpv4-sp/hard\libcr_c.a(printf.o)
                              ./source/canrx_task.o (_printf)
d:/nxp/mcuxpressoide_10.1.1_606/ide/tools/bin/../lib/gcc/arm-none-eabi/6.3.1/../../../../arm-none-eabi/lib/thumb/v7e-m/fpv4-sp/hard\libcr_c.a(setvbuf.o)
                              d:/nxp/mcuxpressoide_10.1.1_606/ide/tools/bin/../lib/gcc/arm-none-eabi/6.3.1/../../../../arm-none-eabi/lib/thumb/v7e-m/fpv4-sp/hard\libcr_c.a(initio.o) (setvbuf)
d:/nxp/mcuxpressoide_10.1.1_606/ide/tools/bin/../lib/gcc/arm-none-eabi/6.3.1/../../../../arm-none-eabi/lib/thumb/v7e-m/fpv4-sp/hard\libcr_c.a(strlen.o)
                              ./utilities/fsl_str.o (strlen)
d:/nxp/mcuxpressoide_10.1.1_606/ide/tools/bin/../lib/gcc/arm-none-eabi/6.3.1/../../../../arm-none-eabi/lib/thumb/v7e-m/fpv4-sp/hard\libcr_c.a(_deferredlazyseek.o)
                              d:/nxp/mcuxpressoide_10.1.1_606/ide/tools/bin/../lib/gcc/arm-none-eabi/6.3.1/../../../../arm-none-eabi/lib/thumb/v7e-m/fpv4-sp/hard\libcr_c.a(printf.o) (__flsbuf)
d:/nxp/mcuxpressoide_10.1.1_606/ide/tools/bin/../lib/gcc/arm-none-eabi/6.3.1/../../../../arm-none-eabi/lib/thumb/v7e-m/fpv4-sp/hard\libcr_c.a(_fdopen.o)
                              d:/nxp/mcuxpressoide_10.1.1_606/ide/tools/bin/../lib/gcc/arm-none-eabi/6.3.1/../../../../arm-none-eabi/lib/thumb/v7e-m/fpv4-sp/hard\libcr_c.a(initio.o) (_fdopen)
d:/nxp/mcuxpressoide_10.1.1_606/ide/tools/bin/../lib/gcc/arm-none-eabi/6.3.1/../../../../arm-none-eabi/lib/thumb/v7e-m/fpv4-sp/hard\libcr_c.a(_fflush.o)
                              d:/nxp/mcuxpressoide_10.1.1_606/ide/tools/bin/../lib/gcc/arm-none-eabi/6.3.1/../../../../arm-none-eabi/lib/thumb/v7e-m/fpv4-sp/hard\libcr_c.a(_deferredlazyseek.o) (_fflush)
d:/nxp/mcuxpressoide_10.1.1_606/ide/tools/bin/../lib/gcc/arm-none-eabi/6.3.1/../../../../arm-none-eabi/lib/thumb/v7e-m/fpv4-sp/hard\libcr_c.a(_writebuf.o)
                              d:/nxp/mcuxpressoide_10.1.1_606/ide/tools/bin/../lib/gcc/arm-none-eabi/6.3.1/../../../../arm-none-eabi/lib/thumb/v7e-m/fpv4-sp/hard\libcr_c.a(_deferredlazyseek.o) (_Cwritebuf)
d:/nxp/mcuxpressoide_10.1.1_606/ide/tools/bin/../lib/gcc/arm-none-eabi/6.3.1/../../../../arm-none-eabi/lib/thumb/v7e-m/fpv4-sp/hard\libcr_c.a(alloc.o)
                              d:/nxp/mcuxpressoide_10.1.1_606/ide/tools/bin/../lib/gcc/arm-none-eabi/6.3.1/../../../../arm-none-eabi/lib/thumb/v7e-m/fpv4-sp/hard\libcr_c.a(printf.o) (malloc)
d:/nxp/mcuxpressoide_10.1.1_606/ide/tools/bin/../lib/gcc/arm-none-eabi/6.3.1/../../../../arm-none-eabi/lib/thumb/v7e-m/fpv4-sp/hard\libcr_c.a(fclose.o)
                              d:/nxp/mcuxpressoide_10.1.1_606/ide/tools/bin/../lib/gcc/arm-none-eabi/6.3.1/../../../../arm-none-eabi/lib/thumb/v7e-m/fpv4-sp/hard\libcr_c.a(initio.o) (fclose)
d:/nxp/mcuxpressoide_10.1.1_606/ide/tools/bin/../lib/gcc/arm-none-eabi/6.3.1/../../../../arm-none-eabi/lib/thumb/v7e-m/fpv4-sp/hard\libcr_c.a(fflush.o)
                              d:/nxp/mcuxpressoide_10.1.1_606/ide/tools/bin/../lib/gcc/arm-none-eabi/6.3.1/../../../../arm-none-eabi/lib/thumb/v7e-m/fpv4-sp/hard\libcr_c.a(fclose.o) (fflush)
d:/nxp/mcuxpressoide_10.1.1_606/ide/tools/bin/../lib/gcc/arm-none-eabi/6.3.1/../../../../arm-none-eabi/lib/thumb/v7e-m/fpv4-sp/hard\libcr_c.a(fseek.o)
                              d:/nxp/mcuxpressoide_10.1.1_606/ide/tools/bin/../lib/gcc/arm-none-eabi/6.3.1/../../../../arm-none-eabi/lib/thumb/v7e-m/fpv4-sp/hard\libcr_c.a(_deferredlazyseek.o) (fseek)
d:/nxp/mcuxpressoide_10.1.1_606/ide/tools/bin/../lib/gcc/arm-none-eabi/6.3.1/../../../../arm-none-eabi/lib/thumb/v7e-m/fpv4-sp/hard\libcr_c.a(ftell.o)
                              d:/nxp/mcuxpressoide_10.1.1_606/ide/tools/bin/../lib/gcc/arm-none-eabi/6.3.1/../../../../arm-none-eabi/lib/thumb/v7e-m/fpv4-sp/hard\libcr_c.a(fseek.o) (ftell)
[...]
Memory Configuration

Name             Origin             Length             Attributes
PROGRAM_FLASH    0x00000000         0x00100000         xr
SRAM_UPPER       0x20000000         0x00030000         xrw
SRAM_LOWER       0x1fff0000         0x00010000         xrw
FLEX_RAM         0x14000000         0x00001000         xrw
*default*        0x00000000         0xffffffff

Linker script and memory map

LOAD ./utilities/fsl_debug_console.o
LOAD ./utilities/fsl_io.o
LOAD ./utilities/fsl_log.o
LOAD ./utilities/fsl_str.o
LOAD ./startup/startup_mk64f12.o
LOAD ./source/can_api.o
LOAD ./source/can_driver.o
LOAD ./source/canrx_task.o
LOAD ./source/dac_driver.o
LOAD ./source/dac_task.o
LOAD ./source/main.o
LOAD ./source/semihost_hardfault.o
LOAD ./source/sensors.o
LOAD ./source/watchdog_api.o
LOAD ./source/watchdog_task.o
LOAD ./freertos/source/croutine.o
LOAD ./freertos/source/event_groups.o
LOAD ./freertos/source/list.o
LOAD ./freertos/source/queue.o
LOAD ./freertos/source/tasks.o
LOAD ./freertos/source/timers.o
LOAD ./freertos/portable/fsl_tickless_systick.o
LOAD ./freertos/portable/heap_4.o
LOAD ./freertos/portable/port.o
LOAD ./drivers/fsl_clock.o
LOAD ./drivers/fsl_common.o
LOAD ./drivers/fsl_dac.o
LOAD ./drivers/fsl_flash.o
LOAD ./drivers/fsl_flexcan.o
LOAD ./drivers/fsl_gpio.o
LOAD ./drivers/fsl_rcm.o
LOAD ./drivers/fsl_smc.o
LOAD ./drivers/fsl_uart.o
LOAD ./drivers/fsl_wdog.o
LOAD ./board/board.o
LOAD ./board/clock_config.o
LOAD ./board/peripherals.o
LOAD ./board/pin_mux.o
LOAD ./CMSIS/system_MK64F12.o
START GROUP
LOAD d:/nxp/mcuxpressoide_10.1.1_606/ide/tools/bin/../lib/gcc/arm-none-eabi/6.3.1/../../../../arm-none-eabi/lib/thumb/v7e-m/fpv4-sp/hard\libcr_semihost_nf.a
LOAD d:/nxp/mcuxpressoide_10.1.1_606/ide/tools/bin/../lib/gcc/arm-none-eabi/6.3.1/../../../../arm-none-eabi/lib/thumb/v7e-m/fpv4-sp/hard\libcr_c.a
LOAD d:/nxp/mcuxpressoide_10.1.1_606/ide/tools/bin/../lib/gcc/arm-none-eabi/6.3.1/thumb/v7e-m/fpv4-sp/hard\libcr_eabihelpers.a
END GROUP
                0x00000000                __base_PROGRAM_FLASH = 0x0
                0x00000000                __base_Flash = 0x0
                0x00100000                __top_PROGRAM_FLASH = 0x100000
                0x00100000                __top_Flash = 0x100000
                0x20000000                __base_SRAM_UPPER = 0x20000000
                0x20000000                __base_RAM = 0x20000000
                0x20030000                __top_SRAM_UPPER = 0x20030000
                0x20030000                __top_RAM = 0x20030000
                0x1fff0000                __base_SRAM_LOWER = 0x1fff0000
                0x1fff0000                __base_RAM2 = 0x1fff0000
                0x20000000                __top_SRAM_LOWER = 0x20000000
                0x20000000                __top_RAM2 = 0x20000000
                0x14000000                __base_FLEX_RAM = 0x14000000
                0x14000000                __base_RAM3 = 0x14000000
                0x14001000                __top_FLEX_RAM = 0x14001000
                0x14001000                __top_RAM3 = 0x14001000

.text           0x00000000     0x7c8c
 FILL mask 0xff
                0x00000000                __vectors_start__ = ABSOLUTE (.)
 *(.isr_vector)
 .isr_vector    0x00000000      0x198 ./startup/startup_mk64f12.o
                0x00000000                g_pfnVectors
                0x00000000                __Vectors
                0x00000198                . = ALIGN (0x4)
                0x00000198                __section_table_start = .
                0x00000198                __data_section_table = .
                0x00000198        0x4 LONG 0x7c8c LOADADDR (.data)
                0x0000019c        0x4 LONG 0x20000000 ADDR (.data)
                0x000001a0        0x4 LONG 0x10 SIZEOF (.data)
                0x000001a4        0x4 LONG 0x7c8c LOADADDR (.data_RAM2)
                0x000001a8        0x4 LONG 0x1fff0000 ADDR (.data_RAM2)
                0x000001ac        0x4 LONG 0x0 SIZEOF (.data_RAM2)
                0x000001b0        0x4 LONG 0x7c8c LOADADDR (.data_RAM3)
                0x000001b4        0x4 LONG 0x14000000 ADDR (.data_RAM3)
                0x000001b8        0x4 LONG 0x0 SIZEOF (.data_RAM3)
                0x000001bc                __data_section_table_end = .
                0x000001bc                __bss_section_table = .
                0x000001bc        0x4 LONG 0x20000010 ADDR (.bss)
                0x000001c0        0x4 LONG 0x2c60 SIZEOF (.bss)
                0x000001c4        0x4 LONG 0x1fff0000 ADDR (.bss_RAM2)
                0x000001c8        0x4 LONG 0x0 SIZEOF (.bss_RAM2)
                0x000001cc        0x4 LONG 0x14000000 ADDR (.bss_RAM3)
                0x000001d0        0x4 LONG 0x0 SIZEOF (.bss_RAM3)
                0x000001d4                __bss_section_table_end = .
                0x000001d4                __section_table_end = .
 *(.after_vectors*)
 .after_vectors
                0x000001d4       0x14 ./startup/startup_mk64f12.o
                0x000001d4                NMI_Handler
                0x000001d8                MemManage_Handler
                0x000001da                BusFault_Handler
                0x000001dc                UsageFault_Handler
                0x000001e0                DebugMon_Handler
                0x000001e6                LPTMR0_DriverIRQHandler
                0x000001e6                DMA_Error_DriverIRQHandler
                0x000001e6                SPI1_DriverIRQHandler
                0x000001e6                FTM1_DriverIRQHandler
                0x000001e6                FTM2_DriverIRQHandler
                0x000001e6                PIT2_DriverIRQHandler
                0x000001e6                SDHC_DriverIRQHandler
                0x000001e6                I2S0_Tx_DriverIRQHandler
                0x000001e6                RTC_Seconds_DriverIRQHandler
                0x000001e6                DMA6_DriverIRQHandler
                0x000001e6                LLWU_DriverIRQHandler
                0x000001e6                MCM_DriverIRQHandler
                0x000001e6                MCG_DriverIRQHandler
                0x000001e6                ENET_1588_Timer_DriverIRQHandler
                0x000001e6                I2C2_DriverIRQHandler
                0x000001e6                DAC1_DriverIRQHandler
                0x000001e6                DMA12_DriverIRQHandler
                0x000001e6                CMP1_DriverIRQHandler
                0x000001e6                FTM0_DriverIRQHandler
                0x000001e6                IntDefaultHandler
                0x000001e6                USB0_DriverIRQHandler
                0x000001e6                UART5_ERR_DriverIRQHandler
                0x000001e6                PORTC_DriverIRQHandler
                0x000001e6                DMA11_DriverIRQHandler
                0x000001e6                DAC0_DriverIRQHandler
                0x000001e6                DMA10_DriverIRQHandler
                0x000001e6                CMP2_DriverIRQHandler
                0x000001e6                UART2_ERR_DriverIRQHandler
                0x000001e6                SPI2_DriverIRQHandler
                0x000001e6                LVD_LVW_DriverIRQHandler
                0x000001e6                PIT0_DriverIRQHandler
                0x000001e6                PORTB_DriverIRQHandler
                0x000001e6                DMA5_DriverIRQHandler
                0x000001e6                DMA4_DriverIRQHandler
                0x000001e6                USBDCD_DriverIRQHandler
                0x000001e6                UART3_ERR_DriverIRQHandler
                0x000001e6                DMA3_DriverIRQHandler
                0x000001e6                DMA8_DriverIRQHandler
                0x000001e6                DMA9_DriverIRQHandler
                0x000001e6                UART0_ERR_DriverIRQHandler
                0x000001e6                CMT_DriverIRQHandler
                0x000001e6                Reserved71_DriverIRQHandler
                0x000001e6                ADC1_DriverIRQHandler
                0x000001e6                PORTA_DriverIRQHandler
                0x000001e6                DMA14_DriverIRQHandler
                0x000001e6                PIT3_DriverIRQHandler
                0x000001e6                PIT1_DriverIRQHandler
                0x000001e6                WDOG_EWM_DriverIRQHandler
                0x000001e6                PDB0_DriverIRQHandler
                0x000001e6                RTC_DriverIRQHandler
                0x000001e6                I2S0_Rx_DriverIRQHandler
                0x000001e6                Read_Collision_DriverIRQHandler
                0x000001e6                SWI_DriverIRQHandler
                0x000001e6                UART4_ERR_DriverIRQHandler
                0x000001e6                DMA0_DriverIRQHandler
                0x000001e6                UART0_LON_DriverIRQHandler
                0x000001e6                DMA1_DriverIRQHandler
                0x000001e6                I2C1_DriverIRQHandler
                0x000001e6                ENET_Receive_DriverIRQHandler
                0x000001e6                DMA13_DriverIRQHandler
                0x000001e6                ENET_Error_DriverIRQHandler
                0x000001e6                DMA15_DriverIRQHandler
                0x000001e6                SPI0_DriverIRQHandler
                0x000001e6                ADC0_DriverIRQHandler
                0x000001e6                CMP0_DriverIRQHandler
                0x000001e6                FTM3_DriverIRQHandler
                0x000001e6                RNG_DriverIRQHandler
                0x000001e6                UART1_ERR_DriverIRQHandler
                0x000001e6                DMA2_DriverIRQHandler
                0x000001e6                ENET_Transmit_DriverIRQHandler
                0x000001e6                PORTD_DriverIRQHandler
                0x000001e6                PORTE_DriverIRQHandler
                0x000001e6                FTFE_DriverIRQHandler
                0x000001e6                I2C0_DriverIRQHandler
                0x000001e6                DMA7_DriverIRQHandler
 .after_vectors.init_data
                0x000001e8       0x16 ./startup/startup_mk64f12.o
                0x000001e8                data_init
 .after_vectors.init_bss
                0x000001fe       0x14 ./startup/startup_mk64f12.o
                0x000001fe                bss_init
 *fill*         0x00000212        0x2 ff
 .after_vectors.reset
                0x00000214       0x48 ./startup/startup_mk64f12.o
                0x00000214                ResetISR
                0x00000400                . = 0x400
 *fill*         0x0000025c      0x1a4 ff
                0x00000400                PROVIDE (__FLASH_CONFIG_START__, .)
 *(.FlashConfig)
 .FlashConfig   0x00000400       0x10 ./startup/startup_mk64f12.o
                0x00000400                Flash_Config
                0x00000410                PROVIDE (__FLASH_CONFIG_END__, .)
                0x00000001                ASSERT (! ((__FLASH_CONFIG_START__ == __FLASH_CONFIG_END__)), Linker Flash Config Support Enabled, but no .FlashConfig section provided within application)
 *(.text*)
 .text          0x00000410       0x1e ./utilities/fsl_debug_console.o
                0x00000410                DbgConsole_Init
                0x00000420                DbgConsole_Deinit
                0x0000042a                DbgConsole_Flush
 *fill*         0x0000042e        0x2 ff
 .text          0x00000430       0xbc ./utilities/fsl_io.o
                0x00000430                IO_Init
                0x00000478                IO_Deinit
                0x0000049c                IO_WaitIdle
                0x000004b8                IO_Transfer
 .text          0x000004ec       0xa4 ./utilities/fsl_log.o
                0x000004ec                LOG_Init
                0x00000508                LOG_Deinit
                0x0000050c                LOG_WaitIdle
                0x00000516                LOG_Pop
                0x0000052c                LOG_Push
                0x00000530                LOG_ReadLine
                0x0000057a                LOG_ReadCharacter
 .text          0x00000590      0x2b0 ./startup/startup_mk64f12.o
                0x00000590                DMA0_IRQHandler
                0x00000598                DMA1_IRQHandler
                0x000005a0                DMA2_IRQHandler
                0x000005a8                DMA3_IRQHandler
                0x000005b0                DMA4_IRQHandler
                0x000005b8                DMA5_IRQHandler
                0x000005c0                DMA6_IRQHandler
                0x000005c8                DMA7_IRQHandler
                0x000005d0                DMA8_IRQHandler
                0x000005d8                DMA9_IRQHandler
                0x000005e0                DMA10_IRQHandler
                0x000005e8                DMA11_IRQHandler
                0x000005f0                DMA12_IRQHandler
                0x000005f8                DMA13_IRQHandler
                0x00000600                DMA14_IRQHandler
                0x00000608                DMA15_IRQHandler
                0x00000610                DMA_Error_IRQHandler
                0x00000618                MCM_IRQHandler
                0x00000620                FTFE_IRQHandler
                0x00000628                Read_Collision_IRQHandler
                0x00000630                LVD_LVW_IRQHandler
                0x00000638                LLWU_IRQHandler
                0x00000640                WDOG_EWM_IRQHandler
                0x00000648                RNG_IRQHandler
                0x00000650                I2C0_IRQHandler
                0x00000658                I2C1_IRQHandler
                0x00000660                SPI0_IRQHandler
                0x00000668                SPI1_IRQHandler
                0x00000670                I2S0_Tx_IRQHandler
                0x00000678                I2S0_Rx_IRQHandler
                0x00000680                UART0_LON_IRQHandler
                0x00000688                UART0_RX_TX_IRQHandler
                0x00000690                UART0_ERR_IRQHandler
                0x00000698                UART1_RX_TX_IRQHandler
                0x000006a0                UART1_ERR_IRQHandler
                0x000006a8                UART2_RX_TX_IRQHandler
                0x000006b0                UART2_ERR_IRQHandler
                0x000006b8                UART3_RX_TX_IRQHandler
                0x000006c0                UART3_ERR_IRQHandler
                0x000006c8                ADC0_IRQHandler
                0x000006d0                CMP0_IRQHandler
                0x000006d8                CMP1_IRQHandler
                0x000006e0                FTM0_IRQHandler
                0x000006e8                FTM1_IRQHandler
                0x000006f0                FTM2_IRQHandler
                0x000006f8                CMT_IRQHandler
                0x00000700                RTC_IRQHandler
                0x00000708                RTC_Seconds_IRQHandler
                0x00000710                PIT0_IRQHandler
                0x00000718                PIT1_IRQHandler
                0x00000720                PIT2_IRQHandler
                0x00000728                PIT3_IRQHandler
                0x00000730                PDB0_IRQHandler
                0x00000738                USB0_IRQHandler
                0x00000740                USBDCD_IRQHandler
                0x00000748                Reserved71_IRQHandler
                0x00000750                DAC0_IRQHandler
                0x00000758                MCG_IRQHandler
                0x00000760                LPTMR0_IRQHandler
                0x00000768                PORTA_IRQHandler
                0x00000770                PORTB_IRQHandler
                0x00000778                PORTC_IRQHandler
                0x00000780                PORTD_IRQHandler
                0x00000788                PORTE_IRQHandler
                0x00000790                SWI_IRQHandler
                0x00000798                SPI2_IRQHandler
                0x000007a0                UART4_RX_TX_IRQHandler
                0x000007a8                UART4_ERR_IRQHandler
                0x000007b0                UART5_RX_TX_IRQHandler
                0x000007b8                UART5_ERR_IRQHandler
                0x000007c0                CMP2_IRQHandler
                0x000007c8                FTM3_IRQHandler
                0x000007d0                DAC1_IRQHandler
                0x000007d8                ADC1_IRQHandler
                0x000007e0                I2C2_IRQHandler
                0x000007e8                CAN0_Wake_Up_IRQHandler
                0x000007f0                CAN0_Rx_Warning_IRQHandler
                0x00000800                CAN0_Bus_Off_IRQHandler
                0x00000808                CAN0_Error_IRQHandler
                0x00000810                CAN0_Tx_Warning_IRQHandler
                0x00000818                SDHC_IRQHandler
                0x00000820                ENET_1588_Timer_IRQHandler
                0x00000828                ENET_Transmit_IRQHandler
                0x00000830                ENET_Receive_IRQHandler
                0x00000838                ENET_Error_IRQHandler
 .text          0x00000840       0xb4 ./source/can_api.o
                0x00000840                CANAPIInit
                0x00000868                CANAPIMsgReceiveThrottle
                0x00000898                CANAPIMsgReceiveBrake
                0x000008c8                CANAPIMsgReceiveSteering
 .text          0x000008f4       0xe4 ./source/can_driver.o
                0x000008f4                BigToLitEndian
                0x000008f8                CAN0_ORed_Message_buffer_IRQHandler
                0x0000094c                CANDriverMsgRxFilter
                0x0000097c                CANDriverInit
                0x000009a8                CANDriverInterruptEnable
                0x000009c8                CANDriverMsgReceive
 .text          0x000009d8       0xb8 ./source/canrx_task.o
                0x00000a68                CANRxTaskInit
 .text          0x00000a90       0x44 ./source/dac_driver.o
                0x00000a90                DACDriverInit
                0x00000ac4                DACDriverOutputSet
 .text          0x00000ad4       0x60 ./source/dac_task.o
                0x00000afc                DACTaskInit
 .text.startup  0x00000b34       0x64 ./source/main.o
                0x00000b34                main
 .text          0x00000b98       0x28 ./source/semihost_hardfault.o
                0x00000b98                HardFault_Handler
 .text          0x00000bc0       0x14 ./source/sensors.o
                0x00000bc0                sensorsCANInit
                0x00000bc4                sensorsCANGetThrottle
                0x00000bc8                sensorsCANGetBrake
                0x00000bce                sensorsCANGetSteering
 .text          0x00000bd4       0x48 ./source/watchdog_api.o
                0x00000bd4                Alive
                0x00000bf0                watchdogInit
                0x00000c10                watchdogKick
 .text          0x00000c1c       0x5c ./source/watchdog_task.o
                0x00000c4c                WatchdogTaskInit
 .text          0x00000c78       0x82 ./freertos/source/list.o
                0x00000c78                vListInitialise
                0x00000c8e                vListInitialiseItem
                0x00000c94                vListInsertEnd
                0x00000cac                vListInsert
                0x00000cda                uxListRemove
 *fill*         0x00000cfa        0x2 ff
 .text          0x00000cfc      0x920 ./freertos/source/queue.o
                0x00000d6c                xQueueGenericReset
                0x00000dec                xQueueGenericCreate
                0x00000e34                xQueueCreateCountingSemaphore
                0x00000e70                xQueueGenericSend
                0x00000fdc                xQueueCreateMutex
                0x00001000                xQueueGiveMutexRecursive
                0x0000103c                xQueueGenericSendFromISR
                0x00001100                xQueueGiveFromISR
                0x000011a8                xQueueGenericReceive
                0x00001330                xQueueTakeMutexRecursive
                0x00001374                xQueueReceiveFromISR
                0x00001414                xQueuePeekFromISR
                0x0000148c                uxQueueMessagesWaiting
                0x000014b2                uxQueueSpacesAvailable
                0x000014dc                uxQueueMessagesWaitingFromISR
                0x000014f4                uxQueueGetQueueNumber
                0x000014f8                vQueueSetQueueNumber
                0x000014fc                ucQueueGetQueueType
                0x00001502                xQueueIsQueueEmptyFromISR
                0x00001520                xQueueIsQueueFullFromISR
                0x00001540                vQueueAddToRegistry
                0x00001564                pcQueueGetName
                0x00001588                vQueueUnregisterQueue
                0x000015b0                vQueueDelete
                0x000015d6                vQueueWaitForMessageRestricted
 .text.unlikely
                0x0000161c       0x90 ./freertos/source/queue.o
 .text          0x000016ac     0x13b8 ./freertos/source/tasks.o
                0x00001774                xTaskCreate
                0x00001904                vTaskDelete
                0x000019c0                eTaskGetState
                0x00001a20                uxTaskPriorityGet
                0x00001a3c                uxTaskPriorityGetFromISR
                0x00001a6c                vTaskPrioritySet
                0x00001b3c                vTaskResume
                0x00001bb8                xTaskResumeFromISR
                0x00001c50                vTaskStartScheduler
                0x00001cc4                vTaskEndScheduler
                0x00001ce4                vTaskSuspendAll
                0x00001cf8                xTaskGetTickCount
                0x00001d04                xTaskGetTickCountFromISR
                0x00001d14                uxTaskGetNumberOfTasks
                0x00001d20                pcTaskGetName
                0x00001d44                xTaskIncrementTick
                0x00001e18                xTaskResumeAll
                0x00001eec                vTaskDelayUntil
                0x00001f80                vTaskDelay
                0x00002038                vTaskSwitchContext
                0x0000209c                vTaskSuspend
                0x00002150                vTaskPlaceOnEventList
                0x00002184                vTaskPlaceOnUnorderedEventList
                0x000021d8                vTaskPlaceOnEventListRestricted
                0x00002214                xTaskRemoveFromEventList
                0x00002284                xTaskRemoveFromUnorderedEventList
                0x00002300                vTaskSetTimeOutState
                0x0000231c                xTaskCheckForTimeOut
                0x0000238c                vTaskMissedYield
                0x0000239c                uxTaskGetTaskNumber
                0x000023a2                vTaskSetTaskNumber
                0x000023a8                vTaskSetThreadLocalStoragePointer
                0x000023c0                pvTaskGetThreadLocalStoragePointer
                0x000023dc                vTaskGetInfo
                0x000024b6                uxTaskGetSystemState
                0x0000254c                xTaskGetCurrentTaskHandle
                0x00002558                xTaskGetSchedulerState
                0x00002578                vTaskPriorityInherit
                0x00002600                xTaskPriorityDisinherit
                0x0000269c                uxTaskResetEventItemValue
                0x000026b4                pvTaskIncrementMutexHeldCount
                0x000026cc                ulTaskNotifyTake
                0x00002730                xTaskNotifyWait
                0x000027bc                xTaskGenericNotify
                0x00002884                xTaskGenericNotifyFromISR
                0x0000297c                vTaskNotifyGiveFromISR
                0x00002a34                xTaskNotifyStateClear
 .text          0x00002a64      0x4e8 ./freertos/source/timers.o
                0x00002ae4                xTimerCreateTimerTask
                0x00002b2c                xTimerCreate
                0x00002b74                xTimerGenericCommand
                0x00002e04                xTimerGetTimerDaemonTaskHandle
                0x00002e24                xTimerGetPeriod
                0x00002e3c                xTimerGetExpiryTime
                0x00002e54                pcTimerGetName
                0x00002e6c                xTimerIsTimerActive
                0x00002e98                pvTimerGetTimerID
                0x00002ebe                vTimerSetTimerID
                0x00002ee6                xTimerPendFunctionCallFromISR
                0x00002f0c                xTimerPendFunctionCall
 .text          0x00002f4c       0x2c ./freertos/portable/fsl_tickless_systick.o
                0x00002f4c                vPortSetupTimerInterrupt
 .text          0x00002f78      0x1a4 ./freertos/portable/heap_4.o
                0x00002f78                pvPortMalloc
                0x00003090                vPortFree
                0x00003100                xPortGetFreeHeapSize
                0x0000310c                xPortGetMinimumEverFreeHeapSize
                0x00003118                vPortInitialiseBlocks
 .text.unlikely
                0x0000311c       0x44 ./freertos/portable/heap_4.o
 .text          0x00003160      0x30c ./freertos/portable/port.o
                0x000031b8                pxPortInitialiseStack
                0x000031e4                SVC_Handler
                0x00003204                xPortStartScheduler
                0x000032e8                vPortEndScheduler
                0x0000330c                vPortEnterCritical
                0x00003350                vPortExitCritical
                0x00003378                PendSV_Handler
                0x000033e4                SysTick_Handler
                0x00003410                vPortValidateInterruptPriority
 .text          0x0000346c      0xcd4 ./drivers/fsl_clock.o
                0x0000346c                CLOCK_FllStableDelay
                0x0000351c                CLOCK_GetOsc0ErClkFreq
                0x00003534                CLOCK_GetEr32kClkFreq
                0x00003574                CLOCK_SetSimConfig
                0x000035b0                CLOCK_EnableUsbfs0Clock
                0x00003658                CLOCK_GetFllFreq
                0x000036a8                CLOCK_GetInternalRefClkFreq
                0x000036bc                CLOCK_GetPll0Freq
                0x000036e8                CLOCK_GetPllFllSelClkFreq
                0x00003714                CLOCK_GetOutClkFreq
                0x00003738                CLOCK_GetFlashClkFreq
                0x00003758                CLOCK_GetFlexBusClkFreq
                0x00003778                CLOCK_GetBusClkFreq
                0x00003798                CLOCK_GetCoreSysClkFreq
                0x000037b4                CLOCK_GetPlatClkFreq
                0x000037b8                CLOCK_GetFixedFreqClkFreq
                0x000037ec                CLOCK_GetFreq
                0x000038a4                CLOCK_SetExternalRefClkConfig
                0x000038d4                CLOCK_SetInternalRefClkConfig
                0x00003954                CLOCK_CalcPllDiv
                0x00003a14                CLOCK_EnablePll0
                0x00003a48                CLOCK_SetOsc0MonitorMode
                0x00003a80                CLOCK_SetRtcOscMonitorMode
                0x00003aa0                CLOCK_SetPll0MonitorMode
                0x00003ad8                CLOCK_GetStatusFlags
                0x00003b0c                CLOCK_ClearStatusFlags
                0x00003b38                CLOCK_InitOsc0
                0x00003b9c                CLOCK_DeinitOsc0
                0x00003bb8                CLOCK_TrimInternalRefClk
                0x00003c60                CLOCK_GetMode
                0x00003cb4                CLOCK_SetFeiMode
                0x00003d14                CLOCK_SetFeeMode
                0x00003d90                CLOCK_SetFbiMode
                0x00003df8                CLOCK_SetFbeMode
                0x00003e78                CLOCK_SetBlpeMode
                0x00003e8c                CLOCK_SetBlpiMode
                0x00003e90                CLOCK_SetPbeMode
                0x00003ee0                CLOCK_SetPeeMode
                0x00003efc                CLOCK_ExternalModeToFbeModeQuick
                0x00003f34                CLOCK_InternalModeToFbiModeQuick
                0x00003f5c                CLOCK_BootToFeiMode
                0x00003f60                CLOCK_BootToFeeMode
                0x00003f80                CLOCK_BootToBlpiMode
                0x00003fb4                CLOCK_BootToBlpeMode
                0x00003ff8                CLOCK_BootToPeeMode
                0x00004028                CLOCK_SetMcgConfig
 .text          0x00004140      0x174 ./drivers/fsl_dac.o
                0x00004140                DAC_Init
                0x0000419c                DAC_Deinit
                0x000041e8                DAC_GetDefaultConfig
                0x000041f2                DAC_SetBufferConfig
                0x0000423e                DAC_GetDefaultBufferConfig
                0x0000424e                DAC_SetBufferValue
                0x00004262                DAC_SetBufferReadPointer
                0x00004276                DAC_EnableBufferInterrupts
                0x00004286                DAC_DisableBufferInterrupts
                0x00004298                DAC_GetBufferStatusFlags
                0x000042a2                DAC_ClearBufferStatusFlags
 .text          0x000042b4      0xb38 ./drivers/fsl_flash.o
                0x00004382                FLASH_PrepareExecuteInRamFunctions
                0x000043d0                FLASH_Init
                0x00004450                FLASH_ReadResource
                0x0000452c                FLASH_ReadOnce
                0x0000456c                FLASH_GetSecurityState
                0x000045a8                FLASH_SecurityBypass
                0x0000460c                FLASH_VerifyEraseAll
                0x00004628                FLASH_VerifyErase
                0x000046cc                FLASH_VerifyProgram
                0x00004768                FLASH_VerifyEraseAllExecuteOnlySegments
                0x00004784                FLASH_IsProtected
                0x0000487c                FLASH_IsExecuteOnly
                0x00004892                FLASH_GetProperty
                0x000048e4                FLASH_SetProperty
                0x000048f4                FLASH_SwapControl
                0x00004960                FLASH_PflashSetProtection
                0x00004980                FLASH_PflashGetProtection
                0x00004998                FLASH_PflashSetPrefetchSpeculation
                0x000049d8                FLASH_PflashGetPrefetchSpeculation
                0x000049fc                fmc_flash_cache_clear
                0x00004a1c                fmc_flash_prefetch_speculation_clear
                0x00004a56                flash_cache_clear
                0x00004a5a                FLASH_EraseAll
                0x00004a98                FLASH_Erase
                0x00004b20                FLASH_Swap
                0x00004be0                FLASH_EraseAllExecuteOnlySegments
                0x00004c1c                FLASH_Program
                0x00004cc4                FLASH_ProgramOnce
                0x00004d0c                FLASH_ProgramSection
 .text          0x00004dec      0x824 ./drivers/fsl_flexcan.o
                0x00004e66                FLEXCAN_GetInstance
                0x00004e74                FLEXCAN_Deinit
                0x00004e9c                FLEXCAN_GetDefaultConfig
                0x00004ec4                FLEXCAN_SetTimingConfig
                0x00004f10                FLEXCAN_Init
                0x00004fe0                FLEXCAN_SetRxMbGlobalMask
                0x00004ff2                FLEXCAN_SetRxFifoGlobalMask
                0x00005000                FLEXCAN_SetRxIndividualMask
                0x00005014                FLEXCAN_SetTxMbConfig
                0x00005040                FLEXCAN_SetRxMbConfig
                0x00005080                FLEXCAN_SetRxFifoConfig
                0x000051d0                FLEXCAN_WriteTxMb
                0x0000523e                FLEXCAN_ReadRxMb
                0x000052a0                FLEXCAN_ReadRxFifo
                0x000052f4                FLEXCAN_TransferSendBlocking
                0x00005312                FLEXCAN_TransferReceiveBlocking
                0x00005328                FLEXCAN_TransferReceiveFifoBlocking
                0x0000533e                FLEXCAN_TransferCreateHandle
                0x000053bc                FLEXCAN_TransferSendNonBlocking
                0x00005412                FLEXCAN_TransferReceiveNonBlocking
                0x00005442                FLEXCAN_TransferReceiveFifoNonBlocking
                0x0000546a                FLEXCAN_TransferAbortSend
                0x000054a0                FLEXCAN_TransferAbortReceive
                0x000054be                FLEXCAN_TransferAbortReceiveFifo
                0x000054d8                FLEXCAN_TransferHandleIRQ
                0x000055f4                CAN0_DriverIRQHandler
 .text          0x00005610      0x1c4 ./drivers/fsl_smc.o
                0x00005610                SMC_PreEnterStopModes
                0x0000563c                SMC_PostExitStopModes
                0x00005664                SMC_PreEnterWaitModes
                0x00005678                SMC_PostExitWaitModes
                0x0000568c                SMC_SetPowerModeRun
                0x00005698                SMC_SetPowerModeStop
                0x000056cc                SMC_SetPowerModeVlpr
                0x000056ea                SMC_SetPowerModeVlpw
                0x00005708                SMC_SetPowerModeWait
                0x0000570c                SMC_SetPowerModeVlps
                0x00005744                SMC_SetPowerModeLls
                0x0000577c                SMC_SetPowerModeVlls
 .text          0x000057d4      0xa0c ./drivers/fsl_uart.o
                0x000057d4                UART_GetInstance
                0x000057f0                UART_TransferGetRxRingBufferLength
                0x00005816                UART_Init
                0x00005920                UART_Deinit
                0x00005960                UART_GetDefaultConfig
                0x0000597e                UART_SetBaudRate
                0x000059ee                UART_EnableInterrupts
                0x00005a24                UART_DisableInterrupts
                0x00005a56                UART_TransferHandleIRQ
                0x00005dcc                UART_GetEnabledInterrupts
                0x00005df2                UART_GetStatusFlags
                0x00005e08                UART_ClearStatusFlags
                0x00005e48                UART_WriteBlocking
                0x00005e5e                UART_ReadBlocking
                0x00005eaa                UART_TransferCreateHandle
                0x00005f10                UART_TransferStartRingBuffer
                0x00005f38                UART_TransferStopRingBuffer
                0x00005f66                UART_TransferSendNonBlocking
                0x00005f92                UART_TransferAbortSend
                0x00005fa8                UART_TransferGetSendCount
                0x00005fbe                UART_TransferReceiveNonBlocking
                0x000060a6                UART_TransferAbortReceive
                0x000060d0                UART_TransferGetReceiveCount
                0x000060ee                UART_TransferHandleErrorIRQ
                0x000060f0                UART0_DriverIRQHandler
                0x0000610c                UART0_RX_TX_DriverIRQHandler
                0x00006118                UART1_DriverIRQHandler
                0x00006134                UART1_RX_TX_DriverIRQHandler
                0x00006140                UART2_DriverIRQHandler
                0x0000615c                UART2_RX_TX_DriverIRQHandler
                0x00006168                UART3_DriverIRQHandler
                0x00006184                UART3_RX_TX_DriverIRQHandler
                0x00006190                UART4_DriverIRQHandler
                0x000061ac                UART4_RX_TX_DriverIRQHandler
                0x000061b8                UART5_DriverIRQHandler
                0x000061d4                UART5_RX_TX_DriverIRQHandler
 .text          0x000061e0      0x15a ./drivers/fsl_wdog.o
                0x000061e0                WDOG_GetDefaultConfig
                0x00006200                WDOG_Init
                0x0000628a                WDOG_Deinit
                0x000062ba                WDOG_SetTestModeConfig
                0x000062fe                WDOG_GetStatusFlags
                0x0000630e                WDOG_ClearStatusFlags
                0x00006322                WDOG_Refresh
 *fill*         0x0000633a        0x2 ff
 .text          0x0000633c       0x1c ./board/board.o
                0x0000633c                BOARD_InitDebugConsole
 .text          0x00006358       0xbc ./board/clock_config.o
                0x00006358                BOARD_BootClockRUN
                0x000063c0                BOARD_InitBootClocks
                0x000063c4                BOARD_BootClockVLPR
 .text          0x00006414        0x2 ./board/peripherals.o
                0x00006414                BOARD_InitBootPeripherals
 *fill*         0x00006416        0x2 ff
 .text          0x00006418       0x5c ./board/pin_mux.o
                0x00006418                BOARD_InitPins
                0x00006470                BOARD_InitBootPins
 .text          0x00006474      0x198 ./CMSIS/system_MK64F12.o
                0x00006474                SystemInit
                0x000064a0                SystemCoreClockUpdate
 .text.__main   0x0000660c        0xe d:/nxp/mcuxpressoide_10.1.1_606/ide/tools/bin/../lib/gcc/arm-none-eabi/6.3.1/../../../../arm-none-eabi/lib/thumb/v7e-m/fpv4-sp/hard\libcr_semihost_nf.a(_cr__main.o)
                0x0000660c                __CR_SEMIHOST
                0x0000660c                __main
 .text.memcpy   0x0000661a        0x4 d:/nxp/mcuxpressoide_10.1.1_606/ide/tools/bin/../lib/gcc/arm-none-eabi/6.3.1/../../../../arm-none-eabi/lib/thumb/v7e-m/fpv4-sp/hard\libcr_c.a(memcpy.o)
                0x0000661a                memcpy
 .text.memset   0x0000661e        0x4 d:/nxp/mcuxpressoide_10.1.1_606/ide/tools/bin/../lib/gcc/arm-none-eabi/6.3.1/../../../../arm-none-eabi/lib/thumb/v7e-m/fpv4-sp/hard\libcr_c.a(memset.o)
                0x0000661e                memset
 *fill*         0x00006622        0x2 ff
 .text._initio  0x00006624       0x78 d:/nxp/mcuxpressoide_10.1.1_606/ide/tools/bin/../lib/gcc/arm-none-eabi/6.3.1/../../../../arm-none-eabi/lib/thumb/v7e-m/fpv4-sp/hard\libcr_c.a(initio.o)
                0x00006624                _initio
 .text.no_fp_display
                0x0000669c        0x4 d:/nxp/mcuxpressoide_10.1.1_606/ide/tools/bin/../lib/gcc/arm-none-eabi/6.3.1/../../../../arm-none-eabi/lib/thumb/v7e-m/fpv4-sp/hard\libcr_c.a(printf.o)
 .text.__vfprintf
                0x000066a0      0xb7c d:/nxp/mcuxpressoide_10.1.1_606/ide/tools/bin/../lib/gcc/arm-none-eabi/6.3.1/../../../../arm-none-eabi/lib/thumb/v7e-m/fpv4-sp/hard\libcr_c.a(printf.o)
                0x000066a0                __vfprintf
 .text._vsnprintf
                0x0000721c       0x5c d:/nxp/mcuxpressoide_10.1.1_606/ide/tools/bin/../lib/gcc/arm-none-eabi/6.3.1/../../../../arm-none-eabi/lib/thumb/v7e-m/fpv4-sp/hard\libcr_c.a(printf.o)
                0x0000721c                _vsnprintf
 .text._printf  0x00007278       0x54 d:/nxp/mcuxpressoide_10.1.1_606/ide/tools/bin/../lib/gcc/arm-none-eabi/6.3.1/../../../../arm-none-eabi/lib/thumb/v7e-m/fpv4-sp/hard\libcr_c.a(printf.o)
                0x00007278                _printf
 .text.setvbuf  0x000072cc       0x40 d:/nxp/mcuxpressoide_10.1.1_606/ide/tools/bin/../lib/gcc/arm-none-eabi/6.3.1/../../../../arm-none-eabi/lib/thumb/v7e-m/fpv4-sp/hard\libcr_c.a(setvbuf.o)
                0x000072cc                setvbuf
 .text.strlen   0x0000730c       0x4a d:/nxp/mcuxpressoide_10.1.1_606/ide/tools/bin/../lib/gcc/arm-none-eabi/6.3.1/../../../../arm-none-eabi/lib/thumb/v7e-m/fpv4-sp/hard\libcr_c.a(strlen.o)
                0x0000730c                strlen
 .text._deferredlazyseek
                0x00007356       0x40 d:/nxp/mcuxpressoide_10.1.1_606/ide/tools/bin/../lib/gcc/arm-none-eabi/6.3.1/../../../../arm-none-eabi/lib/thumb/v7e-m/fpv4-sp/hard\libcr_c.a(_deferredlazyseek.o)
                0x00007356                _deferredlazyseek
 .text.__flsbuf
                0x00007396      0x148 d:/nxp/mcuxpressoide_10.1.1_606/ide/tools/bin/../lib/gcc/arm-none-eabi/6.3.1/../../../../arm-none-eabi/lib/thumb/v7e-m/fpv4-sp/hard\libcr_c.a(_deferredlazyseek.o)
                0x00007396                __flsbuf
 .text._fdopen  0x000074de       0x68 d:/nxp/mcuxpressoide_10.1.1_606/ide/tools/bin/../lib/gcc/arm-none-eabi/6.3.1/../../../../arm-none-eabi/lib/thumb/v7e-m/fpv4-sp/hard\libcr_c.a(_fdopen.o)
                0x000074de                _fdopen
 .text._fflush  0x00007546       0x54 d:/nxp/mcuxpressoide_10.1.1_606/ide/tools/bin/../lib/gcc/arm-none-eabi/6.3.1/../../../../arm-none-eabi/lib/thumb/v7e-m/fpv4-sp/hard\libcr_c.a(_fflush.o)
                0x00007546                _fflush
 *fill*         0x0000759a        0x2 ff
 .text._Cwritebuf
                0x0000759c       0x6c d:/nxp/mcuxpressoide_10.1.1_606/ide/tools/bin/../lib/gcc/arm-none-eabi/6.3.1/../../../../arm-none-eabi/lib/thumb/v7e-m/fpv4-sp/hard\libcr_c.a(_writebuf.o)
                0x0000759c                _Cwritebuf
 .text.malloc   0x00007608       0xc4 d:/nxp/mcuxpressoide_10.1.1_606/ide/tools/bin/../lib/gcc/arm-none-eabi/6.3.1/../../../../arm-none-eabi/lib/thumb/v7e-m/fpv4-sp/hard\libcr_c.a(alloc.o)
                0x00007608                malloc
 .text.free     0x000076cc       0x30 d:/nxp/mcuxpressoide_10.1.1_606/ide/tools/bin/../lib/gcc/arm-none-eabi/6.3.1/../../../../arm-none-eabi/lib/thumb/v7e-m/fpv4-sp/hard\libcr_c.a(alloc.o)
                0x000076cc                free
 .text._Csys_alloc
                0x000076fc       0x20 d:/nxp/mcuxpressoide_10.1.1_606/ide/tools/bin/../lib/gcc/arm-none-eabi/6.3.1/../../../../arm-none-eabi/lib/thumb/v7e-m/fpv4-sp/hard\libcr_c.a(alloc.o)
                0x000076fc                _Csys_alloc
 .text.fclose   0x0000771c       0x58 d:/nxp/mcuxpressoide_10.1.1_606/ide/tools/bin/../lib/gcc/arm-none-eabi/6.3.1/../../../../arm-none-eabi/lib/thumb/v7e-m/fpv4-sp/hard\libcr_c.a(fclose.o)
                0x0000771c                fclose
 .text.fflush   0x00007774       0x44 d:/nxp/mcuxpressoide_10.1.1_606/ide/tools/bin/../lib/gcc/arm-none-eabi/6.3.1/../../../../arm-none-eabi/lib/thumb/v7e-m/fpv4-sp/hard\libcr_c.a(fflush.o)
                0x00007774                fflush
 .text.fseek    0x000077b8      0x100 d:/nxp/mcuxpressoide_10.1.1_606/ide/tools/bin/../lib/gcc/arm-none-eabi/6.3.1/../../../../arm-none-eabi/lib/thumb/v7e-m/fpv4-sp/hard\libcr_c.a(fseek.o)
                0x000077b8                fseek
 .text.ftell    0x000078b8       0x48 d:/nxp/mcuxpressoide_10.1.1_606/ide/tools/bin/../lib/gcc/arm-none-eabi/6.3.1/../../../../arm-none-eabi/lib/thumb/v7e-m/fpv4-sp/hard\libcr_c.a(ftell.o)
                0x000078b8                ftell
 .text.remove   0x00007900       0x14 d:/nxp/mcuxpressoide_10.1.1_606/ide/tools/bin/../lib/gcc/arm-none-eabi/6.3.1/../../../../arm-none-eabi/lib/thumb/v7e-m/fpv4-sp/hard\libcr_c.a(remove.o)
                0x00007900                remove
 .text._sbrk    0x00007914       0x3c d:/nxp/mcuxpressoide_10.1.1_606/ide/tools/bin/../lib/gcc/arm-none-eabi/6.3.1/../../../../arm-none-eabi/lib/thumb/v7e-m/fpv4-sp/hard\libcr_c.a(_cr_sbrk.o)
                0x00007914                _sbrk
 .text._do_fflush
                0x00007950       0x40 d:/nxp/mcuxpressoide_10.1.1_606/ide/tools/bin/../lib/gcc/arm-none-eabi/6.3.1/../../../../arm-none-eabi/lib/thumb/v7e-m/fpv4-sp/hard\libcr_c.a(_do_fflush.o)
                0x00007950                _do_fflush
 .text.__check_heap_overflow
                0x00007990       0x18 d:/nxp/mcuxpressoide_10.1.1_606/ide/tools/bin/../lib/gcc/arm-none-eabi/6.3.1/../../../../arm-none-eabi/lib/thumb/v7e-m/fpv4-sp/hard\libcr_c.a(_cr_check_heap.o)
                0x00007990                __check_heap_overflow
 .text.__aeabi_memcpy
                0x000079a8       0x34 d:/nxp/mcuxpressoide_10.1.1_606/ide/tools/bin/../lib/gcc/arm-none-eabi/6.3.1/thumb/v7e-m/fpv4-sp/hard\libcr_eabihelpers.a(memcpy.o)
                0x000079a8                __aeabi_memcpy
                0x000079b2                __aeabi_memcpy8
                0x000079b2                __aeabi_memcpy4
 .text.__aeabi_memset_lowlevel
                0x000079dc       0x32 d:/nxp/mcuxpressoide_10.1.1_606/ide/tools/bin/../lib/gcc/arm-none-eabi/6.3.1/thumb/v7e-m/fpv4-sp/hard\libcr_eabihelpers.a(memcpy.o)
                0x000079dc                __aeabi_lowlevel_memset
 *fill*         0x00007a0e        0x2 ff
 .text.__sys_appexit
                0x00007a10        0xc d:/nxp/mcuxpressoide_10.1.1_606/ide/tools/bin/../lib/gcc/arm-none-eabi/6.3.1/../../../../arm-none-eabi/lib/thumb/v7e-m/fpv4-sp/hard\libcr_semihost_nf.a(__sys_appexit.o)
                0x00007a10                __sys_appexit
                0x00007a10                __exit
 .text.__sys_close
                0x00007a1c        0xc d:/nxp/mcuxpressoide_10.1.1_606/ide/tools/bin/../lib/gcc/arm-none-eabi/6.3.1/../../../../arm-none-eabi/lib/thumb/v7e-m/fpv4-sp/hard\libcr_semihost_nf.a(__sys_close.o)
                0x00007a1c                __sys_close
 .text.__sys_flen
                0x00007a28        0xc d:/nxp/mcuxpressoide_10.1.1_606/ide/tools/bin/../lib/gcc/arm-none-eabi/6.3.1/../../../../arm-none-eabi/lib/thumb/v7e-m/fpv4-sp/hard\libcr_semihost_nf.a(__sys_flen.o)
                0x00007a28                __sys_flen
 .text.__sys_istty
                0x00007a34        0xc d:/nxp/mcuxpressoide_10.1.1_606/ide/tools/bin/../lib/gcc/arm-none-eabi/6.3.1/../../../../arm-none-eabi/lib/thumb/v7e-m/fpv4-sp/hard\libcr_semihost_nf.a(__sys_istty.o)
                0x00007a34                __sys_istty
 .text.__sys_remove
                0x00007a40        0xc d:/nxp/mcuxpressoide_10.1.1_606/ide/tools/bin/../lib/gcc/arm-none-eabi/6.3.1/../../../../arm-none-eabi/lib/thumb/v7e-m/fpv4-sp/hard\libcr_semihost_nf.a(__sys_remove.o)
                0x00007a40                __sys_remove
 .text.__sys_seek
                0x00007a4c        0xc d:/nxp/mcuxpressoide_10.1.1_606/ide/tools/bin/../lib/gcc/arm-none-eabi/6.3.1/../../../../arm-none-eabi/lib/thumb/v7e-m/fpv4-sp/hard\libcr_semihost_nf.a(__sys_seek.o)
                0x00007a4c                __sys_seek
 .text.__sys_tmpnam
                0x00007a58        0xc d:/nxp/mcuxpressoide_10.1.1_606/ide/tools/bin/../lib/gcc/arm-none-eabi/6.3.1/../../../../arm-none-eabi/lib/thumb/v7e-m/fpv4-sp/hard\libcr_semihost_nf.a(__sys_tmpnam.o)
                0x00007a58                __sys_tmpnam
 .text.__sys_write
                0x00007a64        0xc d:/nxp/mcuxpressoide_10.1.1_606/ide/tools/bin/../lib/gcc/arm-none-eabi/6.3.1/../../../../arm-none-eabi/lib/thumb/v7e-m/fpv4-sp/hard\libcr_semihost_nf.a(__sys_write.o)
                0x00007a64                __sys_write
 *(.rodata .rodata.* .constdata .constdata.*)
 .rodata.str1.1
                0x00007a70       0x43 ./source/canrx_task.o
 .rodata.str1.1
                0x00007ab3        0x9 ./source/dac_task.o
 .rodata.str1.1
                0x00007abc       0x2b ./source/main.o
 .rodata.str1.1
                0x00007ae7        0xe ./source/watchdog_task.o
 .rodata.str1.1
                0x00007af5        0x5 ./freertos/source/tasks.o
 .rodata.str1.1
                0x00007afa        0xd ./freertos/source/timers.o
 *fill*         0x00007b07        0x1 ff
 .rodata        0x00007b08       0x60 ./drivers/fsl_clock.o
 .rodata        0x00007b68        0x8 ./drivers/fsl_dac.o
 .rodata        0x00007b70       0x50 ./drivers/fsl_flash.o
                0x00007b98                kPFlashDensities
                0x00007bb8                kFPROTL
                0x00007bbc                kFCCOBx
 .rodata        0x00007bc0        0x2 ./drivers/fsl_smc.o
 *fill*         0x00007bc2        0x2 ff
 .rodata        0x00007bc4       0x36 ./drivers/fsl_uart.o
 *fill*         0x00007bfa        0x2 ff
 .rodata        0x00007bfc       0x37 ./board/clock_config.o
                0x00007bfc                oscConfig_BOARD_BootClockRUN
                0x00007c04                mcgConfig_BOARD_BootClockRUN
                0x00007c10                simConfig_BOARD_BootClockRUN
                0x00007c18                simConfig_BOARD_BootClockVLPR
                0x00007c20                oscConfig_BOARD_BootClockVLPR
                0x00007c28                mcgConfig_BOARD_BootClockVLPR
 .rodata._initio.str1.1
                0x00007c33        0x4 d:/nxp/mcuxpressoide_10.1.1_606/ide/tools/bin/../lib/gcc/arm-none-eabi/6.3.1/../../../../arm-none-eabi/lib/thumb/v7e-m/fpv4-sp/hard\libcr_c.a(initio.o)
 .rodata.__vfprintf.str1.1
                0x00007c37       0x37 d:/nxp/mcuxpressoide_10.1.1_606/ide/tools/bin/../lib/gcc/arm-none-eabi/6.3.1/../../../../arm-none-eabi/lib/thumb/v7e-m/fpv4-sp/hard\libcr_c.a(printf.o)
                                 0x38 (size before relaxing)
 .rodata._Csys_alloc.str1.1
                0x00007c6e       0x18 d:/nxp/mcuxpressoide_10.1.1_606/ide/tools/bin/../lib/gcc/arm-none-eabi/6.3.1/../../../../arm-none-eabi/lib/thumb/v7e-m/fpv4-sp/hard\libcr_c.a(alloc.o)
 *fill*         0x00007c86        0x2 ff
 .rodata.__num_Ciob_streams
                0x00007c88        0x4 d:/nxp/mcuxpressoide_10.1.1_606/ide/tools/bin/../lib/gcc/arm-none-eabi/6.3.1/../../../../arm-none-eabi/lib/thumb/v7e-m/fpv4-sp/hard\libcr_semihost_nf.a(__ciob.o)
                0x00007c88                __num_Ciob_streams
                0x00007c8c                . = ALIGN (0x4)

.glue_7         0x00007c8c        0x0
 .glue_7        0x00007c8c        0x0 linker stubs

.glue_7t        0x00007c8c        0x0
 .glue_7t       0x00007c8c        0x0 linker stubs

.vfp11_veneer   0x00007c8c        0x0
 .vfp11_veneer  0x00007c8c        0x0 linker stubs

.v4_bx          0x00007c8c        0x0
 .v4_bx         0x00007c8c        0x0 linker stubs

.iplt           0x00007c8c        0x0
 .iplt          0x00007c8c        0x0 ./utilities/fsl_debug_console.o

.rel.dyn        0x00007c8c        0x0
 .rel.iplt      0x00007c8c        0x0 ./utilities/fsl_debug_console.o

.ARM.extab
 *(.ARM.extab* .gnu.linkonce.armextab.*)
                0x00007c8c                __exidx_start = .

.ARM.exidx
 *(.ARM.exidx* .gnu.linkonce.armexidx.*)
                0x00007c8c                __exidx_end = .
                0x00007c8c                _etext = .

.m_usb_data
 *(m_usb_bdt)

.data_RAM2      0x1fff0000        0x0 load address 0x00007c8c
 FILL mask 0xff
                [!provide]                PROVIDE (__start_data_RAM2, .)
 *(.ramfunc.$RAM2)
 *(.ramfunc.$SRAM_LOWER)
 *(.data.$RAM2*)
 *(.data.$SRAM_LOWER*)
                0x1fff0000                . = ALIGN (0x4)
                [!provide]                PROVIDE (__end_data_RAM2, .)

.data_RAM3      0x14000000        0x0 load address 0x00007c8c
 FILL mask 0xff
                [!provide]                PROVIDE (__start_data_RAM3, .)
 *(.ramfunc.$RAM3)
 *(.ramfunc.$FLEX_RAM)
 *(.data.$RAM3*)
 *(.data.$FLEX_RAM*)
                0x14000000                . = ALIGN (0x4)
                [!provide]                PROVIDE (__end_data_RAM3, .)

.uninit_RESERVED
                0x20000000        0x0
 *(.bss.$RESERVED*)
                0x20000000                . = ALIGN (0x4)
                0x20000000                _end_uninit_RESERVED = .

.data           0x20000000       0x10 load address 0x00007c8c
 FILL mask 0xff
                0x20000000                _data = .
 *(vtable)
 *(.ramfunc*)
 *(.data*)
 .data          0x20000000        0x4 ./freertos/portable/port.o
 .data          0x20000004        0x8 ./drivers/fsl_clock.o
 .data          0x2000000c        0x4 ./CMSIS/system_MK64F12.o
                0x2000000c                SystemCoreClock
                0x20000010                . = ALIGN (0x4)
                0x20000010                _edata = .

.igot.plt       0x20000010        0x0 load address 0x00007c9c
 .igot.plt      0x20000010        0x0 ./utilities/fsl_debug_console.o

.bss_RAM2       0x1fff0000        0x0
                [!provide]                PROVIDE (__start_bss_RAM2, .)
 *(.bss.$RAM2*)
 *(.bss.$SRAM_LOWER*)
                0x1fff0000                . = ALIGN ((. != 0x0)?0x4:0x1)
                [!provide]                PROVIDE (__end_bss_RAM2, .)

.bss_RAM3       0x14000000        0x0
                [!provide]                PROVIDE (__start_bss_RAM3, .)
 *(.bss.$RAM3*)
 *(.bss.$FLEX_RAM*)
                0x14000000                . = ALIGN ((. != 0x0)?0x4:0x1)
                [!provide]                PROVIDE (__end_bss_RAM3, .)

.bss            0x20000010     0x2c60
                0x20000010                _bss = .
 *(.bss*)
 .bss           0x20000010        0x8 ./utilities/fsl_io.o
 .bss           0x20000018       0x27 ./source/can_driver.o
                0x20000018                rxCompleteThrottle
                0x20000019                rxComplete
                0x2000001c                RxMessage
                0x2000002c                txFrame
                0x2000003c                errFlag
                0x2000003d                rxCompleteSteering
                0x2000003e                rxCompleteBrake
 *fill*         0x2000003f        0x1 
 .bss           0x20000040       0x18 ./source/canrx_task.o
                0x20000054                CANRxTaskHandle
 .bss           0x20000058        0x2 ./source/dac_driver.o
                0x20000058                dacConfigStruct
 *fill*         0x2000005a        0x2 
 .bss           0x2000005c        0xc ./source/dac_task.o
                0x20000060                xThrottleQueue
                0x20000064                DACTaskHandle
 .bss           0x20000068        0x4 ./source/watchdog_api.o
                0x20000068                watch_flag
 .bss           0x2000006c        0x4 ./source/watchdog_task.o
                0x2000006c                Watchdog_Task_Handle
 .bss           0x20000070       0x40 ./freertos/source/queue.o
                0x20000070                xQueueRegistry
 .bss           0x200000b0      0x1e0 ./freertos/source/tasks.o
                0x200000bc                pxCurrentTCB
 .bss           0x20000290       0x3c ./freertos/source/timers.o
 .bss           0x200002cc     0x2818 ./freertos/portable/heap_4.o
 .bss           0x20002ae4        0x8 ./freertos/portable/port.o
 .bss           0x20002aec        0x8 ./drivers/fsl_clock.o
                0x20002aec                g_xtal0Freq
                0x20002af0                g_xtal32Freq
 .bss           0x20002af4       0x94 ./drivers/fsl_flash.o
 .bss           0x20002b88        0x8 ./drivers/fsl_flexcan.o
 .bss           0x20002b90        0x4 ./drivers/fsl_smc.o
 .bss           0x20002b94       0x1c ./drivers/fsl_uart.o
 .bss.__end_of_heap
                0x20002bb0        0x4 d:/nxp/mcuxpressoide_10.1.1_606/ide/tools/bin/../lib/gcc/arm-none-eabi/6.3.1/../../../../arm-none-eabi/lib/thumb/v7e-m/fpv4-sp/hard\libcr_c.a(__init_alloc.o)
                0x20002bb0                __end_of_heap
 .bss.__heaps   0x20002bb4        0x4 d:/nxp/mcuxpressoide_10.1.1_606/ide/tools/bin/../lib/gcc/arm-none-eabi/6.3.1/../../../../arm-none-eabi/lib/thumb/v7e-m/fpv4-sp/hard\libcr_c.a(__init_alloc.o)
                0x20002bb4                __heaps
 .bss.errno     0x20002bb8        0x4 d:/nxp/mcuxpressoide_10.1.1_606/ide/tools/bin/../lib/gcc/arm-none-eabi/6.3.1/../../../../arm-none-eabi/lib/thumb/v7e-m/fpv4-sp/hard\libcr_c.a(errno.o)
                0x20002bb8                errno
 .bss.__Ciob    0x20002bbc       0xb4 d:/nxp/mcuxpressoide_10.1.1_606/ide/tools/bin/../lib/gcc/arm-none-eabi/6.3.1/../../../../arm-none-eabi/lib/thumb/v7e-m/fpv4-sp/hard\libcr_semihost_nf.a(__ciob.o)
                0x20002bbc                __Ciob
 *(COMMON)
                0x20002c70                . = ALIGN (0x4)
                0x20002c70                _ebss = .
                [!provide]                PROVIDE (end, .)

.noinit_RAM2    0x1fff0000        0x0
 *(.noinit.$RAM2*)
 *(.noinit.$SRAM_LOWER*)
                0x1fff0000                . = ALIGN (0x4)

.noinit_RAM3    0x14000000        0x0
 *(.noinit.$RAM3*)
 *(.noinit.$FLEX_RAM*)
                0x14000000                . = ALIGN (0x4)

.noinit         0x20002c70        0x0
                0x20002c70                _noinit = .
 *(.noinit*)
                0x20002c70                . = ALIGN (0x4)
                0x20002c70                _end_noinit = .
                0x00001000                _HeapSize = 0x1000

.heap           0x20002c70     0x1000
                0x20002c70                _pvHeapStart = .
                0x20003c70                . = (. + _HeapSize)
 *fill*         0x20002c70     0x1000 
                0x20003c70                . = ALIGN (0x4)
                0x20003c70                _pvHeapLimit = .
                0x00001000                _StackSize = 0x1000

.heap2stackfill
                0x20003c70     0x1000
                0x20004c70                . = (. + _StackSize)
 *fill*         0x20003c70     0x1000 

.stack          0x2002f000        0x0
                0x2002f000                _vStackBase = .
                0x2002f000                . = ALIGN (0x4)
                0x20030000                _vStackTop = (. + _StackSize)
                0x00000000                _image_start = LOADADDR (.text)
                0x00007c9c                _image_end = (LOADADDR (.data) + SIZEOF (.data))
                0x00007c9c                _image_size = (_image_end - _image_start)
OUTPUT(FSAE_VFD_ECU_K64.axf elf32-littlearm)

.debug_info     0x00000000    0x1a6f8
 .debug_info    0x00000000      0x323 ./utilities/fsl_debug_console.o
 .debug_info    0x00000323      0x918 ./utilities/fsl_io.o
 .debug_info    0x00000c3b      0x454 ./utilities/fsl_log.o
 .debug_info    0x0000108f      0xc2e ./startup/startup_mk64f12.o
 .debug_info    0x00001cbd      0x923 ./source/can_api.o
 .debug_info    0x000025e0     0x1610 ./source/can_driver.o
 .debug_info    0x00003bf0      0x9b9 ./source/canrx_task.o
 .debug_info    0x000045a9      0x92b ./source/dac_driver.o
 .debug_info    0x00004ed4      0x86e ./source/dac_task.o
 .debug_info    0x00005742      0x6d9 ./source/main.o
 .debug_info    0x00005e1b       0x37 ./source/semihost_hardfault.o
 .debug_info    0x00005e52      0x714 ./source/sensors.o
 .debug_info    0x00006566      0x871 ./source/watchdog_api.o
 .debug_info    0x00006dd7      0x83f ./source/watchdog_task.o
 .debug_info    0x00007616      0x2c4 ./freertos/source/list.o
 .debug_info    0x000078da     0x1b09 ./freertos/source/queue.o
 .debug_info    0x000093e3     0x29c9 ./freertos/source/tasks.o
 .debug_info    0x0000bdac     0x138a ./freertos/source/timers.o
 .debug_info    0x0000d136       0xe9 ./freertos/portable/fsl_tickless_systick.o
 .debug_info    0x0000d21f      0x4a5 ./freertos/portable/heap_4.o
 .debug_info    0x0000d6c4      0x538 ./freertos/portable/port.o
 .debug_info    0x0000dbfc     0x22b2 ./drivers/fsl_clock.o
 .debug_info    0x0000feae      0x89f ./drivers/fsl_dac.o
 .debug_info    0x0001074d     0x26f7 ./drivers/fsl_flash.o
 .debug_info    0x00012e44     0x246f ./drivers/fsl_flexcan.o
 .debug_info    0x000152b3      0xb2a ./drivers/fsl_smc.o
 .debug_info    0x00015ddd     0x1f77 ./drivers/fsl_uart.o
 .debug_info    0x00017d54      0x8ae ./drivers/fsl_wdog.o
 .debug_info    0x00018602      0x754 ./board/board.o
 .debug_info    0x00018d56      0xc0e ./board/clock_config.o
 .debug_info    0x00019964       0x37 ./board/peripherals.o
 .debug_info    0x0001999b      0x739 ./board/pin_mux.o
 .debug_info    0x0001a0d4      0x624 ./CMSIS/system_MK64F12.o

.debug_abbrev   0x00000000     0x47f2
 .debug_abbrev  0x00000000      0x12e ./utilities/fsl_debug_console.o
 .debug_abbrev  0x0000012e      0x259 ./utilities/fsl_io.o
 .debug_abbrev  0x00000387      0x1d4 ./utilities/fsl_log.o
 .debug_abbrev  0x0000055b      0x1ac ./startup/startup_mk64f12.o
 .debug_abbrev  0x00000707      0x1ff ./source/can_api.o
 .debug_abbrev  0x00000906      0x305 ./source/can_driver.o
 .debug_abbrev  0x00000c0b      0x1dd ./source/canrx_task.o
 .debug_abbrev  0x00000de8      0x1e0 ./source/dac_driver.o
 .debug_abbrev  0x00000fc8      0x1d9 ./source/dac_task.o
 .debug_abbrev  0x000011a1      0x169 ./source/main.o
 .debug_abbrev  0x0000130a       0x2c ./source/semihost_hardfault.o
 .debug_abbrev  0x00001336      0x168 ./source/sensors.o
 .debug_abbrev  0x0000149e      0x1fc ./source/watchdog_api.o
 .debug_abbrev  0x0000169a      0x1cc ./source/watchdog_task.o
 .debug_abbrev  0x00001866      0x12d ./freertos/source/list.o
 .debug_abbrev  0x00001993      0x332 ./freertos/source/queue.o
 .debug_abbrev  0x00001cc5      0x3e6 ./freertos/source/tasks.o
 .debug_abbrev  0x000020ab      0x30c ./freertos/source/timers.o
 .debug_abbrev  0x000023b7       0x8f ./freertos/portable/fsl_tickless_systick.o
 .debug_abbrev  0x00002446      0x25e ./freertos/portable/heap_4.o
 .debug_abbrev  0x000026a4      0x27a ./freertos/portable/port.o
 .debug_abbrev  0x0000291e      0x435 ./drivers/fsl_clock.o
 .debug_abbrev  0x00002d53      0x255 ./drivers/fsl_dac.o
 .debug_abbrev  0x00002fa8      0x393 ./drivers/fsl_flash.o
 .debug_abbrev  0x0000333b      0x435 ./drivers/fsl_flexcan.o
 .debug_abbrev  0x00003770      0x2fd ./drivers/fsl_smc.o
 .debug_abbrev  0x00003a6d      0x414 ./drivers/fsl_uart.o
 .debug_abbrev  0x00003e81      0x20e ./drivers/fsl_wdog.o
 .debug_abbrev  0x0000408f      0x1a0 ./board/board.o
 .debug_abbrev  0x0000422f      0x286 ./board/clock_config.o
 .debug_abbrev  0x000044b5       0x2c ./board/peripherals.o
 .debug_abbrev  0x000044e1      0x1d8 ./board/pin_mux.o
 .debug_abbrev  0x000046b9      0x139 ./CMSIS/system_MK64F12.o

.debug_loc      0x00000000     0xa1ee
 .debug_loc     0x00000000       0x8f ./utilities/fsl_debug_console.o
 .debug_loc     0x0000008f      0x211 ./utilities/fsl_io.o
 .debug_loc     0x000002a0      0x26c ./utilities/fsl_log.o
 .debug_loc     0x0000050c      0x19a ./startup/startup_mk64f12.o
 .debug_loc     0x000006a6       0xa5 ./source/can_api.o
 .debug_loc     0x0000074b      0x1ce ./source/can_driver.o
 .debug_loc     0x00000919       0x21 ./source/canrx_task.o
 .debug_loc     0x0000093a       0x4d ./source/dac_driver.o
 .debug_loc     0x00000987       0x21 ./source/dac_task.o
 .debug_loc     0x000009a8       0x9e ./source/sensors.o
 .debug_loc     0x00000a46       0x2c ./source/watchdog_api.o
 .debug_loc     0x00000a72       0x21 ./source/watchdog_task.o
 .debug_loc     0x00000a93       0x94 ./freertos/source/list.o
 .debug_loc     0x00000b27      0xff9 ./freertos/source/queue.o
 .debug_loc     0x00001b20     0x18fb ./freertos/source/tasks.o
 .debug_loc     0x0000341b      0xacb ./freertos/source/timers.o
 .debug_loc     0x00003ee6      0x388 ./freertos/portable/heap_4.o
 .debug_loc     0x0000426e       0xcf ./freertos/portable/port.o
 .debug_loc     0x0000433d     0x1084 ./drivers/fsl_clock.o
 .debug_loc     0x000053c1      0x2f1 ./drivers/fsl_dac.o
 .debug_loc     0x000056b2     0x1d76 ./drivers/fsl_flash.o
 .debug_loc     0x00007428     0x10d4 ./drivers/fsl_flexcan.o
 .debug_loc     0x000084fc      0x1b2 ./drivers/fsl_smc.o
 .debug_loc     0x000086ae     0x173e ./drivers/fsl_uart.o
 .debug_loc     0x00009dec      0x197 ./drivers/fsl_wdog.o
 .debug_loc     0x00009f83       0x1e ./board/board.o
 .debug_loc     0x00009fa1       0x59 ./board/clock_config.o
 .debug_loc     0x00009ffa      0x130 ./board/pin_mux.o
 .debug_loc     0x0000a12a       0xc4 ./CMSIS/system_MK64F12.o

.debug_aranges  0x00000000      0x4a0
 .debug_aranges
                0x00000000       0x20 ./utilities/fsl_debug_console.o
 .debug_aranges
                0x00000020       0x20 ./utilities/fsl_io.o
 .debug_aranges
                0x00000040       0x20 ./utilities/fsl_log.o
 .debug_aranges
                0x00000060       0x88 ./startup/startup_mk64f12.o
 .debug_aranges
                0x000000e8       0x20 ./source/can_api.o
 .debug_aranges
                0x00000108       0x20 ./source/can_driver.o
 .debug_aranges
                0x00000128       0x20 ./source/canrx_task.o
 .debug_aranges
                0x00000148       0x20 ./source/dac_driver.o
 .debug_aranges
                0x00000168       0x20 ./source/dac_task.o
 .debug_aranges
                0x00000188       0x20 ./source/main.o
 .debug_aranges
                0x000001a8       0x20 ./source/semihost_hardfault.o
 .debug_aranges
                0x000001c8       0x20 ./source/sensors.o
 .debug_aranges
                0x000001e8       0x20 ./source/watchdog_api.o
 .debug_aranges
                0x00000208       0x20 ./source/watchdog_task.o
 .debug_aranges
                0x00000228       0x20 ./freertos/source/list.o
 .debug_aranges
                0x00000248       0x30 ./freertos/source/queue.o
 .debug_aranges
                0x00000278       0x20 ./freertos/source/tasks.o
 .debug_aranges
                0x00000298       0x20 ./freertos/source/timers.o
 .debug_aranges
                0x000002b8       0x20 ./freertos/portable/fsl_tickless_systick.o
 .debug_aranges
                0x000002d8       0x28 ./freertos/portable/heap_4.o
 .debug_aranges
                0x00000300       0x20 ./freertos/portable/port.o
 .debug_aranges
                0x00000320       0x20 ./drivers/fsl_clock.o
 .debug_aranges
                0x00000340       0x20 ./drivers/fsl_dac.o
 .debug_aranges
                0x00000360       0x20 ./drivers/fsl_flash.o
 .debug_aranges
                0x00000380       0x20 ./drivers/fsl_flexcan.o
 .debug_aranges
                0x000003a0       0x20 ./drivers/fsl_smc.o
 .debug_aranges
                0x000003c0       0x20 ./drivers/fsl_uart.o
 .debug_aranges
                0x000003e0       0x20 ./drivers/fsl_wdog.o
 .debug_aranges
                0x00000400       0x20 ./board/board.o
 .debug_aranges
                0x00000420       0x20 ./board/clock_config.o
 .debug_aranges
                0x00000440       0x20 ./board/peripherals.o
 .debug_aranges
                0x00000460       0x20 ./board/pin_mux.o
 .debug_aranges
                0x00000480       0x20 ./CMSIS/system_MK64F12.o

.debug_line     0x00000000     0x5c4c
 .debug_line    0x00000000      0x19a ./utilities/fsl_debug_console.o
 .debug_line    0x0000019a      0x1e0 ./utilities/fsl_io.o
 .debug_line    0x0000037a      0x1d8 ./utilities/fsl_log.o
 .debug_line    0x00000552      0x16a ./startup/startup_mk64f12.o
 .debug_line    0x000006bc      0x248 ./source/can_api.o
 .debug_line    0x00000904      0x311 ./source/can_driver.o
 .debug_line    0x00000c15      0x2a3 ./source/canrx_task.o
 .debug_line    0x00000eb8      0x24f ./source/dac_driver.o
 .debug_line    0x00001107      0x28b ./source/dac_task.o
 .debug_line    0x00001392      0x2cd ./source/main.o
 .debug_line    0x0000165f       0x50 ./source/semihost_hardfault.o
 .debug_line    0x000016af      0x22f ./source/sensors.o
 .debug_line    0x000018de      0x282 ./source/watchdog_api.o
 .debug_line    0x00001b60      0x281 ./source/watchdog_task.o
 .debug_line    0x00001de1      0x1a4 ./freertos/source/list.o
 .debug_line    0x00001f85      0x606 ./freertos/source/queue.o
 .debug_line    0x0000258b      0x92f ./freertos/source/tasks.o
 .debug_line    0x00002eba      0x381 ./freertos/source/timers.o
 .debug_line    0x0000323b      0x139 ./freertos/portable/fsl_tickless_systick.o
 .debug_line    0x00003374      0x23c ./freertos/portable/heap_4.o
 .debug_line    0x000035b0      0x266 ./freertos/portable/port.o
 .debug_line    0x00003816      0x59e ./drivers/fsl_clock.o
 .debug_line    0x00003db4      0x1cd ./drivers/fsl_dac.o
 .debug_line    0x00003f81      0x59b ./drivers/fsl_flash.o
 .debug_line    0x0000451c      0x5f3 ./drivers/fsl_flexcan.o
 .debug_line    0x00004b0f      0x2a6 ./drivers/fsl_smc.o
 .debug_line    0x00004db5      0x53a ./drivers/fsl_uart.o
 .debug_line    0x000052ef      0x238 ./drivers/fsl_wdog.o
 .debug_line    0x00005527      0x1c9 ./board/board.o
 .debug_line    0x000056f0      0x214 ./board/clock_config.o
 .debug_line    0x00005904       0x46 ./board/peripherals.o
 .debug_line    0x0000594a      0x19a ./board/pin_mux.o
 .debug_line    0x00005ae4      0x168 ./CMSIS/system_MK64F12.o

.debug_str      0x00000000     0x95b9
 .debug_str     0x00000000      0x378 ./utilities/fsl_debug_console.o
                                0x3c2 (size before relaxing)
 .debug_str     0x00000378      0xa30 ./utilities/fsl_io.o
                                0xce8 (size before relaxing)
 .debug_str     0x00000da8       0x64 ./utilities/fsl_log.o
                                0x398 (size before relaxing)
 .debug_str     0x00000e0c      0x7ff ./startup/startup_mk64f12.o
                                0x8fe (size before relaxing)
 .debug_str     0x0000160b      0x5e7 ./source/can_api.o
                                0x8a0 (size before relaxing)
 .debug_str     0x00001bf2      0xb4b ./source/can_driver.o
                               0x1965 (size before relaxing)
 .debug_str     0x0000273d      0x10d ./source/canrx_task.o
                                0xd8b (size before relaxing)
 .debug_str     0x0000284a      0x172 ./source/dac_driver.o
                                0xd70 (size before relaxing)
 .debug_str     0x000029bc       0x71 ./source/dac_task.o
                                0xcb3 (size before relaxing)
 .debug_str     0x00002a2d       0x9e ./source/main.o
                                0x789 (size before relaxing)
 .debug_str     0x00002acb       0x1f ./source/semihost_hardfault.o
                                0x105 (size before relaxing)
 .debug_str     0x00002aea       0x19 ./source/sensors.o
                                0x804 (size before relaxing)
 .debug_str     0x00002b03      0x30d ./source/watchdog_api.o
                                0x9d8 (size before relaxing)
 .debug_str     0x00002e10       0x6d ./source/watchdog_task.o
                                0xcc1 (size before relaxing)
 .debug_str     0x00002e7d      0x143 ./freertos/source/list.o
                                0x300 (size before relaxing)
 .debug_str     0x00002fc0      0x6e8 ./freertos/source/queue.o
                                0xa1c (size before relaxing)
 .debug_str     0x000036a8      0xadc ./freertos/source/tasks.o
                               0x110c (size before relaxing)
 .debug_str     0x00004184      0x4c5 ./freertos/source/timers.o
                                0x955 (size before relaxing)
 .debug_str     0x00004649       0x45 ./freertos/portable/fsl_tickless_systick.o
                                0x20c (size before relaxing)
 .debug_str     0x0000468e      0x1b1 ./freertos/portable/heap_4.o
                                0x3d5 (size before relaxing)
 .debug_str     0x0000483f      0x118 ./freertos/portable/port.o
                                0x43d (size before relaxing)
 .debug_str     0x00004957      0xfd7 ./drivers/fsl_clock.o
                               0x1ca9 (size before relaxing)
 .debug_str     0x0000592e      0x2c2 ./drivers/fsl_dac.o
                                0x8cd (size before relaxing)
 .debug_str     0x00005bf0     0x1b68 ./drivers/fsl_flash.o
                               0x2445 (size before relaxing)
 .debug_str     0x00007758      0xc27 ./drivers/fsl_flexcan.o
                               0x1b57 (size before relaxing)
 .debug_str     0x0000837f      0x36f ./drivers/fsl_smc.o
                                0xcde (size before relaxing)
 .debug_str     0x000086ee      0x944 ./drivers/fsl_uart.o
                               0x1e0c (size before relaxing)
 .debug_str     0x00009032      0x1b5 ./drivers/fsl_wdog.o
                                0x6e5 (size before relaxing)
 .debug_str     0x000091e7       0x20 ./board/board.o
                                0x72c (size before relaxing)
 .debug_str     0x00009207      0x1fb ./board/clock_config.o
                                0xf01 (size before relaxing)
 .debug_str     0x00009402       0x17 ./board/peripherals.o
                                0x105 (size before relaxing)
 .debug_str     0x00009419      0x164 ./board/pin_mux.o
                                0x6c7 (size before relaxing)
 .debug_str     0x0000957d       0x3c ./CMSIS/system_MK64F12.o
                                0x3a8 (size before relaxing)

.comment        0x00000000       0x7f
 .comment       0x00000000       0x7f ./utilities/fsl_debug_console.o
                                 0x80 (size before relaxing)
 .comment       0x0000007f       0x80 ./utilities/fsl_io.o
 .comment       0x0000007f       0x80 ./utilities/fsl_log.o
 .comment       0x0000007f       0x80 ./startup/startup_mk64f12.o
 .comment       0x0000007f       0x80 ./source/can_api.o
 .comment       0x0000007f       0x80 ./source/can_driver.o
 .comment       0x0000007f       0x80 ./source/canrx_task.o
 .comment       0x0000007f       0x80 ./source/dac_driver.o
 .comment       0x0000007f       0x80 ./source/dac_task.o
 .comment       0x0000007f       0x80 ./source/main.o
 .comment       0x0000007f       0x80 ./source/semihost_hardfault.o
 .comment       0x0000007f       0x80 ./source/sensors.o
 .comment       0x0000007f       0x80 ./source/watchdog_api.o
 .comment       0x0000007f       0x80 ./source/watchdog_task.o
 .comment       0x0000007f       0x80 ./freertos/source/list.o
 .comment       0x0000007f       0x80 ./freertos/source/queue.o
 .comment       0x0000007f       0x80 ./freertos/source/tasks.o
 .comment       0x0000007f       0x80 ./freertos/source/timers.o
 .comment       0x0000007f       0x80 ./freertos/portable/fsl_tickless_systick.o
 .comment       0x0000007f       0x80 ./freertos/portable/heap_4.o
 .comment       0x0000007f       0x80 ./freertos/portable/port.o
 .comment       0x0000007f       0x80 ./drivers/fsl_clock.o
 .comment       0x0000007f       0x80 ./drivers/fsl_dac.o
 .comment       0x0000007f       0x80 ./drivers/fsl_flash.o
 .comment       0x0000007f       0x80 ./drivers/fsl_flexcan.o
 .comment       0x0000007f       0x80 ./drivers/fsl_smc.o
 .comment       0x0000007f       0x80 ./drivers/fsl_uart.o
 .comment       0x0000007f       0x80 ./drivers/fsl_wdog.o
 .comment       0x0000007f       0x80 ./board/board.o
 .comment       0x0000007f       0x80 ./board/clock_config.o
 .comment       0x0000007f       0x80 ./board/peripherals.o
 .comment       0x0000007f       0x80 ./board/pin_mux.o
 .comment       0x0000007f       0x80 ./CMSIS/system_MK64F12.o
 .comment       0x0000007f       0x80 d:/nxp/mcuxpressoide_10.1.1_606/ide/tools/bin/../lib/gcc/arm-none-eabi/6.3.1/../../../../arm-none-eabi/lib/thumb/v7e-m/fpv4-sp/hard\libcr_semihost_nf.a(_cr__main.o)
 .comment       0x0000007f       0x80 d:/nxp/mcuxpressoide_10.1.1_606/ide/tools/bin/../lib/gcc/arm-none-eabi/6.3.1/../../../../arm-none-eabi/lib/thumb/v7e-m/fpv4-sp/hard\libcr_c.a(memcpy.o)
 .comment       0x0000007f       0x80 d:/nxp/mcuxpressoide_10.1.1_606/ide/tools/bin/../lib/gcc/arm-none-eabi/6.3.1/../../../../arm-none-eabi/lib/thumb/v7e-m/fpv4-sp/hard\libcr_c.a(memset.o)
 .comment       0x0000007f       0x80 d:/nxp/mcuxpressoide_10.1.1_606/ide/tools/bin/../lib/gcc/arm-none-eabi/6.3.1/../../../../arm-none-eabi/lib/thumb/v7e-m/fpv4-sp/hard\libcr_c.a(initio.o)
 .comment       0x0000007f       0x80 d:/nxp/mcuxpressoide_10.1.1_606/ide/tools/bin/../lib/gcc/arm-none-eabi/6.3.1/../../../../arm-none-eabi/lib/thumb/v7e-m/fpv4-sp/hard\libcr_c.a(printf.o)
 .comment       0x0000007f       0x80 d:/nxp/mcuxpressoide_10.1.1_606/ide/tools/bin/../lib/gcc/arm-none-eabi/6.3.1/../../../../arm-none-eabi/lib/thumb/v7e-m/fpv4-sp/hard\libcr_c.a(setvbuf.o)
 .comment       0x0000007f       0x80 d:/nxp/mcuxpressoide_10.1.1_606/ide/tools/bin/../lib/gcc/arm-none-eabi/6.3.1/../../../../arm-none-eabi/lib/thumb/v7e-m/fpv4-sp/hard\libcr_c.a(strlen.o)
 .comment       0x0000007f       0x80 d:/nxp/mcuxpressoide_10.1.1_606/ide/tools/bin/../lib/gcc/arm-none-eabi/6.3.1/../../../../arm-none-eabi/lib/thumb/v7e-m/fpv4-sp/hard\libcr_c.a(_deferredlazyseek.o)
 .comment       0x0000007f       0x80 d:/nxp/mcuxpressoide_10.1.1_606/ide/tools/bin/../lib/gcc/arm-none-eabi/6.3.1/../../../../arm-none-eabi/lib/thumb/v7e-m/fpv4-sp/hard\libcr_c.a(_fdopen.o)
 .comment       0x0000007f       0x80 d:/nxp/mcuxpressoide_10.1.1_606/ide/tools/bin/../lib/gcc/arm-none-eabi/6.3.1/../../../../arm-none-eabi/lib/thumb/v7e-m/fpv4-sp/hard\libcr_c.a(_fflush.o)
 .comment       0x0000007f       0x80 d:/nxp/mcuxpressoide_10.1.1_606/ide/tools/bin/../lib/gcc/arm-none-eabi/6.3.1/../../../../arm-none-eabi/lib/thumb/v7e-m/fpv4-sp/hard\libcr_c.a(_writebuf.o)
 .comment       0x0000007f       0x80 d:/nxp/mcuxpressoide_10.1.1_606/ide/tools/bin/../lib/gcc/arm-none-eabi/6.3.1/../../../../arm-none-eabi/lib/thumb/v7e-m/fpv4-sp/hard\libcr_c.a(alloc.o)
 .comment       0x0000007f       0x80 d:/nxp/mcuxpressoide_10.1.1_606/ide/tools/bin/../lib/gcc/arm-none-eabi/6.3.1/../../../../arm-none-eabi/lib/thumb/v7e-m/fpv4-sp/hard\libcr_c.a(fclose.o)
 .comment       0x0000007f       0x80 d:/nxp/mcuxpressoide_10.1.1_606/ide/tools/bin/../lib/gcc/arm-none-eabi/6.3.1/../../../../arm-none-eabi/lib/thumb/v7e-m/fpv4-sp/hard\libcr_c.a(fflush.o)
 .comment       0x0000007f       0x80 d:/nxp/mcuxpressoide_10.1.1_606/ide/tools/bin/../lib/gcc/arm-none-eabi/6.3.1/../../../../arm-none-eabi/lib/thumb/v7e-m/fpv4-sp/hard\libcr_c.a(fseek.o)
 .comment       0x0000007f       0x80 d:/nxp/mcuxpressoide_10.1.1_606/ide/tools/bin/../lib/gcc/arm-none-eabi/6.3.1/../../../../arm-none-eabi/lib/thumb/v7e-m/fpv4-sp/hard\libcr_c.a(ftell.o)
 .comment       0x0000007f       0x80 d:/nxp/mcuxpressoide_10.1.1_606/ide/tools/bin/../lib/gcc/arm-none-eabi/6.3.1/../../../../arm-none-eabi/lib/thumb/v7e-m/fpv4-sp/hard\libcr_c.a(remove.o)
 .comment       0x0000007f       0x80 d:/nxp/mcuxpressoide_10.1.1_606/ide/tools/bin/../lib/gcc/arm-none-eabi/6.3.1/../../../../arm-none-eabi/lib/thumb/v7e-m/fpv4-sp/hard\libcr_c.a(__init_alloc.o)
 .comment       0x0000007f       0x80 d:/nxp/mcuxpressoide_10.1.1_606/ide/tools/bin/../lib/gcc/arm-none-eabi/6.3.1/../../../../arm-none-eabi/lib/thumb/v7e-m/fpv4-sp/hard\libcr_c.a(_cr_sbrk.o)
 .comment       0x0000007f       0x80 d:/nxp/mcuxpressoide_10.1.1_606/ide/tools/bin/../lib/gcc/arm-none-eabi/6.3.1/../../../../arm-none-eabi/lib/thumb/v7e-m/fpv4-sp/hard\libcr_c.a(_do_fflush.o)
 .comment       0x0000007f       0x80 d:/nxp/mcuxpressoide_10.1.1_606/ide/tools/bin/../lib/gcc/arm-none-eabi/6.3.1/../../../../arm-none-eabi/lib/thumb/v7e-m/fpv4-sp/hard\libcr_c.a(errno.o)
 .comment       0x0000007f       0x80 d:/nxp/mcuxpressoide_10.1.1_606/ide/tools/bin/../lib/gcc/arm-none-eabi/6.3.1/../../../../arm-none-eabi/lib/thumb/v7e-m/fpv4-sp/hard\libcr_c.a(_cr_check_heap.o)
 .comment       0x0000007f       0x80 d:/nxp/mcuxpressoide_10.1.1_606/ide/tools/bin/../lib/gcc/arm-none-eabi/6.3.1/../../../../arm-none-eabi/lib/thumb/v7e-m/fpv4-sp/hard\libcr_semihost_nf.a(__ciob.o)

.ARM.attributes
                0x00000000       0x37
 .ARM.attributes
                0x00000000       0x39 ./utilities/fsl_debug_console.o
 .ARM.attributes
                0x00000039       0x39 ./utilities/fsl_io.o
 .ARM.attributes
                0x00000072       0x39 ./utilities/fsl_log.o
 .ARM.attributes
                0x000000ab       0x39 ./startup/startup_mk64f12.o
 .ARM.attributes
                0x000000e4       0x39 ./source/can_api.o
 .ARM.attributes
                0x0000011d       0x39 ./source/can_driver.o
 .ARM.attributes
                0x00000156       0x39 ./source/canrx_task.o
 .ARM.attributes
                0x0000018f       0x39 ./source/dac_driver.o
 .ARM.attributes
                0x000001c8       0x39 ./source/dac_task.o
 .ARM.attributes
                0x00000201       0x39 ./source/main.o
 .ARM.attributes
                0x0000023a       0x39 ./source/semihost_hardfault.o
 .ARM.attributes
                0x00000273       0x39 ./source/sensors.o
 .ARM.attributes
                0x000002ac       0x39 ./source/watchdog_api.o
 .ARM.attributes
                0x000002e5       0x39 ./source/watchdog_task.o
 .ARM.attributes
                0x0000031e       0x39 ./freertos/source/list.o
 .ARM.attributes
                0x00000357       0x39 ./freertos/source/queue.o
 .ARM.attributes
                0x00000390       0x39 ./freertos/source/tasks.o
 .ARM.attributes
                0x000003c9       0x39 ./freertos/source/timers.o
 .ARM.attributes
                0x00000402       0x39 ./freertos/portable/fsl_tickless_systick.o
 .ARM.attributes
                0x0000043b       0x39 ./freertos/portable/heap_4.o
 .ARM.attributes
                0x00000474       0x39 ./freertos/portable/port.o
 .ARM.attributes
                0x000004ad       0x39 ./drivers/fsl_clock.o
 .ARM.attributes
                0x000004e6       0x39 ./drivers/fsl_dac.o
 .ARM.attributes
                0x0000051f       0x39 ./drivers/fsl_flash.o
 .ARM.attributes
                0x00000558       0x39 ./drivers/fsl_flexcan.o
 .ARM.attributes
                0x00000591       0x39 ./drivers/fsl_smc.o
 .ARM.attributes
                0x000005ca       0x39 ./drivers/fsl_uart.o
 .ARM.attributes
                0x00000603       0x39 ./drivers/fsl_wdog.o
 .ARM.attributes
                0x0000063c       0x39 ./board/board.o
 .ARM.attributes
                0x00000675       0x39 ./board/clock_config.o
 .ARM.attributes
                0x000006ae       0x39 ./board/peripherals.o
 .ARM.attributes
                0x000006e7       0x39 ./board/pin_mux.o
 .ARM.attributes
                0x00000720       0x39 ./CMSIS/system_MK64F12.o
 .ARM.attributes
                0x00000759       0x39 d:/nxp/mcuxpressoide_10.1.1_606/ide/tools/bin/../lib/gcc/arm-none-eabi/6.3.1/../../../../arm-none-eabi/lib/thumb/v7e-m/fpv4-sp/hard\libcr_semihost_nf.a(_cr__main.o)
 .ARM.attributes
                0x00000792       0x39 d:/nxp/mcuxpressoide_10.1.1_606/ide/tools/bin/../lib/gcc/arm-none-eabi/6.3.1/../../../../arm-none-eabi/lib/thumb/v7e-m/fpv4-sp/hard\libcr_c.a(memcpy.o)
 .ARM.attributes
                0x000007cb       0x39 d:/nxp/mcuxpressoide_10.1.1_606/ide/tools/bin/../lib/gcc/arm-none-eabi/6.3.1/../../../../arm-none-eabi/lib/thumb/v7e-m/fpv4-sp/hard\libcr_c.a(memset.o)
 .ARM.attributes
                0x00000804       0x39 d:/nxp/mcuxpressoide_10.1.1_606/ide/tools/bin/../lib/gcc/arm-none-eabi/6.3.1/../../../../arm-none-eabi/lib/thumb/v7e-m/fpv4-sp/hard\libcr_c.a(initio.o)
 .ARM.attributes
                0x0000083d       0x39 d:/nxp/mcuxpressoide_10.1.1_606/ide/tools/bin/../lib/gcc/arm-none-eabi/6.3.1/../../../../arm-none-eabi/lib/thumb/v7e-m/fpv4-sp/hard\libcr_c.a(printf.o)
 .ARM.attributes
                0x00000876       0x39 d:/nxp/mcuxpressoide_10.1.1_606/ide/tools/bin/../lib/gcc/arm-none-eabi/6.3.1/../../../../arm-none-eabi/lib/thumb/v7e-m/fpv4-sp/hard\libcr_c.a(setvbuf.o)
 .ARM.attributes
                0x000008af       0x39 d:/nxp/mcuxpressoide_10.1.1_606/ide/tools/bin/../lib/gcc/arm-none-eabi/6.3.1/../../../../arm-none-eabi/lib/thumb/v7e-m/fpv4-sp/hard\libcr_c.a(strlen.o)
 .ARM.attributes
                0x000008e8       0x39 d:/nxp/mcuxpressoide_10.1.1_606/ide/tools/bin/../lib/gcc/arm-none-eabi/6.3.1/../../../../arm-none-eabi/lib/thumb/v7e-m/fpv4-sp/hard\libcr_c.a(_deferredlazyseek.o)
 .ARM.attributes
                0x00000921       0x39 d:/nxp/mcuxpressoide_10.1.1_606/ide/tools/bin/../lib/gcc/arm-none-eabi/6.3.1/../../../../arm-none-eabi/lib/thumb/v7e-m/fpv4-sp/hard\libcr_c.a(_fdopen.o)
 .ARM.attributes
                0x0000095a       0x39 d:/nxp/mcuxpressoide_10.1.1_606/ide/tools/bin/../lib/gcc/arm-none-eabi/6.3.1/../../../../arm-none-eabi/lib/thumb/v7e-m/fpv4-sp/hard\libcr_c.a(_fflush.o)
 .ARM.attributes
                0x00000993       0x39 d:/nxp/mcuxpressoide_10.1.1_606/ide/tools/bin/../lib/gcc/arm-none-eabi/6.3.1/../../../../arm-none-eabi/lib/thumb/v7e-m/fpv4-sp/hard\libcr_c.a(_writebuf.o)
 .ARM.attributes
                0x000009cc       0x39 d:/nxp/mcuxpressoide_10.1.1_606/ide/tools/bin/../lib/gcc/arm-none-eabi/6.3.1/../../../../arm-none-eabi/lib/thumb/v7e-m/fpv4-sp/hard\libcr_c.a(alloc.o)
 .ARM.attributes
                0x00000a05       0x39 d:/nxp/mcuxpressoide_10.1.1_606/ide/tools/bin/../lib/gcc/arm-none-eabi/6.3.1/../../../../arm-none-eabi/lib/thumb/v7e-m/fpv4-sp/hard\libcr_c.a(fclose.o)
 .ARM.attributes
                0x00000a3e       0x39 d:/nxp/mcuxpressoide_10.1.1_606/ide/tools/bin/../lib/gcc/arm-none-eabi/6.3.1/../../../../arm-none-eabi/lib/thumb/v7e-m/fpv4-sp/hard\libcr_c.a(fflush.o)
 .ARM.attributes
                0x00000a77       0x39 d:/nxp/mcuxpressoide_10.1.1_606/ide/tools/bin/../lib/gcc/arm-none-eabi/6.3.1/../../../../arm-none-eabi/lib/thumb/v7e-m/fpv4-sp/hard\libcr_c.a(fseek.o)
 .ARM.attributes
                0x00000ab0       0x39 d:/nxp/mcuxpressoide_10.1.1_606/ide/tools/bin/../lib/gcc/arm-none-eabi/6.3.1/../../../../arm-none-eabi/lib/thumb/v7e-m/fpv4-sp/hard\libcr_c.a(ftell.o)
 .ARM.attributes
                0x00000ae9       0x39 d:/nxp/mcuxpressoide_10.1.1_606/ide/tools/bin/../lib/gcc/arm-none-eabi/6.3.1/../../../../arm-none-eabi/lib/thumb/v7e-m/fpv4-sp/hard\libcr_c.a(remove.o)
 .ARM.attributes
                0x00000b22       0x39 d:/nxp/mcuxpressoide_10.1.1_606/ide/tools/bin/../lib/gcc/arm-none-eabi/6.3.1/../../../../arm-none-eabi/lib/thumb/v7e-m/fpv4-sp/hard\libcr_c.a(__init_alloc.o)
 .ARM.attributes
                0x00000b5b       0x39 d:/nxp/mcuxpressoide_10.1.1_606/ide/tools/bin/../lib/gcc/arm-none-eabi/6.3.1/../../../../arm-none-eabi/lib/thumb/v7e-m/fpv4-sp/hard\libcr_c.a(_cr_sbrk.o)
 .ARM.attributes
                0x00000b94       0x39 d:/nxp/mcuxpressoide_10.1.1_606/ide/tools/bin/../lib/gcc/arm-none-eabi/6.3.1/../../../../arm-none-eabi/lib/thumb/v7e-m/fpv4-sp/hard\libcr_c.a(_do_fflush.o)
 .ARM.attributes
                0x00000bcd       0x39 d:/nxp/mcuxpressoide_10.1.1_606/ide/tools/bin/../lib/gcc/arm-none-eabi/6.3.1/../../../../arm-none-eabi/lib/thumb/v7e-m/fpv4-sp/hard\libcr_c.a(errno.o)
 .ARM.attributes
                0x00000c06       0x39 d:/nxp/mcuxpressoide_10.1.1_606/ide/tools/bin/../lib/gcc/arm-none-eabi/6.3.1/../../../../arm-none-eabi/lib/thumb/v7e-m/fpv4-sp/hard\libcr_c.a(_cr_check_heap.o)
 .ARM.attributes
                0x00000c3f       0x25 d:/nxp/mcuxpressoide_10.1.1_606/ide/tools/bin/../lib/gcc/arm-none-eabi/6.3.1/thumb/v7e-m/fpv4-sp/hard\libcr_eabihelpers.a(memcpy.o)
 .ARM.attributes
                0x00000c64       0x39 d:/nxp/mcuxpressoide_10.1.1_606/ide/tools/bin/../lib/gcc/arm-none-eabi/6.3.1/../../../../arm-none-eabi/lib/thumb/v7e-m/fpv4-sp/hard\libcr_semihost_nf.a(__ciob.o)
 .ARM.attributes
                0x00000c9d       0x25 d:/nxp/mcuxpressoide_10.1.1_606/ide/tools/bin/../lib/gcc/arm-none-eabi/6.3.1/../../../../arm-none-eabi/lib/thumb/v7e-m/fpv4-sp/hard\libcr_semihost_nf.a(__sys_appexit.o)
 .ARM.attributes
                0x00000cc2       0x25 d:/nxp/mcuxpressoide_10.1.1_606/ide/tools/bin/../lib/gcc/arm-none-eabi/6.3.1/../../../../arm-none-eabi/lib/thumb/v7e-m/fpv4-sp/hard\libcr_semihost_nf.a(__sys_close.o)
 .ARM.attributes
                0x00000ce7       0x25 d:/nxp/mcuxpressoide_10.1.1_606/ide/tools/bin/../lib/gcc/arm-none-eabi/6.3.1/../../../../arm-none-eabi/lib/thumb/v7e-m/fpv4-sp/hard\libcr_semihost_nf.a(__sys_flen.o)
 .ARM.attributes
                0x00000d0c       0x25 d:/nxp/mcuxpressoide_10.1.1_606/ide/tools/bin/../lib/gcc/arm-none-eabi/6.3.1/../../../../arm-none-eabi/lib/thumb/v7e-m/fpv4-sp/hard\libcr_semihost_nf.a(__sys_istty.o)
 .ARM.attributes
                0x00000d31       0x25 d:/nxp/mcuxpressoide_10.1.1_606/ide/tools/bin/../lib/gcc/arm-none-eabi/6.3.1/../../../../arm-none-eabi/lib/thumb/v7e-m/fpv4-sp/hard\libcr_semihost_nf.a(__sys_remove.o)
 .ARM.attributes
                0x00000d56       0x25 d:/nxp/mcuxpressoide_10.1.1_606/ide/tools/bin/../lib/gcc/arm-none-eabi/6.3.1/../../../../arm-none-eabi/lib/thumb/v7e-m/fpv4-sp/hard\libcr_semihost_nf.a(__sys_seek.o)
 .ARM.attributes
                0x00000d7b       0x25 d:/nxp/mcuxpressoide_10.1.1_606/ide/tools/bin/../lib/gcc/arm-none-eabi/6.3.1/../../../../arm-none-eabi/lib/thumb/v7e-m/fpv4-sp/hard\libcr_semihost_nf.a(__sys_tmpnam.o)
 .ARM.attributes
                0x00000da0       0x25 d:/nxp/mcuxpressoide_10.1.1_606/ide/tools/bin/../lib/gcc/arm-none-eabi/6.3.1/../../../../arm-none-eabi/lib/thumb/v7e-m/fpv4-sp/hard\libcr_semihost_nf.a(__sys_write.o)

.debug_frame    0x00000000     0x2c28
 .debug_frame   0x00000000       0x54 ./utilities/fsl_debug_console.o
 .debug_frame   0x00000054       0x84 ./utilities/fsl_io.o
 .debug_frame   0x000000d8       0xb4 ./utilities/fsl_log.o
 .debug_frame   0x0000018c      0x90c ./startup/startup_mk64f12.o
 .debug_frame   0x00000a98       0x80 ./source/can_api.o
 .debug_frame   0x00000b18       0x8c ./source/can_driver.o
 .debug_frame   0x00000ba4       0x44 ./source/canrx_task.o
 .debug_frame   0x00000be8       0x44 ./source/dac_driver.o
 .debug_frame   0x00000c2c       0x40 ./source/dac_task.o
 .debug_frame   0x00000c6c       0x28 ./source/main.o
 .debug_frame   0x00000c94       0x20 ./source/semihost_hardfault.o
 .debug_frame   0x00000cb4       0x50 ./source/sensors.o
 .debug_frame   0x00000d04       0x54 ./source/watchdog_api.o
 .debug_frame   0x00000d58       0x40 ./source/watchdog_task.o
 .debug_frame   0x00000d98       0x6c ./freertos/source/list.o
 .debug_frame   0x00000e04      0x30c ./freertos/source/queue.o
 .debug_frame   0x00001110      0x5c0 ./freertos/source/tasks.o
 .debug_frame   0x000016d0      0x1cc ./freertos/source/timers.o
 .debug_frame   0x0000189c       0x20 ./freertos/portable/fsl_tickless_systick.o
 .debug_frame   0x000018bc       0xa4 ./freertos/portable/heap_4.o
 .debug_frame   0x00001960       0xe0 ./freertos/portable/port.o
 .debug_frame   0x00001a40      0x494 ./drivers/fsl_clock.o
 .debug_frame   0x00001ed4       0xd4 ./drivers/fsl_dac.o
 .debug_frame   0x00001fa8      0x3bc ./drivers/fsl_flash.o
 .debug_frame   0x00002364      0x308 ./drivers/fsl_flexcan.o
 .debug_frame   0x0000266c       0xe0 ./drivers/fsl_smc.o
 .debug_frame   0x0000274c      0x34c ./drivers/fsl_uart.o
 .debug_frame   0x00002a98       0x94 ./drivers/fsl_wdog.o
 .debug_frame   0x00002b2c       0x2c ./board/board.o
 .debug_frame   0x00002b58       0x50 ./board/clock_config.o
 .debug_frame   0x00002ba8       0x20 ./board/peripherals.o
 .debug_frame   0x00002bc8       0x30 ./board/pin_mux.o
 .debug_frame   0x00002bf8       0x30 ./CMSIS/system_MK64F12.o

.debug_ranges   0x00000000      0x7a8
 .debug_ranges  0x00000000       0x78 ./startup/startup_mk64f12.o
 .debug_ranges  0x00000078       0x50 ./source/can_driver.o
 .debug_ranges  0x000000c8       0x10 ./source/main.o
 .debug_ranges  0x000000d8      0x110 ./freertos/source/queue.o
 .debug_ranges  0x000001e8      0x110 ./freertos/source/tasks.o
 .debug_ranges  0x000002f8       0x90 ./freertos/source/timers.o
 .debug_ranges  0x00000388       0x18 ./freertos/portable/heap_4.o
 .debug_ranges  0x000003a0       0x18 ./freertos/portable/port.o
 .debug_ranges  0x000003b8       0xc8 ./drivers/fsl_clock.o
 .debug_ranges  0x00000480       0x38 ./drivers/fsl_dac.o
 .debug_ranges  0x000004b8      0x168 ./drivers/fsl_flash.o
 .debug_ranges  0x00000620       0x98 ./drivers/fsl_flexcan.o
 .debug_ranges  0x000006b8       0x78 ./drivers/fsl_uart.o
 .debug_ranges  0x00000730       0x60 ./board/clock_config.o
 .debug_ranges  0x00000790       0x18 ./board/pin_mux.o
